=------------------------------------------------------------------------------=

     CP: variable-cell Car-Parrinello molecular dynamics
     using norm-conserving and ultrasoft Vanderbilt pseudopotentials

     Version: 4.1 - Fri Nov 19 18:50:58 EST 2010                          
     Authors: Alfredo Pasquarello, Kari Laasonen, Andrea Trave, Roberto Car,
       Paolo Giannozzi, Nicola Marzari, Carlo Cavazzoni, Guido Chiarotti,
       Sandro Scandolo, Paolo Focher, Gerardo Ballabio, and others

=------------------------------------------------------------------------------=

   This run was started on:  10:36:44  20Nov2010               

   MPI Parallel Build
   Tasks =    6  This task id =    0

   Job Title: MD Simulation


   Atomic Pseudopotentials Parameters
   ----------------------------------

   Reading pseudopotential for specie #  1 from file :
   ../../pseudo/H.pz-vbc.UPF
   file type is 20: UPF


   Main Simulation Parameters (from input)
   ---------------------------------------
   Restart Mode       =       1   restart        
   Number of MD Steps =     200
   Print out every            1 MD Steps
   Reads from unit    =      95
   Writes to unit     =      96
   MD Simulation time step            =      15.00
   Electronic fictitious mass (emass) =    1000.00
   emass cut-off                      =       3.00

   Simulation Cell Parameters (from input)
   external pressure       =            0.00 [GPa]
   wmass (calculated)      =          277.05 [AU]
   ibrav =    1
   alat  =    25.00000000
   a1    =    25.00000000    0.00000000    0.00000000
   a2    =     0.00000000   25.00000000    0.00000000
   a3    =     0.00000000    0.00000000   25.00000000
 
   b1    =     0.04000000    0.00000000    0.00000000
   b2    =     0.00000000    0.04000000    0.00000000
   b3    =     0.00000000    0.00000000    0.04000000
   omega = 15625.00000000

   Energy Cut-offs
   ---------------
   Ecutwfc =   35.0 Ry,      Ecutrho =  140.0 Ry,      Ecuts =  140.0 Ry
   Gcutwfc =   23.5     ,    Gcutrho =   47.1          Gcuts =   47.1
   NOTA BENE: refg, mmx =   0.050000  5600
   Eigenvalues calculated without the kinetic term contribution
   Orthog. with lagrange multipliers : eps =   0.10E-07,  max = 500
   verlet algorithm for electron dynamics
   with friction frice =  0.0500 , grease =  1.0000
   Electron dynamics : the temperature is not controlled

   Electronic states
   -----------------
   Local Spin Density calculation
   Number of Electron =     2
   Spins up   =     1, occupations: 
   1.00
   Spins down =     1, occupations: 
   1.00


   Exchange and correlations functionals
   -------------------------------------
   Using Local Density Approximation with
     Exchange functional: SLATER                                                      
     Correlation functional: PERDEW AND ZUNGER                                           
     Exchange-correlation      =  SLA  PZ   NOGX NOGC (1100)


   Ions Simulation Parameters
   --------------------------
   Ions are not allowed to move
   Ionic position (from input)
   sorted by specie, and converted to real a.u. coordinates
   Species   1 atoms =    2 mass =      1822.89 (a.u.),         1.00 (amu) rcmax =   1.00 (a.u.)
        0.000000     0.000000    -1.000000
        0.000000     0.000000     1.000000
   Ionic position will be re-read from restart file


   Cell Dynamics Parameters (from STDIN)
   -------------------------------------
   Starting cell generated from CELLDM
   Cell parameters will be re-read from restart file
   Constant VOLUME Molecular dynamics
   cell parameters are not allowed to move

   Verbosity: iprsta =  1



   Simulation dimensions initialization
   ------------------------------------

   unit vectors of full simulation cell
   in real space:                         in reciprocal space (units 2pi/alat):
   1    25.0000    0.0000    0.0000              1.0000    0.0000    0.0000
   2     0.0000   25.0000    0.0000              0.0000    1.0000    0.0000
   3     0.0000    0.0000   25.0000              0.0000    0.0000    1.0000
 
   Stick Mesh
   ----------
   nst =  3485,  nstw =   875, nsts =  3485
        PEs    n.st   n.stw   n.sts    n.g    n.gw   n.gs
          1    1162     292    1162   72842    9132   72842
          2    1162     292    1162   72842    9132   72842
          3    1163     291    1163   72841    9137   72841
          4    1160     292    1160   72840    9132   72840
          5    1160     292    1160   72840    9132   72840
          6    1162     290    1162   72842    9130   72842
          0    6969    1749    6969  437047   54795  437047
 
 
   Real Mesh
   ---------
   Global Dimensions   Local  Dimensions   Processor Grid
   .X.   .Y.   .Z.     .X.   .Y.   .Z.     .X.   .Y.   .Z.
    96    96    96      96    96    16       1     1     6
   Array leading dimensions ( nr1x, nr2x, nr3x )   =     96    96    96
   Local number of cell to store the grid ( nnrx ) =     147456
   Number of x-y planes for each processors: 
   nr3l =    16   16   16   16   16   16
 
   Smooth Real Mesh
   ----------------
   Global Dimensions   Local  Dimensions   Processor Grid
   .X.   .Y.   .Z.     .X.   .Y.   .Z.     .X.   .Y.   .Z.
    96    96    96      96    96    16       1     1     6
   Array leading dimensions ( nr1x, nr2x, nr3x )   =     96    96    96
   Local number of cell to store the grid ( nnrx ) =     147456
   Number of x-y planes for each processors: 
   nr3sl =    16   16   16   16   16   16
 
   Reciprocal Space Mesh
   ---------------------
                Large Mesh
   PE   Global(ngmt)     Local(ngm) MaxLocal(ngmx)
    1         218524          36421          36421
    2         218524          36421          36421
    3         218524          36421          36421
    4         218524          36420          36421
    5         218524          36420          36421
    6         218524          36421          36421
                Smooth Mesh
   PE   Global(ngst)     Local(ngs) MaxLocal(ngsx)
    1         218524          36421          36421
    2         218524          36421          36421
    3         218524          36421          36421
    4         218524          36420          36421
    5         218524          36420          36421
    6         218524          36421          36421
                Wave function Mesh
   PE   Global(ngwt)     Local(ngw) MaxLocal(ngwx)
    1          27398           4566           4569
    2          27398           4566           4569
    3          27398           4569           4569
    4          27398           4566           4569
    5          27398           4566           4569
    6          27398           4565           4569


   System geometry initialization
   ------------------------------
 
   Scaled positions from standard input
   H    0.000000E+00  0.000000E+00 -0.400000E-01
   H    0.000000E+00  0.000000E+00  0.400000E-01
   ibrav =    1       cell parameters 

      25.00000       0.00000       0.00000
       0.00000      25.00000       0.00000
       0.00000       0.00000      25.00000
 

   Matrix Multiplication Performances
   ortho mmul, time for parallel driver      =   0.00000 with    1 procs

   Constraints matrixes will be distributed block like on
   ortho sub-group =    1*   1 procs



   Pseudopotentials initialization
   -------------------------------


   Common initialization

   Specie:     1
 
                        dion 
 
   Short Legend and Physical Units in the Output
   ---------------------------------------------
   NFI    [int]          - step index
   EKINC  [HARTREE A.U.] - kinetic energy of the fictitious electronic dynamics
   TEMPH  [K]            - Temperature of the fictitious cell dynamics
   TEMP   [K]            - Ionic temperature
   ETOT   [HARTREE A.U.] - Scf total energy (Kohn-Sham hamiltonian)
   ENTHAL [HARTREE A.U.] - Enthalpy ( ETOT + P * V )
   ECONS  [HARTREE A.U.] - Enthalpy + kinetic energy of ions and cell
   ECONT  [HARTREE A.U.] - Constant of motion for the CP lagrangian
 
   HF scaling factor =  1.0000
   f_cutoff =  0.1000
   EE with periodic-image correction method = tcc                 

   reading restart file: ./SCRATCH//job_95.save
   restart file read in    0.027 sec.

 nprint_nfi=           -2
 nprint_nfi=          310

   formf: eself=   0.79788
   formf:     vps(g=0)=  -0.0002023     rhops(g=0)=  -0.0000630
   formf: sum_g vps(g)=  -2.4432651 sum_g rhops(g)=  -0.0898256
   Delta V(G=0):   0.000402Ry,    0.010936eV
 
  nfi    ekinc  temph  tempp        etot      enthal       econs       econt    vnhh   xnhh0    vnhp   xnhp0
  311 0.87E-05    0.0    0.0    -1.10039    -1.10039    -1.10039    -1.10038  0.0000  0.0000  0.0000  0.0000     0.00000
  312 0.26E-04    0.0    0.0    -1.08552    -1.08552    -1.08552    -1.08549  0.0000  0.0000  0.0000  0.0000     0.00000
  313 0.46E-04    0.0    0.0    -1.08557    -1.08557    -1.08557    -1.08552  0.0000  0.0000  0.0000  0.0000     0.00000
  314 0.56E-04    0.0    0.0    -1.08560    -1.08560    -1.08560    -1.08554  0.0000  0.0000  0.0000  0.0000     0.00000
  315 0.52E-04    0.0    0.0    -1.08561    -1.08561    -1.08561    -1.08556  0.0000  0.0000  0.0000  0.0000     0.00000
  316 0.39E-04    0.0    0.0    -1.08559    -1.08559    -1.08559    -1.08556  0.0000  0.0000  0.0000  0.0000     0.00000
  317 0.25E-04    0.0    0.0    -1.08557    -1.08557    -1.08557    -1.08555  0.0000  0.0000  0.0000  0.0000     0.00000
  318 0.15E-04    0.0    0.0    -1.08555    -1.08555    -1.08555    -1.08554  0.0000  0.0000  0.0000  0.0000     0.00000
  319 0.10E-04    0.0    0.0    -1.08553    -1.08553    -1.08553    -1.08552  0.0000  0.0000  0.0000  0.0000     0.00000

 * Physical Quantities at step:   320

   from rhoofr: total integrated electronic density
   spin up
   in g-space =    1.000000   in r-space =   1.000000
   spin down
   in g-space =    1.000000   in r-space =   1.000000


                total energy =       -1.08552 Hartree a.u.
              kinetic energy =        0.85042 Hartree a.u.
        electrostatic energy =       -0.75500 Hartree a.u.
                         esr =        0.02275 Hartree a.u.
                       eself =        0.79788 Hartree a.u.
      pseudopotential energy =       -0.62125 Hartree a.u.
  n-l pseudopotential energy =        0.00000 Hartree a.u.
 exchange-correlation energy =       -0.57489 Hartree a.u.
           average potential =        0.00000 Hartree a.u.



   Eigenvalues (eV), kp =   1 , spin =  1

  -13.95

   Eigenvalues (eV), kp =   1 , spin =  2

  -13.95
 
   Allocated memory (kb) =     47056
 
   CELL_PARAMETERS
   25.00000000    0.00000000    0.00000000
    0.00000000   25.00000000    0.00000000
    0.00000000    0.00000000   25.00000000

   System Density [g/cm^3] :     0.0014


   Center of mass square displacement (a.u.):   0.000000

   ATOMIC_POSITIONS
   H    0.000000E+00  0.000000E+00 -0.100000E+01
   H    0.000000E+00  0.000000E+00  0.100000E+01
 
   ATOMIC_VELOCITIES
   H    0.000000E+00  0.000000E+00  0.000000E+00
   H    0.000000E+00  0.000000E+00  0.000000E+00
 


   Partial temperatures (for each ionic specie) 
   Species  Temp (K)   Mean Square Displacement (a.u.)
        1       0.00     0.0000
 
  nfi    ekinc  temph  tempp        etot      enthal       econs       econt    vnhh   xnhh0    vnhp   xnhp0
  320 0.10E-04    0.0    0.0    -1.08552    -1.08552    -1.08552    -1.08551  0.0000  0.0000  0.0000  0.0000     0.00000
  321 0.12E-04    0.0    0.0    -1.08552    -1.08552    -1.08552    -1.08551  0.0000  0.0000  0.0000  0.0000     0.00000
  322 0.15E-04    0.0    0.0    -1.08552    -1.08552    -1.08552    -1.08551  0.0000  0.0000  0.0000  0.0000     0.00000
  323 0.16E-04    0.0    0.0    -1.08553    -1.08553    -1.08553    -1.08551  0.0000  0.0000  0.0000  0.0000     0.00000
  324 0.16E-04    0.0    0.0    -1.08553    -1.08553    -1.08553    -1.08552  0.0000  0.0000  0.0000  0.0000     0.00000
  325 0.15E-04    0.0    0.0    -1.08554    -1.08554    -1.08554    -1.08552  0.0000  0.0000  0.0000  0.0000     0.00000
  326 0.12E-04    0.0    0.0    -1.08554    -1.08554    -1.08554    -1.08553  0.0000  0.0000  0.0000  0.0000     0.00000
  327 0.92E-05    0.0    0.0    -1.08554    -1.08554    -1.08554    -1.08553  0.0000  0.0000  0.0000  0.0000     0.00000
  328 0.71E-05    0.0    0.0    -1.08554    -1.08554    -1.08554    -1.08554  0.0000  0.0000  0.0000  0.0000     0.00000

   MAIN:          EKINC   (thr)          DETOT   (thr)       MAXFORCE   (thr)
   MAIN:   0.707734D-05  0.1D-04  0.602798D-06  0.1D-05  0.000000D+00  0.1D+11
   MAIN: convergence achieved for system relaxation

 * Physical Quantities at step:   329
  329 0.57E-05    0.0    0.0    -1.08554    -1.08554    -1.08554    -1.08554  0.0000  0.0000  0.0000  0.0000     0.00000

   writing restart file: ./SCRATCH//job_96.save
   restart file written in    0.241 sec.



   Averaged Physical Quantities
                      accomulated      this run
   ekinc         :        0.10410       0.00002 (AU)
   ekin          :        0.99011       0.85604 (AU)
   epot          :       -1.92713      -1.95667 (AU)
   total energy  :       -0.94812      -1.08633 (AU)
   temperature   :        0.00000       0.00000 (K )
   enthalpy      :       -0.94812      -1.08633 (AU)
   econs         :       -0.94812      -1.08633 (AU)
   pressure      :        0.00000       0.00000 (Gpa)
   volume        :    15625.00000   15625.00000 (AU)


     initialize   :     0.41s CPU
     total_time   :    11.28s CPU (      19 calls,   0.594 s avg)
     formf        :     0.02s CPU
     rhoofr       :     1.12s CPU (      19 calls,   0.059 s avg)
     vofrho       :     3.77s CPU (      19 calls,   0.198 s avg)
     dforce       :     0.42s CPU (      19 calls,   0.022 s avg)
     calphi       :     0.00s CPU (      19 calls,   0.000 s avg)
     ortho        :     0.01s CPU (      19 calls,   0.000 s avg)
     ortho_iter   :     0.00s CPU (      38 calls,   0.000 s avg)
     rsg          :     0.00s CPU (      38 calls,   0.000 s avg)
     rhoset       :     0.00s CPU (      38 calls,   0.000 s avg)
     updatc       :     0.00s CPU (      38 calls,   0.000 s avg)
     newd         :     0.00s CPU (      19 calls,   0.000 s avg)
     calbec       :     0.00s CPU (      20 calls,   0.000 s avg)
     prefor       :     0.00s CPU (      20 calls,   0.000 s avg)
     strucf       :     0.00s CPU
     nlsm1        :     0.00s CPU (      58 calls,   0.000 s avg)
     fft          :     5.29s CPU (     289 calls,   0.018 s avg)
     ffts         :     0.68s CPU (      38 calls,   0.018 s avg)
     fftw         :     1.56s CPU (     171 calls,   0.009 s avg)
     cft3s        :     7.53s CPU (     498 calls,   0.015 s avg)
     fft_scatter  :     2.22s CPU (     498 calls,   0.004 s avg)
 
 
     CP           :    11.90s CPU time,   12.00s wall time

 
   This run was terminated on:  10:36:56  20Nov2010            

=------------------------------------------------------------------------------=
   JOB DONE.
=------------------------------------------------------------------------------=
