=------------------------------------------------------------------------------=

     CP: variable-cell Car-Parrinello molecular dynamics
     using norm-conserving and ultrasoft Vanderbilt pseudopotentials

     Version: 4.1 - Fri Nov 19 18:50:58 EST 2010                          
     Authors: Alfredo Pasquarello, Kari Laasonen, Andrea Trave, Roberto Car,
       Paolo Giannozzi, Nicola Marzari, Carlo Cavazzoni, Guido Chiarotti,
       Sandro Scandolo, Paolo Focher, Gerardo Ballabio, and others

=------------------------------------------------------------------------------=

   This run was started on:  10:34:56  20Nov2010               

   MPI Parallel Build
   Tasks =    6  This task id =    0

   Job Title: MD Simulation


   Atomic Pseudopotentials Parameters
   ----------------------------------

   Reading pseudopotential for specie #  1 from file :
   ../../pseudo/H.pz-vbc.UPF
   file type is 20: UPF


   Main Simulation Parameters (from input)
   ---------------------------------------
   Restart Mode       =       1   restart        
   Number of MD Steps =     100
   Print out every            1 MD Steps
   Reads from unit    =      92
   Writes to unit     =      93
   MD Simulation time step            =      15.00
   Electronic fictitious mass (emass) =    1000.00
   emass cut-off                      =       3.00

   Simulation Cell Parameters (from input)
   external pressure       =            0.00 [GPa]
   wmass (calculated)      =          277.05 [AU]
   ibrav =    1
   alat  =    25.00000000
   a1    =    25.00000000    0.00000000    0.00000000
   a2    =     0.00000000   25.00000000    0.00000000
   a3    =     0.00000000    0.00000000   25.00000000
 
   b1    =     0.04000000    0.00000000    0.00000000
   b2    =     0.00000000    0.04000000    0.00000000
   b3    =     0.00000000    0.00000000    0.04000000
   omega = 15625.00000000

   Energy Cut-offs
   ---------------
   Ecutwfc =   35.0 Ry,      Ecutrho =  140.0 Ry,      Ecuts =  140.0 Ry
   Gcutwfc =   23.5     ,    Gcutrho =   47.1          Gcuts =   47.1
   NOTA BENE: refg, mmx =   0.050000  5600
   Eigenvalues calculated without the kinetic term contribution
   Orthog. with lagrange multipliers : eps =   0.10E-07,  max = 500
   verlet algorithm for electron dynamics
   with friction frice =  0.0500 , grease =  1.0000
   Electron dynamics : the temperature is not controlled

   Electronic states
   -----------------
   Local Spin Density calculation
   Number of Electron =     2
   Spins up   =     1, occupations: 
   1.00
   Spins down =     1, occupations: 
   1.00


   Exchange and correlations functionals
   -------------------------------------
   Using Local Density Approximation with
     Exchange functional: SLATER                                                      
     Correlation functional: PERDEW AND ZUNGER                                           
     Exchange-correlation      =  SLA  PZ   NOGX NOGC (1100)


   Ions Simulation Parameters
   --------------------------
   Ions are not allowed to move
   Ionic position (from input)
   sorted by specie, and converted to real a.u. coordinates
   Species   1 atoms =    2 mass =      1822.89 (a.u.),         1.00 (amu) rcmax =   1.00 (a.u.)
        0.000000     0.000000    -1.000000
        0.000000     0.000000     1.000000
   Ionic position will be re-read from restart file


   Cell Dynamics Parameters (from STDIN)
   -------------------------------------
   Starting cell generated from CELLDM
   Cell parameters will be re-read from restart file
   Constant VOLUME Molecular dynamics
   cell parameters are not allowed to move

   Verbosity: iprsta =  1



   Simulation dimensions initialization
   ------------------------------------

   unit vectors of full simulation cell
   in real space:                         in reciprocal space (units 2pi/alat):
   1    25.0000    0.0000    0.0000              1.0000    0.0000    0.0000
   2     0.0000   25.0000    0.0000              0.0000    1.0000    0.0000
   3     0.0000    0.0000   25.0000              0.0000    0.0000    1.0000
 
   Stick Mesh
   ----------
   nst =  3485,  nstw =   875, nsts =  3485
        PEs    n.st   n.stw   n.sts    n.g    n.gw   n.gs
          1    1162     292    1162   72842    9132   72842
          2    1162     292    1162   72842    9132   72842
          3    1163     291    1163   72841    9137   72841
          4    1160     292    1160   72840    9132   72840
          5    1160     292    1160   72840    9132   72840
          6    1162     290    1162   72842    9130   72842
          0    6969    1749    6969  437047   54795  437047
 
 
   Real Mesh
   ---------
   Global Dimensions   Local  Dimensions   Processor Grid
   .X.   .Y.   .Z.     .X.   .Y.   .Z.     .X.   .Y.   .Z.
    96    96    96      96    96    16       1     1     6
   Array leading dimensions ( nr1x, nr2x, nr3x )   =     96    96    96
   Local number of cell to store the grid ( nnrx ) =     147456
   Number of x-y planes for each processors: 
   nr3l =    16   16   16   16   16   16
 
   Smooth Real Mesh
   ----------------
   Global Dimensions   Local  Dimensions   Processor Grid
   .X.   .Y.   .Z.     .X.   .Y.   .Z.     .X.   .Y.   .Z.
    96    96    96      96    96    16       1     1     6
   Array leading dimensions ( nr1x, nr2x, nr3x )   =     96    96    96
   Local number of cell to store the grid ( nnrx ) =     147456
   Number of x-y planes for each processors: 
   nr3sl =    16   16   16   16   16   16
 
   Reciprocal Space Mesh
   ---------------------
                Large Mesh
   PE   Global(ngmt)     Local(ngm) MaxLocal(ngmx)
    1         218524          36421          36421
    2         218524          36421          36421
    3         218524          36421          36421
    4         218524          36420          36421
    5         218524          36420          36421
    6         218524          36421          36421
                Smooth Mesh
   PE   Global(ngst)     Local(ngs) MaxLocal(ngsx)
    1         218524          36421          36421
    2         218524          36421          36421
    3         218524          36421          36421
    4         218524          36420          36421
    5         218524          36420          36421
    6         218524          36421          36421
                Wave function Mesh
   PE   Global(ngwt)     Local(ngw) MaxLocal(ngwx)
    1          27398           4566           4569
    2          27398           4566           4569
    3          27398           4569           4569
    4          27398           4566           4569
    5          27398           4566           4569
    6          27398           4565           4569


   System geometry initialization
   ------------------------------
 
   Scaled positions from standard input
   H    0.000000E+00  0.000000E+00 -0.400000E-01
   H    0.000000E+00  0.000000E+00  0.400000E-01
   ibrav =    1       cell parameters 

      25.00000       0.00000       0.00000
       0.00000      25.00000       0.00000
       0.00000       0.00000      25.00000
 

   Matrix Multiplication Performances
   ortho mmul, time for parallel driver      =   0.00000 with    1 procs

   Constraints matrixes will be distributed block like on
   ortho sub-group =    1*   1 procs



   Pseudopotentials initialization
   -------------------------------


   Common initialization

   Specie:     1
 
                        dion 
 
   Short Legend and Physical Units in the Output
   ---------------------------------------------
   NFI    [int]          - step index
   EKINC  [HARTREE A.U.] - kinetic energy of the fictitious electronic dynamics
   TEMPH  [K]            - Temperature of the fictitious cell dynamics
   TEMP   [K]            - Ionic temperature
   ETOT   [HARTREE A.U.] - Scf total energy (Kohn-Sham hamiltonian)
   ENTHAL [HARTREE A.U.] - Enthalpy ( ETOT + P * V )
   ECONS  [HARTREE A.U.] - Enthalpy + kinetic energy of ions and cell
   ECONT  [HARTREE A.U.] - Constant of motion for the CP lagrangian
 
   NK sic with reference occupation =  0.5000

   NK background density factor =  1.0000
   NK scaling factor =  1.0000
   NK cross-derivatives =    F
   NK reference derivatives =    F
   NK on top of PZ =    F
   rhothr =  0.1E-11
   f_cutoff =  0.1000
   NK memusage =     17.841 MB

   EE with periodic-image correction method = tcc                 

   reading restart file: ./SCRATCH//job_trad_92.save
   restart file read in    0.017 sec.

 nprint_nfi=           -2
 nprint_nfi=          135

   formf: eself=   0.79788
   formf:     vps(g=0)=  -0.0002023     rhops(g=0)=  -0.0000630
   formf: sum_g vps(g)=  -2.4432651 sum_g rhops(g)=  -0.0898256
   Delta V(G=0):   0.000402Ry,    0.010936eV
 
  nfi    ekinc  temph  tempp        etot      enthal       econs       econt    vnhh   xnhh0    vnhp   xnhp0
  136 0.44E-03    0.0    0.0    -1.10147    -1.10147    -1.10147    -1.10103  0.0000  0.0000  0.0000  0.0000     0.00000
  137 0.17E-02    0.0    0.0    -1.11905    -1.11905    -1.11905    -1.11731  0.0000  0.0000  0.0000  0.0000     0.00000
  138 0.32E-02    0.0    0.0    -1.11823    -1.11823    -1.11823    -1.11501  0.0000  0.0000  0.0000  0.0000     0.00000
  139 0.39E-02    0.0    0.0    -1.11619    -1.11619    -1.11619    -1.11231  0.0000  0.0000  0.0000  0.0000     0.00000

 * Physical Quantities at step:   140

   from rhoofr: total integrated electronic density
   spin up
   in g-space =    1.000000   in r-space =   1.000000
   spin down
   in g-space =    1.000000   in r-space =   1.000000


                total energy =       -1.11313 Hartree a.u.
              kinetic energy =        0.96282 Hartree a.u.
        electrostatic energy =       -0.76112 Hartree a.u.
                         esr =        0.02275 Hartree a.u.
                       eself =        0.79788 Hartree a.u.
      pseudopotential energy =       -0.68787 Hartree a.u.
  n-l pseudopotential energy =        0.00000 Hartree a.u.
 exchange-correlation energy =       -0.60818 Hartree a.u.
           average potential =        0.00000 Hartree a.u.



   Eigenvalues (eV), kp =   1 , spin =  1

  -14.56

   Eigenvalues (eV), kp =   1 , spin =  2

  -14.56
 
   Allocated memory (kb) =     59608
 
   CELL_PARAMETERS
   25.00000000    0.00000000    0.00000000
    0.00000000   25.00000000    0.00000000
    0.00000000    0.00000000   25.00000000

   System Density [g/cm^3] :     0.0014


   Center of mass square displacement (a.u.):   0.000000

   ATOMIC_POSITIONS
   H    0.000000E+00  0.000000E+00 -0.100000E+01
   H    0.000000E+00  0.000000E+00  0.100000E+01
 
   ATOMIC_VELOCITIES
   H    0.000000E+00  0.000000E+00  0.000000E+00
   H    0.000000E+00  0.000000E+00  0.000000E+00
 


   Partial temperatures (for each ionic specie) 
   Species  Temp (K)   Mean Square Displacement (a.u.)
        1       0.00     0.0000
 
  nfi    ekinc  temph  tempp        etot      enthal       econs       econt    vnhh   xnhh0    vnhp   xnhp0
  140 0.35E-02    0.0    0.0    -1.11313    -1.11313    -1.11313    -1.10968  0.0000  0.0000  0.0000  0.0000     0.00000
  141 0.24E-02    0.0    0.0    -1.11000    -1.11000    -1.11000    -1.10757  0.0000  0.0000  0.0000  0.0000     0.00000
  142 0.14E-02    0.0    0.0    -1.10777    -1.10777    -1.10777    -1.10634  0.0000  0.0000  0.0000  0.0000     0.00000
  143 0.83E-03    0.0    0.0    -1.10695    -1.10695    -1.10695    -1.10612  0.0000  0.0000  0.0000  0.0000     0.00000
  144 0.66E-03    0.0    0.0    -1.10748    -1.10748    -1.10748    -1.10682  0.0000  0.0000  0.0000  0.0000     0.00000
  145 0.76E-03    0.0    0.0    -1.10893    -1.10893    -1.10893    -1.10818  0.0000  0.0000  0.0000  0.0000     0.00000
  146 0.95E-03    0.0    0.0    -1.11083    -1.11083    -1.11083    -1.10988  0.0000  0.0000  0.0000  0.0000     0.00000
  147 0.11E-02    0.0    0.0    -1.11275    -1.11275    -1.11275    -1.11163  0.0000  0.0000  0.0000  0.0000     0.00000
  148 0.12E-02    0.0    0.0    -1.11441    -1.11441    -1.11441    -1.11321  0.0000  0.0000  0.0000  0.0000     0.00000
  149 0.11E-02    0.0    0.0    -1.11561    -1.11561    -1.11561    -1.11447  0.0000  0.0000  0.0000  0.0000     0.00000

 * Physical Quantities at step:   150

   from rhoofr: total integrated electronic density
   spin up
   in g-space =    1.000000   in r-space =   1.000000
   spin down
   in g-space =    1.000000   in r-space =   1.000000


                total energy =       -1.11630 Hartree a.u.
              kinetic energy =        0.93491 Hartree a.u.
        electrostatic energy =       -0.76096 Hartree a.u.
                         esr =        0.02275 Hartree a.u.
                       eself =        0.79788 Hartree a.u.
      pseudopotential energy =       -0.67157 Hartree a.u.
  n-l pseudopotential energy =        0.00000 Hartree a.u.
 exchange-correlation energy =       -0.59974 Hartree a.u.
           average potential =        0.00000 Hartree a.u.



   Eigenvalues (eV), kp =   1 , spin =  1

  -14.66

   Eigenvalues (eV), kp =   1 , spin =  2

  -14.66
 
   Allocated memory (kb) =     59608
 
   CELL_PARAMETERS
   25.00000000    0.00000000    0.00000000
    0.00000000   25.00000000    0.00000000
    0.00000000    0.00000000   25.00000000

   System Density [g/cm^3] :     0.0014


   Center of mass square displacement (a.u.):   0.000000

   ATOMIC_POSITIONS
   H    0.000000E+00  0.000000E+00 -0.100000E+01
   H    0.000000E+00  0.000000E+00  0.100000E+01
 
   ATOMIC_VELOCITIES
   H    0.000000E+00  0.000000E+00  0.000000E+00
   H    0.000000E+00  0.000000E+00  0.000000E+00
 


   Partial temperatures (for each ionic specie) 
   Species  Temp (K)   Mean Square Displacement (a.u.)
        1       0.00     0.0000
 
  nfi    ekinc  temph  tempp        etot      enthal       econs       econt    vnhh   xnhh0    vnhp   xnhp0
  150 0.96E-03    0.0    0.0    -1.11630    -1.11630    -1.11630    -1.11534  0.0000  0.0000  0.0000  0.0000     0.00000
  151 0.72E-03    0.0    0.0    -1.11653    -1.11653    -1.11653    -1.11581  0.0000  0.0000  0.0000  0.0000     0.00000
  152 0.51E-03    0.0    0.0    -1.11645    -1.11645    -1.11645    -1.11594  0.0000  0.0000  0.0000  0.0000     0.00000
  153 0.38E-03    0.0    0.0    -1.11619    -1.11619    -1.11619    -1.11581  0.0000  0.0000  0.0000  0.0000     0.00000
  154 0.34E-03    0.0    0.0    -1.11587    -1.11587    -1.11587    -1.11553  0.0000  0.0000  0.0000  0.0000     0.00000
  155 0.36E-03    0.0    0.0    -1.11552    -1.11552    -1.11552    -1.11515  0.0000  0.0000  0.0000  0.0000     0.00000
  156 0.40E-03    0.0    0.0    -1.11514    -1.11514    -1.11514    -1.11475  0.0000  0.0000  0.0000  0.0000     0.00000
  157 0.41E-03    0.0    0.0    -1.11477    -1.11477    -1.11477    -1.11435  0.0000  0.0000  0.0000  0.0000     0.00000
  158 0.40E-03    0.0    0.0    -1.11440    -1.11440    -1.11440    -1.11400  0.0000  0.0000  0.0000  0.0000     0.00000
  159 0.37E-03    0.0    0.0    -1.11408    -1.11408    -1.11408    -1.11372  0.0000  0.0000  0.0000  0.0000     0.00000

 * Physical Quantities at step:   160

   from rhoofr: total integrated electronic density
   spin up
   in g-space =    1.000000   in r-space =   1.000000
   spin down
   in g-space =    1.000000   in r-space =   1.000000


                total energy =       -1.11383 Hartree a.u.
              kinetic energy =        0.96741 Hartree a.u.
        electrostatic energy =       -0.76207 Hartree a.u.
                         esr =        0.02275 Hartree a.u.
                       eself =        0.79788 Hartree a.u.
      pseudopotential energy =       -0.69136 Hartree a.u.
  n-l pseudopotential energy =        0.00000 Hartree a.u.
 exchange-correlation energy =       -0.60862 Hartree a.u.
           average potential =        0.00000 Hartree a.u.



   Eigenvalues (eV), kp =   1 , spin =  1

  -14.54

   Eigenvalues (eV), kp =   1 , spin =  2

  -14.54
 
   Allocated memory (kb) =     59608
 
   CELL_PARAMETERS
   25.00000000    0.00000000    0.00000000
    0.00000000   25.00000000    0.00000000
    0.00000000    0.00000000   25.00000000

   System Density [g/cm^3] :     0.0014


   Center of mass square displacement (a.u.):   0.000000

   ATOMIC_POSITIONS
   H    0.000000E+00  0.000000E+00 -0.100000E+01
   H    0.000000E+00  0.000000E+00  0.100000E+01
 
   ATOMIC_VELOCITIES
   H    0.000000E+00  0.000000E+00  0.000000E+00
   H    0.000000E+00  0.000000E+00  0.000000E+00
 


   Partial temperatures (for each ionic specie) 
   Species  Temp (K)   Mean Square Displacement (a.u.)
        1       0.00     0.0000
 
  nfi    ekinc  temph  tempp        etot      enthal       econs       econt    vnhh   xnhh0    vnhp   xnhp0
  160 0.32E-03    0.0    0.0    -1.11383    -1.11383    -1.11383    -1.11351  0.0000  0.0000  0.0000  0.0000     0.00000
  161 0.26E-03    0.0    0.0    -1.11367    -1.11367    -1.11367    -1.11341  0.0000  0.0000  0.0000  0.0000     0.00000
  162 0.21E-03    0.0    0.0    -1.11361    -1.11361    -1.11361    -1.11340  0.0000  0.0000  0.0000  0.0000     0.00000
  163 0.16E-03    0.0    0.0    -1.11365    -1.11365    -1.11365    -1.11349  0.0000  0.0000  0.0000  0.0000     0.00000
  164 0.14E-03    0.0    0.0    -1.11381    -1.11381    -1.11381    -1.11367  0.0000  0.0000  0.0000  0.0000     0.00000
  165 0.13E-03    0.0    0.0    -1.11404    -1.11404    -1.11404    -1.11391  0.0000  0.0000  0.0000  0.0000     0.00000
  166 0.14E-03    0.0    0.0    -1.11434    -1.11434    -1.11434    -1.11420  0.0000  0.0000  0.0000  0.0000     0.00000
  167 0.15E-03    0.0    0.0    -1.11464    -1.11464    -1.11464    -1.11449  0.0000  0.0000  0.0000  0.0000     0.00000
  168 0.15E-03    0.0    0.0    -1.11490    -1.11490    -1.11490    -1.11475  0.0000  0.0000  0.0000  0.0000     0.00000
  169 0.14E-03    0.0    0.0    -1.11510    -1.11510    -1.11510    -1.11496  0.0000  0.0000  0.0000  0.0000     0.00000

 * Physical Quantities at step:   170

   from rhoofr: total integrated electronic density
   spin up
   in g-space =    1.000000   in r-space =   1.000000
   spin down
   in g-space =    1.000000   in r-space =   1.000000


                total energy =       -1.11521 Hartree a.u.
              kinetic energy =        0.95380 Hartree a.u.
        electrostatic energy =       -0.76135 Hartree a.u.
                         esr =        0.02275 Hartree a.u.
                       eself =        0.79788 Hartree a.u.
      pseudopotential energy =       -0.68409 Hartree a.u.
  n-l pseudopotential energy =        0.00000 Hartree a.u.
 exchange-correlation energy =       -0.60451 Hartree a.u.
           average potential =        0.00000 Hartree a.u.



   Eigenvalues (eV), kp =   1 , spin =  1

  -14.60

   Eigenvalues (eV), kp =   1 , spin =  2

  -14.60
 
   Allocated memory (kb) =     59608
 
   CELL_PARAMETERS
   25.00000000    0.00000000    0.00000000
    0.00000000   25.00000000    0.00000000
    0.00000000    0.00000000   25.00000000

   System Density [g/cm^3] :     0.0014


   Center of mass square displacement (a.u.):   0.000000

   ATOMIC_POSITIONS
   H    0.000000E+00  0.000000E+00 -0.100000E+01
   H    0.000000E+00  0.000000E+00  0.100000E+01
 
   ATOMIC_VELOCITIES
   H    0.000000E+00  0.000000E+00  0.000000E+00
   H    0.000000E+00  0.000000E+00  0.000000E+00
 


   Partial temperatures (for each ionic specie) 
   Species  Temp (K)   Mean Square Displacement (a.u.)
        1       0.00     0.0000
 
  nfi    ekinc  temph  tempp        etot      enthal       econs       econt    vnhh   xnhh0    vnhp   xnhp0
  170 0.12E-03    0.0    0.0    -1.11521    -1.11521    -1.11521    -1.11510  0.0000  0.0000  0.0000  0.0000     0.00000
  171 0.90E-04    0.0    0.0    -1.11525    -1.11525    -1.11525    -1.11516  0.0000  0.0000  0.0000  0.0000     0.00000
  172 0.70E-04    0.0    0.0    -1.11522    -1.11522    -1.11522    -1.11515  0.0000  0.0000  0.0000  0.0000     0.00000
  173 0.59E-04    0.0    0.0    -1.11515    -1.11515    -1.11515    -1.11509  0.0000  0.0000  0.0000  0.0000     0.00000
  174 0.54E-04    0.0    0.0    -1.11504    -1.11504    -1.11504    -1.11499  0.0000  0.0000  0.0000  0.0000     0.00000
  175 0.54E-04    0.0    0.0    -1.11493    -1.11493    -1.11493    -1.11488  0.0000  0.0000  0.0000  0.0000     0.00000
  176 0.54E-04    0.0    0.0    -1.11483    -1.11483    -1.11483    -1.11477  0.0000  0.0000  0.0000  0.0000     0.00000
  177 0.54E-04    0.0    0.0    -1.11473    -1.11473    -1.11473    -1.11468  0.0000  0.0000  0.0000  0.0000     0.00000
  178 0.52E-04    0.0    0.0    -1.11466    -1.11466    -1.11466    -1.11461  0.0000  0.0000  0.0000  0.0000     0.00000
  179 0.49E-04    0.0    0.0    -1.11462    -1.11462    -1.11462    -1.11457  0.0000  0.0000  0.0000  0.0000     0.00000

 * Physical Quantities at step:   180

   from rhoofr: total integrated electronic density
   spin up
   in g-space =    1.000000   in r-space =   1.000000
   spin down
   in g-space =    1.000000   in r-space =   1.000000


                total energy =       -1.11459 Hartree a.u.
              kinetic energy =        0.95749 Hartree a.u.
        electrostatic energy =       -0.76147 Hartree a.u.
                         esr =        0.02275 Hartree a.u.
                       eself =        0.79788 Hartree a.u.
      pseudopotential energy =       -0.68514 Hartree a.u.
  n-l pseudopotential energy =        0.00000 Hartree a.u.
 exchange-correlation energy =       -0.60634 Hartree a.u.
           average potential =        0.00000 Hartree a.u.



   Eigenvalues (eV), kp =   1 , spin =  1

  -14.56

   Eigenvalues (eV), kp =   1 , spin =  2

  -14.56
 
   Allocated memory (kb) =     59608
 
   CELL_PARAMETERS
   25.00000000    0.00000000    0.00000000
    0.00000000   25.00000000    0.00000000
    0.00000000    0.00000000   25.00000000

   System Density [g/cm^3] :     0.0014


   Center of mass square displacement (a.u.):   0.000000

   ATOMIC_POSITIONS
   H    0.000000E+00  0.000000E+00 -0.100000E+01
   H    0.000000E+00  0.000000E+00  0.100000E+01
 
   ATOMIC_VELOCITIES
   H    0.000000E+00  0.000000E+00  0.000000E+00
   H    0.000000E+00  0.000000E+00  0.000000E+00
 


   Partial temperatures (for each ionic specie) 
   Species  Temp (K)   Mean Square Displacement (a.u.)
        1       0.00     0.0000
 
  nfi    ekinc  temph  tempp        etot      enthal       econs       econt    vnhh   xnhh0    vnhp   xnhp0
  180 0.43E-04    0.0    0.0    -1.11459    -1.11459    -1.11459    -1.11455  0.0000  0.0000  0.0000  0.0000     0.00000
  181 0.35E-04    0.0    0.0    -1.11458    -1.11458    -1.11458    -1.11454  0.0000  0.0000  0.0000  0.0000     0.00000
  182 0.27E-04    0.0    0.0    -1.11458    -1.11458    -1.11458    -1.11455  0.0000  0.0000  0.0000  0.0000     0.00000
  183 0.21E-04    0.0    0.0    -1.11459    -1.11459    -1.11459    -1.11457  0.0000  0.0000  0.0000  0.0000     0.00000
  184 0.18E-04    0.0    0.0    -1.11461    -1.11461    -1.11461    -1.11460  0.0000  0.0000  0.0000  0.0000     0.00000
  185 0.18E-04    0.0    0.0    -1.11465    -1.11465    -1.11465    -1.11463  0.0000  0.0000  0.0000  0.0000     0.00000
  186 0.20E-04    0.0    0.0    -1.11469    -1.11469    -1.11469    -1.11467  0.0000  0.0000  0.0000  0.0000     0.00000
  187 0.22E-04    0.0    0.0    -1.11474    -1.11474    -1.11474    -1.11472  0.0000  0.0000  0.0000  0.0000     0.00000
  188 0.21E-04    0.0    0.0    -1.11479    -1.11479    -1.11479    -1.11477  0.0000  0.0000  0.0000  0.0000     0.00000
  189 0.18E-04    0.0    0.0    -1.11484    -1.11484    -1.11484    -1.11482  0.0000  0.0000  0.0000  0.0000     0.00000

 * Physical Quantities at step:   190

   from rhoofr: total integrated electronic density
   spin up
   in g-space =    1.000000   in r-space =   1.000000
   spin down
   in g-space =    1.000000   in r-space =   1.000000


                total energy =       -1.11488 Hartree a.u.
              kinetic energy =        0.95545 Hartree a.u.
        electrostatic energy =       -0.76141 Hartree a.u.
                         esr =        0.02275 Hartree a.u.
                       eself =        0.79788 Hartree a.u.
      pseudopotential energy =       -0.68423 Hartree a.u.
  n-l pseudopotential energy =        0.00000 Hartree a.u.
 exchange-correlation energy =       -0.60558 Hartree a.u.
           average potential =        0.00000 Hartree a.u.



   Eigenvalues (eV), kp =   1 , spin =  1

  -14.58

   Eigenvalues (eV), kp =   1 , spin =  2

  -14.58
 
   Allocated memory (kb) =     59608
 
   CELL_PARAMETERS
   25.00000000    0.00000000    0.00000000
    0.00000000   25.00000000    0.00000000
    0.00000000    0.00000000   25.00000000

   System Density [g/cm^3] :     0.0014


   Center of mass square displacement (a.u.):   0.000000

   ATOMIC_POSITIONS
   H    0.000000E+00  0.000000E+00 -0.100000E+01
   H    0.000000E+00  0.000000E+00  0.100000E+01
 
   ATOMIC_VELOCITIES
   H    0.000000E+00  0.000000E+00  0.000000E+00
   H    0.000000E+00  0.000000E+00  0.000000E+00
 


   Partial temperatures (for each ionic specie) 
   Species  Temp (K)   Mean Square Displacement (a.u.)
        1       0.00     0.0000
 
  nfi    ekinc  temph  tempp        etot      enthal       econs       econt    vnhh   xnhh0    vnhp   xnhp0
  190 0.15E-04    0.0    0.0    -1.11488    -1.11488    -1.11488    -1.11486  0.0000  0.0000  0.0000  0.0000     0.00000
  191 0.11E-04    0.0    0.0    -1.11491    -1.11491    -1.11491    -1.11490  0.0000  0.0000  0.0000  0.0000     0.00000
  192 0.86E-05    0.0    0.0    -1.11492    -1.11492    -1.11492    -1.11492  0.0000  0.0000  0.0000  0.0000     0.00000
  193 0.76E-05    0.0    0.0    -1.11493    -1.11493    -1.11493    -1.11492  0.0000  0.0000  0.0000  0.0000     0.00000
  194 0.75E-05    0.0    0.0    -1.11491    -1.11491    -1.11491    -1.11490  0.0000  0.0000  0.0000  0.0000     0.00000
  195 0.78E-05    0.0    0.0    -1.11489    -1.11489    -1.11489    -1.11488  0.0000  0.0000  0.0000  0.0000     0.00000
  196 0.81E-05    0.0    0.0    -1.11485    -1.11485    -1.11485    -1.11484  0.0000  0.0000  0.0000  0.0000     0.00000
  197 0.82E-05    0.0    0.0    -1.11481    -1.11481    -1.11481    -1.11480  0.0000  0.0000  0.0000  0.0000     0.00000
  198 0.76E-05    0.0    0.0    -1.11477    -1.11477    -1.11477    -1.11476  0.0000  0.0000  0.0000  0.0000     0.00000
  199 0.64E-05    0.0    0.0    -1.11474    -1.11474    -1.11474    -1.11473  0.0000  0.0000  0.0000  0.0000     0.00000

 * Physical Quantities at step:   200

   from rhoofr: total integrated electronic density
   spin up
   in g-space =    1.000000   in r-space =   1.000000
   spin down
   in g-space =    1.000000   in r-space =   1.000000


                total energy =       -1.11471 Hartree a.u.
              kinetic energy =        0.95746 Hartree a.u.
        electrostatic energy =       -0.76152 Hartree a.u.
                         esr =        0.02275 Hartree a.u.
                       eself =        0.79788 Hartree a.u.
      pseudopotential energy =       -0.68539 Hartree a.u.
  n-l pseudopotential energy =        0.00000 Hartree a.u.
 exchange-correlation energy =       -0.60614 Hartree a.u.
           average potential =        0.00000 Hartree a.u.



   Eigenvalues (eV), kp =   1 , spin =  1

  -14.57

   Eigenvalues (eV), kp =   1 , spin =  2

  -14.57
 
   Allocated memory (kb) =     59608
 
   CELL_PARAMETERS
   25.00000000    0.00000000    0.00000000
    0.00000000   25.00000000    0.00000000
    0.00000000    0.00000000   25.00000000

   System Density [g/cm^3] :     0.0014


   Center of mass square displacement (a.u.):   0.000000

   ATOMIC_POSITIONS
   H    0.000000E+00  0.000000E+00 -0.100000E+01
   H    0.000000E+00  0.000000E+00  0.100000E+01
 
   ATOMIC_VELOCITIES
   H    0.000000E+00  0.000000E+00  0.000000E+00
   H    0.000000E+00  0.000000E+00  0.000000E+00
 


   Partial temperatures (for each ionic specie) 
   Species  Temp (K)   Mean Square Displacement (a.u.)
        1       0.00     0.0000
 
  nfi    ekinc  temph  tempp        etot      enthal       econs       econt    vnhh   xnhh0    vnhp   xnhp0
  200 0.49E-05    0.0    0.0    -1.11471    -1.11471    -1.11471    -1.11471  0.0000  0.0000  0.0000  0.0000     0.00000

   writing restart file: ./SCRATCH//job_trad_93.save
   restart file written in    0.230 sec.

  201 0.37E-05    0.0    0.0    -1.11470    -1.11470    -1.11470    -1.11470  0.0000  0.0000  0.0000  0.0000     0.00000
  202 0.30E-05    0.0    0.0    -1.11470    -1.11470    -1.11470    -1.11470  0.0000  0.0000  0.0000  0.0000     0.00000

   MAIN:          EKINC   (thr)          DETOT   (thr)       MAXFORCE   (thr)
   MAIN:   0.300666D-05  0.1D-04  0.136349D-06  0.1D-05  0.000000D+00  0.1D+11
   MAIN: convergence achieved for system relaxation

 * Physical Quantities at step:   203
  203 0.29E-05    0.0    0.0    -1.11471    -1.11471    -1.11471    -1.11471  0.0000  0.0000  0.0000  0.0000     0.00000

   writing restart file: ./SCRATCH//job_trad_93.save
   restart file written in    0.231 sec.



   Averaged Physical Quantities
                      accomulated      this run
   ekinc         :        0.16896       0.00045 (AU)
   ekin          :        1.05852       0.95579 (AU)
   epot          :       -1.87822      -2.05114 (AU)
   total energy  :       -0.82601      -1.11417 (AU)
   temperature   :        0.00000       0.00000 (K )
   enthalpy      :       -0.82601      -1.11417 (AU)
   econs         :       -0.82601      -1.11417 (AU)
   pressure      :        0.00000       0.00000 (Gpa)
   volume        :    15625.00000   15625.00000 (AU)


     initialize   :     0.40s CPU
     total_time   :    46.35s CPU (      68 calls,   0.682 s avg)
     formf        :     0.02s CPU
     rhoofr       :     4.01s CPU (      68 calls,   0.059 s avg)
     vofrho       :    13.57s CPU (      68 calls,   0.200 s avg)
     dforce       :     1.43s CPU (      68 calls,   0.021 s avg)
     calphi       :     0.01s CPU (      68 calls,   0.000 s avg)
     ortho        :     0.05s CPU (      68 calls,   0.001 s avg)
     ortho_iter   :     0.00s CPU (     136 calls,   0.000 s avg)
     rsg          :     0.00s CPU (     136 calls,   0.000 s avg)
     rhoset       :     0.04s CPU (     136 calls,   0.000 s avg)
     updatc       :     0.00s CPU (     136 calls,   0.000 s avg)
     newd         :     0.00s CPU (      68 calls,   0.000 s avg)
     calbec       :     0.00s CPU (      69 calls,   0.000 s avg)
     prefor       :     0.00s CPU (      69 calls,   0.000 s avg)
     strucf       :     0.00s CPU
     nlsm1        :     0.00s CPU (     205 calls,   0.000 s avg)
     fft          :    17.91s CPU (     956 calls,   0.019 s avg)
     ffts         :     2.51s CPU (     136 calls,   0.018 s avg)
     fftw         :     1.79s CPU (     204 calls,   0.009 s avg)
     cft3s        :    22.20s CPU (    1296 calls,   0.017 s avg)
     fft_scatter  :     6.68s CPU (    1296 calls,   0.005 s avg)
     nksic_drv    :    24.10s CPU (      68 calls,   0.354 s avg)
     nksic_orbrho :     1.66s CPU (      68 calls,   0.024 s avg)
     nksic_rhoref :     0.81s CPU (     136 calls,   0.006 s avg)
     nksic_eforce :     2.76s CPU (      68 calls,   0.041 s avg)
     nksic_corr   :    20.86s CPU (     136 calls,   0.153 s avg)
     nksic_corr_h :     6.67s CPU (     136 calls,   0.049 s avg)
     nksic_corr_v :    13.61s CPU (     136 calls,   0.100 s avg)
     nksic_corr_f :     0.18s CPU (     136 calls,   0.001 s avg)
 
 
     CP           :    46.97s CPU time,   47.17s wall time

 
   This run was terminated on:  10:35:43  20Nov2010            

=------------------------------------------------------------------------------=
   JOB DONE.
=------------------------------------------------------------------------------=
