=------------------------------------------------------------------------------=

     CP: variable-cell Car-Parrinello molecular dynamics
     using norm-conserving and ultrasoft Vanderbilt pseudopotentials

     Version: 4.1 - Fri Nov 19 18:50:58 EST 2010                          
     Authors: Alfredo Pasquarello, Kari Laasonen, Andrea Trave, Roberto Car,
       Paolo Giannozzi, Nicola Marzari, Carlo Cavazzoni, Guido Chiarotti,
       Sandro Scandolo, Paolo Focher, Gerardo Ballabio, and others

=------------------------------------------------------------------------------=

   This run was started on:   8: 8:35  21Nov2010               

   MPI Parallel Build
   Tasks =    6  This task id =    0

   Job Title: MD Simulation


   Atomic Pseudopotentials Parameters
   ----------------------------------

   Reading pseudopotential for specie #  1 from file :
   ../../pseudo/H.pz-vbc.UPF
   file type is 20: UPF

   Reading pseudopotential for specie #  2 from file :
   ../../pseudo/C.pz-vbc.UPF
   file type is 20: UPF


   Main Simulation Parameters (from input)
   ---------------------------------------
   Restart Mode       =       1   restart        
   Number of MD Steps =     100
   Print out every            1 MD Steps
   Reads from unit    =      95
   Writes to unit     =      96
   MD Simulation time step            =      15.00
   Electronic fictitious mass (emass) =    1000.00
   emass cut-off                      =       3.00

   Simulation Cell Parameters (from input)
   external pressure       =            0.00 [GPa]
   wmass (calculated)      =          831.14 [AU]
   ibrav =    8
   alat  =    25.00000000
   a1    =    25.00000000    0.00000000    0.00000000
   a2    =     0.00000000   25.00000000    0.00000000
   a3    =     0.00000000    0.00000000   50.00000000
 
   b1    =     0.04000000    0.00000000    0.00000000
   b2    =     0.00000000    0.04000000    0.00000000
   b3    =     0.00000000    0.00000000    0.02000000
   omega = 31250.00000000

   Energy Cut-offs
   ---------------
   Ecutwfc =   40.0 Ry,      Ecutrho =  160.0 Ry,      Ecuts =  160.0 Ry
   Gcutwfc =   25.2     ,    Gcutrho =   50.3          Gcuts =   50.3
   NOTA BENE: refg, mmx =   0.050000  6400
   Eigenvalues calculated without the kinetic term contribution
   Orthog. with lagrange multipliers : eps =   0.10E-07,  max = 500
   verlet algorithm for electron dynamics
   with friction frice =  0.0500 , grease =  1.0000
   Electron dynamics : the temperature is not controlled

   Electronic states
   -----------------
   Number of Electron =    12, of States =     6
   Occupation numbers :
   2.00 2.00 2.00 2.00 2.00 2.00


   Exchange and correlations functionals
   -------------------------------------
   Using Local Density Approximation with
     Exchange functional: SLATER                                                      
     Correlation functional: PERDEW AND ZUNGER                                           
     Exchange-correlation      =  SLA  PZ   NOGX NOGC (1100)


   Ions Simulation Parameters
   --------------------------
   Ions are not allowed to move
   Ionic position (from input)
   sorted by specie, and converted to real a.u. coordinates
   Species   1 atoms =    4 mass =      1822.89 (a.u.),         1.00 (amu) rcmax =   1.00 (a.u.)
        0.000000    -0.376056    -2.869549
        0.000000     2.653175    -1.104545
        0.000000    -2.653175     1.104545
        0.000000     0.376056     2.869549
   Species   2 atoms =    2 mass =      1822.89 (a.u.),         1.00 (amu) rcmax =   0.50 (a.u.)
        0.000000     0.617940    -1.104545
        0.000000    -0.617940     1.104545
   Ionic position will be re-read from restart file


   Cell Dynamics Parameters (from STDIN)
   -------------------------------------
   Starting cell generated from CELLDM
   Cell parameters will be re-read from restart file
   Constant VOLUME Molecular dynamics
   cell parameters are not allowed to move

    =====================================
    |  BERRY PHASE ELECTRIC FIELD 1        
    =====================================
    | direction    =         3            
    | intensity    =   0.00500 a.u.     
    =====================================

   Verbosity: iprsta =  1



   Simulation dimensions initialization
   ------------------------------------

   unit vectors of full simulation cell
   in real space:                         in reciprocal space (units 2pi/alat):
   1    25.0000    0.0000    0.0000              1.0000    0.0000    0.0000
   2     0.0000   25.0000    0.0000              0.0000    1.0000    0.0000
   3     0.0000    0.0000   50.0000              0.0000    0.0000    0.5000
 
   Stick Mesh
   ----------
   nst =  3991,  nstw =   997, nsts =  3991
        PEs    n.st   n.stw   n.sts    n.g    n.gw   n.gs
          1    1338     332    1338  178026   22272  178026
          2    1328     332    1328  178028   22272  178028
          3    1327     331    1327  178027   22271  178027
          4    1330     334    1330  178026   22282  178026
          5    1330     332    1330  178026   22272  178026
          6    1328     332    1328  178024   22268  178024
          0    7981    1993    7981 1068157  133637 1068157
 
 
   Real Mesh
   ---------
   Global Dimensions   Local  Dimensions   Processor Grid
   .X.   .Y.   .Z.     .X.   .Y.   .Z.     .X.   .Y.   .Z.
   108   108   216     108   108    36       1     1     6
   Array leading dimensions ( nr1x, nr2x, nr3x )   =    108   108   216
   Local number of cell to store the grid ( nnrx ) =     419904
   Number of x-y planes for each processors: 
   nr3l =    36   36   36   36   36   36
 
   Smooth Real Mesh
   ----------------
   Global Dimensions   Local  Dimensions   Processor Grid
   .X.   .Y.   .Z.     .X.   .Y.   .Z.     .X.   .Y.   .Z.
   108   108   216     108   108    36       1     1     6
   Array leading dimensions ( nr1x, nr2x, nr3x )   =    108   108   216
   Local number of cell to store the grid ( nnrx ) =     419904
   Number of x-y planes for each processors: 
   nr3sl =    36   36   36   36   36   36
 
   Reciprocal Space Mesh
   ---------------------
                Large Mesh
   PE   Global(ngmt)     Local(ngm) MaxLocal(ngmx)
    1         534079          89013          89014
    2         534079          89014          89014
    3         534079          89014          89014
    4         534079          89013          89014
    5         534079          89013          89014
    6         534079          89012          89014
                Smooth Mesh
   PE   Global(ngst)     Local(ngs) MaxLocal(ngsx)
    1         534079          89013          89014
    2         534079          89014          89014
    3         534079          89014          89014
    4         534079          89013          89014
    5         534079          89013          89014
    6         534079          89012          89014
                Wave function Mesh
   PE   Global(ngwt)     Local(ngw) MaxLocal(ngwx)
    1          66819          11136          11141
    2          66819          11136          11141
    3          66819          11136          11141
    4          66819          11141          11141
    5          66819          11136          11141
    6          66819          11134          11141


   System geometry initialization
   ------------------------------
 
   Scaled positions from standard input
   H    0.000000E+00 -0.150422E-01 -0.573910E-01
   H    0.000000E+00  0.106127E+00 -0.220909E-01
   H    0.000000E+00 -0.106127E+00  0.220909E-01
   H    0.000000E+00  0.150422E-01  0.573910E-01
   C    0.000000E+00  0.247176E-01 -0.220909E-01
   C    0.000000E+00 -0.247176E-01  0.220909E-01
   ibrav =    8       cell parameters 

      25.00000       0.00000       0.00000
       0.00000      25.00000       0.00000
       0.00000       0.00000      50.00000
 

   Matrix Multiplication Performances
   ortho mmul, time for parallel driver      =   0.00000 with    1 procs

   Constraints matrixes will be distributed block like on
   ortho sub-group =    1*   1 procs



   Pseudopotentials initialization
   -------------------------------


   Common initialization

   Specie:     1
 
                        dion 

   Specie:     2
   1  indv=  1   ang. mom=  0
 
                        dion 
   0.5848
 
   Short Legend and Physical Units in the Output
   ---------------------------------------------
   NFI    [int]          - step index
   EKINC  [HARTREE A.U.] - kinetic energy of the fictitious electronic dynamics
   TEMPH  [K]            - Temperature of the fictitious cell dynamics
   TEMP   [K]            - Ionic temperature
   ETOT   [HARTREE A.U.] - Scf total energy (Kohn-Sham hamiltonian)
   ENTHAL [HARTREE A.U.] - Enthalpy ( ETOT + P * V )
   ECONS  [HARTREE A.U.] - Enthalpy + kinetic energy of ions and cell
   ECONT  [HARTREE A.U.] - Constant of motion for the CP lagrangian
 
   HF scaling factor =  1.0000
   f_cutoff =  0.1000
   EE with periodic-image correction method = tcc                 

   reading restart file: ./SCRATCH/opa_95.save
   restart file read in    0.081 sec.

 nprint_nfi=           -2
 nprint_nfi=          458

   formf: eself=  27.12808
   formf:     vps(g=0)=  -0.0001012     rhops(g=0)=  -0.0000315
   formf: sum_g vps(g)=  -2.5060569 sum_g rhops(g)=  -0.0898096
   formf:     vps(g=0)=  -0.0001028     rhops(g=0)=  -0.0001275
   formf: sum_g vps(g)=  -2.9163930 sum_g rhops(g)=  -2.8729706
   Delta V(G=0):   0.000603Ry,    0.016407eV
Initialize Berry phase electric field
 Additional found:      111386
 Additional found:      115814
 Additional found:      111387
 Additional found:      115814
 #not found, gtable:    1993.00000000000     
 #not found, gtabin:    1993.00000000000     
 
  nfi    ekinc  temph  tempp        etot      enthal       econs       econt    vnhh   xnhh0    vnhp   xnhp0
  459 0.24E-03    0.0    0.0   -13.58971   -13.58897   -13.58897   -13.58873  0.0000  0.0000  0.0000  0.0000    -0.00001
Elct. dipole 1    0.147097  Ionic dipole 1    0.000000

 * Physical Quantities at step:   460

   from rhoofr: total integrated electronic density
   in g-space =   12.000000   in r-space =  12.000000


                total energy =      -13.30879 Hartree a.u.
              kinetic energy =       10.33746 Hartree a.u.
        electrostatic energy =      -17.08027 Hartree a.u.
                         esr =        0.08081 Hartree a.u.
                       eself =       27.12808 Hartree a.u.
      pseudopotential energy =       -3.26495 Hartree a.u.
  n-l pseudopotential energy =        1.21111 Hartree a.u.
 exchange-correlation energy =       -4.79233 Hartree a.u.
           average potential =        0.00000 Hartree a.u.



   Eigenvalues (eV), kp =   1 , spin =  1

  -27.74  -21.32  -17.48  -15.54  -13.75  -10.12
 
   Allocated memory (kb) =     97332
 
   CELL_PARAMETERS
   25.00000000    0.00000000    0.00000000
    0.00000000   25.00000000    0.00000000
    0.00000000    0.00000000   50.00000000

   System Density [g/cm^3] :     0.0022


   Center of mass square displacement (a.u.):   0.000000

   ATOMIC_POSITIONS
   H    0.000000E+00 -0.376056E+00 -0.286955E+01
   C    0.000000E+00  0.617940E+00 -0.110454E+01
   C    0.000000E+00 -0.617940E+00  0.110454E+01
   H    0.000000E+00  0.265318E+01 -0.110454E+01
   H    0.000000E+00 -0.265318E+01  0.110454E+01
   H    0.000000E+00  0.376056E+00  0.286955E+01
 
   ATOMIC_VELOCITIES
   H    0.000000E+00  0.000000E+00  0.000000E+00
   C    0.000000E+00  0.000000E+00  0.000000E+00
   C    0.000000E+00  0.000000E+00  0.000000E+00
   H    0.000000E+00  0.000000E+00  0.000000E+00
   H    0.000000E+00  0.000000E+00  0.000000E+00
   H    0.000000E+00  0.000000E+00  0.000000E+00
 


   Partial temperatures (for each ionic specie) 
   Species  Temp (K)   Mean Square Displacement (a.u.)
        1       0.00     0.0000
        2       0.00     0.0000
 
  nfi    ekinc  temph  tempp        etot      enthal       econs       econt    vnhh   xnhh0    vnhp   xnhp0
  460 0.91E-03    0.0    0.0   -13.30879   -13.30805   -13.30805   -13.30714  0.0000  0.0000  0.0000  0.0000    -0.00001
Elct. dipole 1    0.148111  Ionic dipole 1    0.000000
  461 0.16E-02    0.0    0.0   -13.30966   -13.30891   -13.30891   -13.30733  0.0000  0.0000  0.0000  0.0000    -0.00001
Elct. dipole 1    0.149967  Ionic dipole 1    0.000000
  462 0.17E-02    0.0    0.0   -13.31025   -13.30949   -13.30949   -13.30777  0.0000  0.0000  0.0000  0.0000    -0.00001
Elct. dipole 1    0.152446  Ionic dipole 1    0.000000
  463 0.14E-02    0.0    0.0   -13.31037   -13.30959   -13.30959   -13.30823  0.0000  0.0000  0.0000  0.0000    -0.00001
Elct. dipole 1    0.155315  Ionic dipole 1    0.000000
  464 0.90E-03    0.0    0.0   -13.31059   -13.30980   -13.30980   -13.30890  0.0000  0.0000  0.0000  0.0000    -0.00001
Elct. dipole 1    0.158355  Ionic dipole 1    0.000000
  465 0.62E-03    0.0    0.0   -13.31139   -13.31058   -13.31058   -13.30996  0.0000  0.0000  0.0000  0.0000    -0.00001
Elct. dipole 1    0.161379  Ionic dipole 1    0.000000
  466 0.56E-03    0.0    0.0   -13.31265   -13.31182   -13.31182   -13.31126  0.0000  0.0000  0.0000  0.0000    -0.00001
Elct. dipole 1    0.164241  Ionic dipole 1    0.000000
  467 0.58E-03    0.0    0.0   -13.31387   -13.31304   -13.31304   -13.31246  0.0000  0.0000  0.0000  0.0000    -0.00001
Elct. dipole 1    0.166835  Ionic dipole 1    0.000000
  468 0.57E-03    0.0    0.0   -13.31468   -13.31383   -13.31383   -13.31326  0.0000  0.0000  0.0000  0.0000    -0.00001
Elct. dipole 1    0.169084  Ionic dipole 1    0.000000
  469 0.52E-03    0.0    0.0   -13.31497   -13.31411   -13.31411   -13.31359  0.0000  0.0000  0.0000  0.0000    -0.00001
Elct. dipole 1    0.170931  Ionic dipole 1    0.000000

 * Physical Quantities at step:   470

   from rhoofr: total integrated electronic density
   in g-space =   12.000000   in r-space =  12.000000


                total energy =      -13.31485 Hartree a.u.
              kinetic energy =       10.16349 Hartree a.u.
        electrostatic energy =      -16.98010 Hartree a.u.
                         esr =        0.08081 Hartree a.u.
                       eself =       27.12808 Hartree a.u.
      pseudopotential energy =       -3.23618 Hartree a.u.
  n-l pseudopotential energy =        1.23250 Hartree a.u.
 exchange-correlation energy =       -4.76462 Hartree a.u.
           average potential =        0.00000 Hartree a.u.



   Eigenvalues (eV), kp =   1 , spin =  1

  -28.24  -21.70  -17.79  -15.99  -14.00  -10.16
 
   Allocated memory (kb) =     97332
 
   CELL_PARAMETERS
   25.00000000    0.00000000    0.00000000
    0.00000000   25.00000000    0.00000000
    0.00000000    0.00000000   50.00000000

   System Density [g/cm^3] :     0.0022


   Center of mass square displacement (a.u.):   0.000000

   ATOMIC_POSITIONS
   H    0.000000E+00 -0.376056E+00 -0.286955E+01
   C    0.000000E+00  0.617940E+00 -0.110454E+01
   C    0.000000E+00 -0.617940E+00  0.110454E+01
   H    0.000000E+00  0.265318E+01 -0.110454E+01
   H    0.000000E+00 -0.265318E+01  0.110454E+01
   H    0.000000E+00  0.376056E+00  0.286955E+01
 
   ATOMIC_VELOCITIES
   H    0.000000E+00  0.000000E+00  0.000000E+00
   C    0.000000E+00  0.000000E+00  0.000000E+00
   C    0.000000E+00  0.000000E+00  0.000000E+00
   H    0.000000E+00  0.000000E+00  0.000000E+00
   H    0.000000E+00  0.000000E+00  0.000000E+00
   H    0.000000E+00  0.000000E+00  0.000000E+00
 


   Partial temperatures (for each ionic specie) 
   Species  Temp (K)   Mean Square Displacement (a.u.)
        1       0.00     0.0000
        2       0.00     0.0000
 
  nfi    ekinc  temph  tempp        etot      enthal       econs       econt    vnhh   xnhh0    vnhp   xnhp0
  470 0.45E-03    0.0    0.0   -13.31485   -13.31399   -13.31399   -13.31354  0.0000  0.0000  0.0000  0.0000    -0.00001
Elct. dipole 1    0.172334  Ionic dipole 1    0.000000
  471 0.40E-03    0.0    0.0   -13.31449   -13.31362   -13.31362   -13.31323  0.0000  0.0000  0.0000  0.0000    -0.00001
Elct. dipole 1    0.173259  Ionic dipole 1    0.000000
  472 0.35E-03    0.0    0.0   -13.31401   -13.31314   -13.31314   -13.31279  0.0000  0.0000  0.0000  0.0000    -0.00001
Elct. dipole 1    0.173686  Ionic dipole 1    0.000000
  473 0.32E-03    0.0    0.0   -13.31354   -13.31267   -13.31267   -13.31236  0.0000  0.0000  0.0000  0.0000    -0.00001
Elct. dipole 1    0.173620  Ionic dipole 1    0.000000
  474 0.30E-03    0.0    0.0   -13.31320   -13.31233   -13.31233   -13.31203  0.0000  0.0000  0.0000  0.0000    -0.00001
Elct. dipole 1    0.173094  Ionic dipole 1    0.000000
  475 0.30E-03    0.0    0.0   -13.31304   -13.31218   -13.31218   -13.31188  0.0000  0.0000  0.0000  0.0000    -0.00001
Elct. dipole 1    0.172176  Ionic dipole 1    0.000000
  476 0.29E-03    0.0    0.0   -13.31304   -13.31219   -13.31219   -13.31190  0.0000  0.0000  0.0000  0.0000    -0.00001
Elct. dipole 1    0.170961  Ionic dipole 1    0.000000
  477 0.27E-03    0.0    0.0   -13.31317   -13.31232   -13.31232   -13.31205  0.0000  0.0000  0.0000  0.0000    -0.00001
Elct. dipole 1    0.169560  Ionic dipole 1    0.000000
  478 0.23E-03    0.0    0.0   -13.31335   -13.31251   -13.31251   -13.31228  0.0000  0.0000  0.0000  0.0000    -0.00001
Elct. dipole 1    0.168087  Ionic dipole 1    0.000000
  479 0.19E-03    0.0    0.0   -13.31357   -13.31274   -13.31274   -13.31255  0.0000  0.0000  0.0000  0.0000    -0.00001
Elct. dipole 1    0.166642  Ionic dipole 1    0.000000

 * Physical Quantities at step:   480

   from rhoofr: total integrated electronic density
   in g-space =   12.000000   in r-space =  12.000000


                total energy =      -13.31382 Hartree a.u.
              kinetic energy =       10.16353 Hartree a.u.
        electrostatic energy =      -16.96405 Hartree a.u.
                         esr =        0.08081 Hartree a.u.
                       eself =       27.12808 Hartree a.u.
      pseudopotential energy =       -3.23679 Hartree a.u.
  n-l pseudopotential energy =        1.22180 Hartree a.u.
 exchange-correlation energy =       -4.76827 Hartree a.u.
           average potential =        0.00000 Hartree a.u.



   Eigenvalues (eV), kp =   1 , spin =  1

  -28.21  -21.65  -17.72  -15.86  -13.97  -10.27
 
   Allocated memory (kb) =     97332
 
   CELL_PARAMETERS
   25.00000000    0.00000000    0.00000000
    0.00000000   25.00000000    0.00000000
    0.00000000    0.00000000   50.00000000

   System Density [g/cm^3] :     0.0022


   Center of mass square displacement (a.u.):   0.000000

   ATOMIC_POSITIONS
   H    0.000000E+00 -0.376056E+00 -0.286955E+01
   C    0.000000E+00  0.617940E+00 -0.110454E+01
   C    0.000000E+00 -0.617940E+00  0.110454E+01
   H    0.000000E+00  0.265318E+01 -0.110454E+01
   H    0.000000E+00 -0.265318E+01  0.110454E+01
   H    0.000000E+00  0.376056E+00  0.286955E+01
 
   ATOMIC_VELOCITIES
   H    0.000000E+00  0.000000E+00  0.000000E+00
   C    0.000000E+00  0.000000E+00  0.000000E+00
   C    0.000000E+00  0.000000E+00  0.000000E+00
   H    0.000000E+00  0.000000E+00  0.000000E+00
   H    0.000000E+00  0.000000E+00  0.000000E+00
   H    0.000000E+00  0.000000E+00  0.000000E+00
 


   Partial temperatures (for each ionic specie) 
   Species  Temp (K)   Mean Square Displacement (a.u.)
        1       0.00     0.0000
        2       0.00     0.0000
 
  nfi    ekinc  temph  tempp        etot      enthal       econs       econt    vnhh   xnhh0    vnhp   xnhp0
  480 0.16E-03    0.0    0.0   -13.31382   -13.31299   -13.31299   -13.31283  0.0000  0.0000  0.0000  0.0000    -0.00001
Elct. dipole 1    0.165308  Ionic dipole 1    0.000000
  481 0.14E-03    0.0    0.0   -13.31406   -13.31324   -13.31324   -13.31310  0.0000  0.0000  0.0000  0.0000    -0.00001
Elct. dipole 1    0.164139  Ionic dipole 1    0.000000
  482 0.14E-03    0.0    0.0   -13.31427   -13.31345   -13.31345   -13.31331  0.0000  0.0000  0.0000  0.0000    -0.00001
Elct. dipole 1    0.163166  Ionic dipole 1    0.000000
  483 0.13E-03    0.0    0.0   -13.31439   -13.31357   -13.31357   -13.31345  0.0000  0.0000  0.0000  0.0000    -0.00001
Elct. dipole 1    0.162398  Ionic dipole 1    0.000000
  484 0.11E-03    0.0    0.0   -13.31441   -13.31360   -13.31360   -13.31349  0.0000  0.0000  0.0000  0.0000    -0.00001
Elct. dipole 1    0.161831  Ionic dipole 1    0.000000
  485 0.93E-04    0.0    0.0   -13.31435   -13.31355   -13.31355   -13.31345  0.0000  0.0000  0.0000  0.0000    -0.00001
Elct. dipole 1    0.161454  Ionic dipole 1    0.000000
  486 0.84E-04    0.0    0.0   -13.31426   -13.31345   -13.31345   -13.31337  0.0000  0.0000  0.0000  0.0000    -0.00001
Elct. dipole 1    0.161254  Ionic dipole 1    0.000000
  487 0.83E-04    0.0    0.0   -13.31416   -13.31335   -13.31335   -13.31327  0.0000  0.0000  0.0000  0.0000    -0.00001
Elct. dipole 1    0.161217  Ionic dipole 1    0.000000
  488 0.85E-04    0.0    0.0   -13.31407   -13.31326   -13.31326   -13.31318  0.0000  0.0000  0.0000  0.0000    -0.00001
Elct. dipole 1    0.161330  Ionic dipole 1    0.000000
  489 0.81E-04    0.0    0.0   -13.31400   -13.31319   -13.31319   -13.31311  0.0000  0.0000  0.0000  0.0000    -0.00001
Elct. dipole 1    0.161580  Ionic dipole 1    0.000000

 * Physical Quantities at step:   490

   from rhoofr: total integrated electronic density
   in g-space =   12.000000   in r-space =  12.000000


                total energy =      -13.31395 Hartree a.u.
              kinetic energy =       10.18624 Hartree a.u.
        electrostatic energy =      -16.98800 Hartree a.u.
                         esr =        0.08081 Hartree a.u.
                       eself =       27.12808 Hartree a.u.
      pseudopotential energy =       -3.23600 Hartree a.u.
  n-l pseudopotential energy =        1.21981 Hartree a.u.
 exchange-correlation energy =       -4.76750 Hartree a.u.
           average potential =        0.00000 Hartree a.u.



   Eigenvalues (eV), kp =   1 , spin =  1

  -28.17  -21.64  -17.73  -15.90  -13.96  -10.22
 
   Allocated memory (kb) =     97332
 
   CELL_PARAMETERS
   25.00000000    0.00000000    0.00000000
    0.00000000   25.00000000    0.00000000
    0.00000000    0.00000000   50.00000000

   System Density [g/cm^3] :     0.0022


   Center of mass square displacement (a.u.):   0.000000

   ATOMIC_POSITIONS
   H    0.000000E+00 -0.376056E+00 -0.286955E+01
   C    0.000000E+00  0.617940E+00 -0.110454E+01
   C    0.000000E+00 -0.617940E+00  0.110454E+01
   H    0.000000E+00  0.265318E+01 -0.110454E+01
   H    0.000000E+00 -0.265318E+01  0.110454E+01
   H    0.000000E+00  0.376056E+00  0.286955E+01
 
   ATOMIC_VELOCITIES
   H    0.000000E+00  0.000000E+00  0.000000E+00
   C    0.000000E+00  0.000000E+00  0.000000E+00
   C    0.000000E+00  0.000000E+00  0.000000E+00
   H    0.000000E+00  0.000000E+00  0.000000E+00
   H    0.000000E+00  0.000000E+00  0.000000E+00
   H    0.000000E+00  0.000000E+00  0.000000E+00
 


   Partial temperatures (for each ionic specie) 
   Species  Temp (K)   Mean Square Displacement (a.u.)
        1       0.00     0.0000
        2       0.00     0.0000
 
  nfi    ekinc  temph  tempp        etot      enthal       econs       econt    vnhh   xnhh0    vnhp   xnhp0
  490 0.71E-04    0.0    0.0   -13.31395   -13.31314   -13.31314   -13.31307  0.0000  0.0000  0.0000  0.0000    -0.00001
Elct. dipole 1    0.161952  Ionic dipole 1    0.000000
  491 0.58E-04    0.0    0.0   -13.31393   -13.31312   -13.31312   -13.31306  0.0000  0.0000  0.0000  0.0000    -0.00001
Elct. dipole 1    0.162427  Ionic dipole 1    0.000000
  492 0.48E-04    0.0    0.0   -13.31396   -13.31314   -13.31314   -13.31309  0.0000  0.0000  0.0000  0.0000    -0.00001
Elct. dipole 1    0.162978  Ionic dipole 1    0.000000
  493 0.43E-04    0.0    0.0   -13.31402   -13.31320   -13.31320   -13.31316  0.0000  0.0000  0.0000  0.0000    -0.00001
Elct. dipole 1    0.163578  Ionic dipole 1    0.000000
  494 0.41E-04    0.0    0.0   -13.31410   -13.31328   -13.31328   -13.31324  0.0000  0.0000  0.0000  0.0000    -0.00001
Elct. dipole 1    0.164193  Ionic dipole 1    0.000000
  495 0.38E-04    0.0    0.0   -13.31418   -13.31336   -13.31336   -13.31332  0.0000  0.0000  0.0000  0.0000    -0.00001
Elct. dipole 1    0.164795  Ionic dipole 1    0.000000
  496 0.34E-04    0.0    0.0   -13.31424   -13.31341   -13.31341   -13.31338  0.0000  0.0000  0.0000  0.0000    -0.00001
Elct. dipole 1    0.165355  Ionic dipole 1    0.000000
  497 0.28E-04    0.0    0.0   -13.31428   -13.31345   -13.31345   -13.31342  0.0000  0.0000  0.0000  0.0000    -0.00001
Elct. dipole 1    0.165854  Ionic dipole 1    0.000000
  498 0.25E-04    0.0    0.0   -13.31429   -13.31346   -13.31346   -13.31344  0.0000  0.0000  0.0000  0.0000    -0.00001
Elct. dipole 1    0.166274  Ionic dipole 1    0.000000
  499 0.24E-04    0.0    0.0   -13.31429   -13.31346   -13.31346   -13.31343  0.0000  0.0000  0.0000  0.0000    -0.00001
Elct. dipole 1    0.166605  Ionic dipole 1    0.000000

 * Physical Quantities at step:   500

   from rhoofr: total integrated electronic density
   in g-space =   12.000000   in r-space =  12.000000


                total energy =      -13.31428 Hartree a.u.
              kinetic energy =       10.17048 Hartree a.u.
        electrostatic energy =      -16.97814 Hartree a.u.
                         esr =        0.08081 Hartree a.u.
                       eself =       27.12808 Hartree a.u.
      pseudopotential energy =       -3.23612 Hartree a.u.
  n-l pseudopotential energy =        1.22488 Hartree a.u.
 exchange-correlation energy =       -4.76632 Hartree a.u.
           average potential =        0.00000 Hartree a.u.



   Eigenvalues (eV), kp =   1 , spin =  1

  -28.21  -21.66  -17.74  -15.90  -13.98  -10.23
 
   Allocated memory (kb) =     97332
 
   CELL_PARAMETERS
   25.00000000    0.00000000    0.00000000
    0.00000000   25.00000000    0.00000000
    0.00000000    0.00000000   50.00000000

   System Density [g/cm^3] :     0.0022


   Center of mass square displacement (a.u.):   0.000000

   ATOMIC_POSITIONS
   H    0.000000E+00 -0.376056E+00 -0.286955E+01
   C    0.000000E+00  0.617940E+00 -0.110454E+01
   C    0.000000E+00 -0.617940E+00  0.110454E+01
   H    0.000000E+00  0.265318E+01 -0.110454E+01
   H    0.000000E+00 -0.265318E+01  0.110454E+01
   H    0.000000E+00  0.376056E+00  0.286955E+01
 
   ATOMIC_VELOCITIES
   H    0.000000E+00  0.000000E+00  0.000000E+00
   C    0.000000E+00  0.000000E+00  0.000000E+00
   C    0.000000E+00  0.000000E+00  0.000000E+00
   H    0.000000E+00  0.000000E+00  0.000000E+00
   H    0.000000E+00  0.000000E+00  0.000000E+00
   H    0.000000E+00  0.000000E+00  0.000000E+00
 


   Partial temperatures (for each ionic specie) 
   Species  Temp (K)   Mean Square Displacement (a.u.)
        1       0.00     0.0000
        2       0.00     0.0000
 
  nfi    ekinc  temph  tempp        etot      enthal       econs       econt    vnhh   xnhh0    vnhp   xnhp0
  500 0.24E-04    0.0    0.0   -13.31428   -13.31344   -13.31344   -13.31342  0.0000  0.0000  0.0000  0.0000    -0.00001
Elct. dipole 1    0.166837  Ionic dipole 1    0.000000

   writing restart file: ./SCRATCH/opa_96.save
   restart file written in    0.414 sec.

  501 0.24E-04    0.0    0.0   -13.31426   -13.31342   -13.31342   -13.31340  0.0000  0.0000  0.0000  0.0000    -0.00001
Elct. dipole 1    0.166966  Ionic dipole 1    0.000000
  502 0.22E-04    0.0    0.0   -13.31424   -13.31340   -13.31340   -13.31338  0.0000  0.0000  0.0000  0.0000    -0.00001
Elct. dipole 1    0.166990  Ionic dipole 1    0.000000
  503 0.19E-04    0.0    0.0   -13.31422   -13.31338   -13.31338   -13.31337  0.0000  0.0000  0.0000  0.0000    -0.00001
Elct. dipole 1    0.166913  Ionic dipole 1    0.000000
  504 0.16E-04    0.0    0.0   -13.31421   -13.31338   -13.31338   -13.31336  0.0000  0.0000  0.0000  0.0000    -0.00001
Elct. dipole 1    0.166741  Ionic dipole 1    0.000000
  505 0.14E-04    0.0    0.0   -13.31421   -13.31338   -13.31338   -13.31337  0.0000  0.0000  0.0000  0.0000    -0.00001
Elct. dipole 1    0.166489  Ionic dipole 1    0.000000
  506 0.12E-04    0.0    0.0   -13.31422   -13.31339   -13.31339   -13.31338  0.0000  0.0000  0.0000  0.0000    -0.00001
Elct. dipole 1    0.166175  Ionic dipole 1    0.000000
  507 0.10E-04    0.0    0.0   -13.31423   -13.31341   -13.31341   -13.31340  0.0000  0.0000  0.0000  0.0000    -0.00001
Elct. dipole 1    0.165820  Ionic dipole 1    0.000000
  508 0.92E-05    0.0    0.0   -13.31424   -13.31342   -13.31342   -13.31341  0.0000  0.0000  0.0000  0.0000    -0.00001
Elct. dipole 1    0.165445  Ionic dipole 1    0.000000
  509 0.85E-05    0.0    0.0   -13.31425   -13.31343   -13.31343   -13.31342  0.0000  0.0000  0.0000  0.0000    -0.00001
Elct. dipole 1    0.165072  Ionic dipole 1    0.000000

 * Physical Quantities at step:   510

   from rhoofr: total integrated electronic density
   in g-space =   12.000000   in r-space =  12.000000


                total energy =      -13.31425 Hartree a.u.
              kinetic energy =       10.17500 Hartree a.u.
        electrostatic energy =      -16.97705 Hartree a.u.
                         esr =        0.08081 Hartree a.u.
                       eself =       27.12808 Hartree a.u.
      pseudopotential energy =       -3.23776 Hartree a.u.
  n-l pseudopotential energy =        1.22131 Hartree a.u.
 exchange-correlation energy =       -4.76678 Hartree a.u.
           average potential =        0.00000 Hartree a.u.



   Eigenvalues (eV), kp =   1 , spin =  1

  -28.20  -21.65  -17.73  -15.91  -13.97  -10.24
 
   Allocated memory (kb) =     97332
 
   CELL_PARAMETERS
   25.00000000    0.00000000    0.00000000
    0.00000000   25.00000000    0.00000000
    0.00000000    0.00000000   50.00000000

   System Density [g/cm^3] :     0.0022


   Center of mass square displacement (a.u.):   0.000000

   ATOMIC_POSITIONS
   H    0.000000E+00 -0.376056E+00 -0.286955E+01
   C    0.000000E+00  0.617940E+00 -0.110454E+01
   C    0.000000E+00 -0.617940E+00  0.110454E+01
   H    0.000000E+00  0.265318E+01 -0.110454E+01
   H    0.000000E+00 -0.265318E+01  0.110454E+01
   H    0.000000E+00  0.376056E+00  0.286955E+01
 
   ATOMIC_VELOCITIES
   H    0.000000E+00  0.000000E+00  0.000000E+00
   C    0.000000E+00  0.000000E+00  0.000000E+00
   C    0.000000E+00  0.000000E+00  0.000000E+00
   H    0.000000E+00  0.000000E+00  0.000000E+00
   H    0.000000E+00  0.000000E+00  0.000000E+00
   H    0.000000E+00  0.000000E+00  0.000000E+00
 


   Partial temperatures (for each ionic specie) 
   Species  Temp (K)   Mean Square Displacement (a.u.)
        1       0.00     0.0000
        2       0.00     0.0000
 
  nfi    ekinc  temph  tempp        etot      enthal       econs       econt    vnhh   xnhh0    vnhp   xnhp0
  510 0.82E-05    0.0    0.0   -13.31425   -13.31343   -13.31343   -13.31342  0.0000  0.0000  0.0000  0.0000    -0.00001
Elct. dipole 1    0.164721  Ionic dipole 1    0.000000
  511 0.80E-05    0.0    0.0   -13.31425   -13.31343   -13.31343   -13.31342  0.0000  0.0000  0.0000  0.0000    -0.00001
Elct. dipole 1    0.164408  Ionic dipole 1    0.000000
  512 0.76E-05    0.0    0.0   -13.31424   -13.31342   -13.31342   -13.31341  0.0000  0.0000  0.0000  0.0000    -0.00001
Elct. dipole 1    0.164145  Ionic dipole 1    0.000000
  513 0.68E-05    0.0    0.0   -13.31423   -13.31341   -13.31341   -13.31340  0.0000  0.0000  0.0000  0.0000    -0.00001
Elct. dipole 1    0.163941  Ionic dipole 1    0.000000
  514 0.59E-05    0.0    0.0   -13.31422   -13.31340   -13.31340   -13.31339  0.0000  0.0000  0.0000  0.0000    -0.00001
Elct. dipole 1    0.163801  Ionic dipole 1    0.000000
  515 0.51E-05    0.0    0.0   -13.31421   -13.31340   -13.31340   -13.31339  0.0000  0.0000  0.0000  0.0000    -0.00001
Elct. dipole 1    0.163726  Ionic dipole 1    0.000000
  516 0.45E-05    0.0    0.0   -13.31422   -13.31340   -13.31340   -13.31339  0.0000  0.0000  0.0000  0.0000    -0.00001
Elct. dipole 1    0.163716  Ionic dipole 1    0.000000
  517 0.42E-05    0.0    0.0   -13.31423   -13.31341   -13.31341   -13.31340  0.0000  0.0000  0.0000  0.0000    -0.00001
Elct. dipole 1    0.163765  Ionic dipole 1    0.000000
  518 0.39E-05    0.0    0.0   -13.31424   -13.31342   -13.31342   -13.31342  0.0000  0.0000  0.0000  0.0000    -0.00001
Elct. dipole 1    0.163868  Ionic dipole 1    0.000000
  519 0.36E-05    0.0    0.0   -13.31426   -13.31344   -13.31344   -13.31343  0.0000  0.0000  0.0000  0.0000    -0.00001
Elct. dipole 1    0.164017  Ionic dipole 1    0.000000

 * Physical Quantities at step:   520

   from rhoofr: total integrated electronic density
   in g-space =   12.000000   in r-space =  12.000000


                total energy =      -13.31427 Hartree a.u.
              kinetic energy =       10.17389 Hartree a.u.
        electrostatic energy =      -16.97734 Hartree a.u.
                         esr =        0.08081 Hartree a.u.
                       eself =       27.12808 Hartree a.u.
      pseudopotential energy =       -3.23709 Hartree a.u.
  n-l pseudopotential energy =        1.22182 Hartree a.u.
 exchange-correlation energy =       -4.76645 Hartree a.u.
           average potential =        0.00000 Hartree a.u.



   Eigenvalues (eV), kp =   1 , spin =  1

  -28.21  -21.66  -17.74  -15.91  -13.98  -10.24
 
   Allocated memory (kb) =     97332
 
   CELL_PARAMETERS
   25.00000000    0.00000000    0.00000000
    0.00000000   25.00000000    0.00000000
    0.00000000    0.00000000   50.00000000

   System Density [g/cm^3] :     0.0022


   Center of mass square displacement (a.u.):   0.000000

   ATOMIC_POSITIONS
   H    0.000000E+00 -0.376056E+00 -0.286955E+01
   C    0.000000E+00  0.617940E+00 -0.110454E+01
   C    0.000000E+00 -0.617940E+00  0.110454E+01
   H    0.000000E+00  0.265318E+01 -0.110454E+01
   H    0.000000E+00 -0.265318E+01  0.110454E+01
   H    0.000000E+00  0.376056E+00  0.286955E+01
 
   ATOMIC_VELOCITIES
   H    0.000000E+00  0.000000E+00  0.000000E+00
   C    0.000000E+00  0.000000E+00  0.000000E+00
   C    0.000000E+00  0.000000E+00  0.000000E+00
   H    0.000000E+00  0.000000E+00  0.000000E+00
   H    0.000000E+00  0.000000E+00  0.000000E+00
   H    0.000000E+00  0.000000E+00  0.000000E+00
 


   Partial temperatures (for each ionic specie) 
   Species  Temp (K)   Mean Square Displacement (a.u.)
        1       0.00     0.0000
        2       0.00     0.0000
 
  nfi    ekinc  temph  tempp        etot      enthal       econs       econt    vnhh   xnhh0    vnhp   xnhp0
  520 0.32E-05    0.0    0.0   -13.31427   -13.31345   -13.31345   -13.31345  0.0000  0.0000  0.0000  0.0000    -0.00001
Elct. dipole 1    0.164202  Ionic dipole 1    0.000000
  521 0.27E-05    0.0    0.0   -13.31428   -13.31346   -13.31346   -13.31346  0.0000  0.0000  0.0000  0.0000    -0.00001
Elct. dipole 1    0.164412  Ionic dipole 1    0.000000
  522 0.24E-05    0.0    0.0   -13.31429   -13.31347   -13.31347   -13.31346  0.0000  0.0000  0.0000  0.0000    -0.00001
Elct. dipole 1    0.164634  Ionic dipole 1    0.000000
  523 0.21E-05    0.0    0.0   -13.31429   -13.31346   -13.31346   -13.31346  0.0000  0.0000  0.0000  0.0000    -0.00001
Elct. dipole 1    0.164857  Ionic dipole 1    0.000000

   MAIN:          EKINC   (thr)          DETOT   (thr)       MAXFORCE   (thr)
   MAIN:   0.206768D-05  0.1D-04  0.831039D-06  0.1D-05  0.000000D+00  0.1D+11
   MAIN: convergence achieved for system relaxation

 * Physical Quantities at step:   524
  524 0.19E-05    0.0    0.0   -13.31428   -13.31346   -13.31346   -13.31345  0.0000  0.0000  0.0000  0.0000    -0.00001
Elct. dipole 1    0.165069  Ionic dipole 1    0.000000

   writing restart file: ./SCRATCH/opa_96.save
   restart file written in    0.322 sec.



   Averaged Physical Quantities
                      accomulated      this run
   ekinc         :        0.20492       0.00022 (AU)
   ekin          :       10.81846      10.17642 (AU)
   epot          :      -25.02441     -24.98291 (AU)
   total energy  :      -12.99690     -13.31791 (AU)
   temperature   :        0.00000       0.00000 (K )
   enthalpy      :      -12.99609     -13.31709 (AU)
   econs         :      -12.99609     -13.31709 (AU)
   pressure      :        0.00000       0.00000 (Gpa)
   volume        :    31250.00000   31250.00000 (AU)


     initialize   :    19.46s CPU
     total_time   :   528.36s CPU (      66 calls,   8.005 s avg)
     formf        :     0.06s CPU
     rhoofr       :    15.43s CPU (      66 calls,   0.234 s avg)
     vofrho       :    34.16s CPU (      66 calls,   0.518 s avg)
     dforce       :    12.44s CPU (     198 calls,   0.063 s avg)
     calphi       :     0.03s CPU (      66 calls,   0.000 s avg)
     ortho        :     0.48s CPU (      66 calls,   0.007 s avg)
     ortho_iter   :     0.00s CPU (      66 calls,   0.000 s avg)
     rsg          :     0.00s CPU (      66 calls,   0.000 s avg)
     rhoset       :     0.22s CPU (      66 calls,   0.003 s avg)
     updatc       :     0.08s CPU (      66 calls,   0.001 s avg)
     newd         :     0.00s CPU (      66 calls,   0.000 s avg)
     calbec       :     0.09s CPU (     133 calls,   0.001 s avg)
     prefor       :     0.02s CPU (      67 calls,   0.000 s avg)
     strucf       :     0.01s CPU
     nlsm1        :     0.09s CPU (     265 calls,   0.000 s avg)
     fft          :   302.37s CPU (    5218 calls,   0.058 s avg)
     ffts         :     7.61s CPU (     132 calls,   0.058 s avg)
     fftw         :    94.87s CPU (    3366 calls,   0.028 s avg)
     cft3s        :   404.82s CPU (    8716 calls,   0.046 s avg)
     fft_scatter  :    98.71s CPU (    8716 calls,   0.011 s avg)
 
 
     CP           :  9m 8.14s CPU time,     9m11.65s wall time

 
   This run was terminated on:   8:17:46  21Nov2010            

=------------------------------------------------------------------------------=
   JOB DONE.
=------------------------------------------------------------------------------=
