=------------------------------------------------------------------------------=

     CP: variable-cell Car-Parrinello molecular dynamics
     using norm-conserving and ultrasoft Vanderbilt pseudopotentials

     Version: 4.1 - Fri Nov 19 18:50:58 EST 2010                          
     Authors: Alfredo Pasquarello, Kari Laasonen, Andrea Trave, Roberto Car,
       Paolo Giannozzi, Nicola Marzari, Carlo Cavazzoni, Guido Chiarotti,
       Sandro Scandolo, Paolo Focher, Gerardo Ballabio, and others

=------------------------------------------------------------------------------=

   This run was started on:   7:52: 9  22Nov2010               

   MPI Parallel Build
   Tasks =    6  This task id =    0

   Job Title: MD Simulation


   Atomic Pseudopotentials Parameters
   ----------------------------------

   Reading pseudopotential for specie #  1 from file :
   ../../pseudo/H.pz-vbc.UPF
   file type is 20: UPF


   Main Simulation Parameters (from input)
   ---------------------------------------
   Restart Mode       =       1   restart        
   Number of MD Steps =     100
   Print out every            1 MD Steps
   Reads from unit    =      94
   Writes to unit     =      96
   MD Simulation time step            =      15.00
   Electronic fictitious mass (emass) =    1000.00
   emass cut-off                      =       3.00

   Simulation Cell Parameters (from input)
   external pressure       =            0.00 [GPa]
   wmass (calculated)      =          554.09 [AU]
   ibrav =    8
   alat  =    25.00000000
   a1    =    25.00000000    0.00000000    0.00000000
   a2    =     0.00000000   25.00000000    0.00000000
   a3    =     0.00000000    0.00000000   50.00000000
 
   b1    =     0.04000000    0.00000000    0.00000000
   b2    =     0.00000000    0.04000000    0.00000000
   b3    =     0.00000000    0.00000000    0.02000000
   omega = 31250.00000000

   Energy Cut-offs
   ---------------
   Ecutwfc =   25.0 Ry,      Ecutrho =  100.0 Ry,      Ecuts =  100.0 Ry
   Gcutwfc =   19.9     ,    Gcutrho =   39.8          Gcuts =   39.8
   NOTA BENE: refg, mmx =   0.050000  4000
   Eigenvalues calculated without the kinetic term contribution
   Orthog. with lagrange multipliers : eps =   0.10E-07,  max = 500
   verlet algorithm for electron dynamics
   with friction frice =  0.0500 , grease =  1.0000
   Electron dynamics : the temperature is not controlled

   Electronic states
   -----------------
   Local Spin Density calculation
   Number of Electron =     4
   Spins up   =     2, occupations: 
   1.00 1.00
   Spins down =     2, occupations: 
   1.00 1.00


   Exchange and correlations functionals
   -------------------------------------
   Using Local Density Approximation with
     Exchange functional: SLATER                                                      
     Correlation functional: PERDEW AND ZUNGER                                           
     Exchange-correlation      =  SLA  PZ   NOGX NOGC (1100)


   Ions Simulation Parameters
   --------------------------
   Ions are not allowed to move
   Ionic position (from input)
   sorted by specie, and converted to real a.u. coordinates
   Species   1 atoms =    4 mass =      1822.89 (a.u.),         1.00 (amu) rcmax =   1.00 (a.u.)
        0.000000     0.000000    -3.500000
        0.000000     0.000000    -1.500000
        0.000000     0.000000     1.500000
        0.000000     0.000000     3.500000
   Ionic position will be re-read from restart file


   Cell Dynamics Parameters (from STDIN)
   -------------------------------------
   Starting cell generated from CELLDM
   Cell parameters will be re-read from restart file
   Constant VOLUME Molecular dynamics
   cell parameters are not allowed to move

    =====================================
    |  BERRY PHASE ELECTRIC FIELD 1        
    =====================================
    | direction    =         3            
    | intensity    =   0.00500 a.u.     
    =====================================

   Verbosity: iprsta =  1



   Simulation dimensions initialization
   ------------------------------------

   unit vectors of full simulation cell
   in real space:                         in reciprocal space (units 2pi/alat):
   1    25.0000    0.0000    0.0000              1.0000    0.0000    0.0000
   2     0.0000   25.0000    0.0000              0.0000    1.0000    0.0000
   3     0.0000    0.0000   50.0000              0.0000    0.0000    0.5000
 
   Stick Mesh
   ----------
   nst =  2479,  nstw =   619, nsts =  2479
        PEs    n.st   n.stw   n.sts    n.g    n.gw   n.gs
          1     826     208     826   87930   11000   87930
          2     826     206     826   87930   10990   87930
          3     828     206     828   87948   10994   87948
          4     826     206     826   87926   10998   87926
          5     825     205     825   87927   10991   87927
          6     826     206     826   87926   10990   87926
          0    4957    1237    4957  527587   65963  527587
 
 
   Real Mesh
   ---------
   Global Dimensions   Local  Dimensions   Processor Grid
   .X.   .Y.   .Z.     .X.   .Y.   .Z.     .X.   .Y.   .Z.
    80    80   160      80    80    27       1     1     6
   Array leading dimensions ( nr1x, nr2x, nr3x )   =     80    80   160
   Local number of cell to store the grid ( nnrx ) =     172800
   Number of x-y planes for each processors: 
   nr3l =    27   27   27   27   26   26
 
   Smooth Real Mesh
   ----------------
   Global Dimensions   Local  Dimensions   Processor Grid
   .X.   .Y.   .Z.     .X.   .Y.   .Z.     .X.   .Y.   .Z.
    80    80   160      80    80    27       1     1     6
   Array leading dimensions ( nr1x, nr2x, nr3x )   =     80    80   160
   Local number of cell to store the grid ( nnrx ) =     172800
   Number of x-y planes for each processors: 
   nr3sl =    27   27   27   27   26   26
 
   Reciprocal Space Mesh
   ---------------------
                Large Mesh
   PE   Global(ngmt)     Local(ngm) MaxLocal(ngmx)
    1         263794          43965          43974
    2         263794          43965          43974
    3         263794          43974          43974
    4         263794          43963          43974
    5         263794          43964          43974
    6         263794          43963          43974
                Smooth Mesh
   PE   Global(ngst)     Local(ngs) MaxLocal(ngsx)
    1         263794          43965          43974
    2         263794          43965          43974
    3         263794          43974          43974
    4         263794          43963          43974
    5         263794          43964          43974
    6         263794          43963          43974
                Wave function Mesh
   PE   Global(ngwt)     Local(ngw) MaxLocal(ngwx)
    1          32982           5500           5500
    2          32982           5495           5500
    3          32982           5497           5500
    4          32982           5499           5500
    5          32982           5496           5500
    6          32982           5495           5500


   System geometry initialization
   ------------------------------
 
   Scaled positions from standard input
   H    0.000000E+00  0.000000E+00 -0.700000E-01
   H    0.000000E+00  0.000000E+00 -0.300000E-01
   H    0.000000E+00  0.000000E+00  0.300000E-01
   H    0.000000E+00  0.000000E+00  0.700000E-01
   ibrav =    8       cell parameters 

      25.00000       0.00000       0.00000
       0.00000      25.00000       0.00000
       0.00000       0.00000      50.00000
 

   Matrix Multiplication Performances
   ortho mmul, time for parallel driver      =   0.00000 with    1 procs

   Constraints matrixes will be distributed block like on
   ortho sub-group =    1*   1 procs



   Pseudopotentials initialization
   -------------------------------


   Common initialization

   Specie:     1
 
                        dion 
 
   Short Legend and Physical Units in the Output
   ---------------------------------------------
   NFI    [int]          - step index
   EKINC  [HARTREE A.U.] - kinetic energy of the fictitious electronic dynamics
   TEMPH  [K]            - Temperature of the fictitious cell dynamics
   TEMP   [K]            - Ionic temperature
   ETOT   [HARTREE A.U.] - Scf total energy (Kohn-Sham hamiltonian)
   ENTHAL [HARTREE A.U.] - Enthalpy ( ETOT + P * V )
   ECONS  [HARTREE A.U.] - Enthalpy + kinetic energy of ions and cell
   ECONT  [HARTREE A.U.] - Constant of motion for the CP lagrangian
 
   HF scaling factor =  1.0000
   f_cutoff =  0.1000
   EE with periodic-image correction method = tcc                 

   reading restart file: ./SCRATCH/h4_trad_94.save
   restart file read in    0.040 sec.

 nprint_nfi=           -2
 nprint_nfi=          298

   formf: eself=   1.59577
   formf:     vps(g=0)=  -0.0001012     rhops(g=0)=  -0.0000315
   formf: sum_g vps(g)=  -2.2273115 sum_g rhops(g)=  -0.0898096
   Delta V(G=0):   0.000402Ry,    0.010936eV
Initialize Berry phase electric field
 Additional found:       57140
 Additional found:       54816
 Additional found:       57141
 Additional found:       54817
 #not found, gtable:    1237.00000000000     
 #not found, gtabin:    1237.00000000000     
 
  nfi    ekinc  temph  tempp        etot      enthal       econs       econt    vnhh   xnhh0    vnhp   xnhp0
  299 0.22E-03    0.0    0.0    -2.19443    -2.19353    -2.19353    -2.19331  0.0000  0.0000  0.0000  0.0000     0.00000
Elct. dipole 1    0.179394  Ionic dipole 1    0.000000

 * Physical Quantities at step:   300

   from rhoofr: total integrated electronic density
   spin up
   in g-space =    2.000000   in r-space =   2.000000
   spin down
   in g-space =    2.000000   in r-space =   2.000000


                total energy =       -2.15057 Hartree a.u.
              kinetic energy =        1.72401 Hartree a.u.
        electrostatic energy =       -1.51218 Hartree a.u.
                         esr =        0.04640 Hartree a.u.
                       eself =        1.59577 Hartree a.u.
      pseudopotential energy =       -1.24153 Hartree a.u.
  n-l pseudopotential energy =        0.00000 Hartree a.u.
 exchange-correlation energy =       -1.16366 Hartree a.u.
           average potential =        0.00000 Hartree a.u.



   Eigenvalues (eV), kp =   1 , spin =  1

  -15.33  -12.86

   Eigenvalues (eV), kp =   1 , spin =  2

  -15.33  -12.86
 
   Allocated memory (kb) =     40456
 
   CELL_PARAMETERS
   25.00000000    0.00000000    0.00000000
    0.00000000   25.00000000    0.00000000
    0.00000000    0.00000000   50.00000000

   System Density [g/cm^3] :     0.0014


   Center of mass square displacement (a.u.):   0.000000

   ATOMIC_POSITIONS
   H    0.000000E+00  0.000000E+00 -0.350000E+01
   H    0.000000E+00  0.000000E+00 -0.150000E+01
   H    0.000000E+00  0.000000E+00  0.150000E+01
   H    0.000000E+00  0.000000E+00  0.350000E+01
 
   ATOMIC_VELOCITIES
   H    0.000000E+00  0.000000E+00  0.000000E+00
   H    0.000000E+00  0.000000E+00  0.000000E+00
   H    0.000000E+00  0.000000E+00  0.000000E+00
   H    0.000000E+00  0.000000E+00  0.000000E+00
 


   Partial temperatures (for each ionic specie) 
   Species  Temp (K)   Mean Square Displacement (a.u.)
        1       0.00     0.0000
 
  nfi    ekinc  temph  tempp        etot      enthal       econs       econt    vnhh   xnhh0    vnhp   xnhp0
  300 0.84E-03    0.0    0.0    -2.15057    -2.14968    -2.14968    -2.14884  0.0000  0.0000  0.0000  0.0000     0.00000
Elct. dipole 1    0.178784  Ionic dipole 1    0.000000

   writing restart file: ./SCRATCH/h4_trad_96.save
   restart file written in    0.205 sec.

  301 0.15E-02    0.0    0.0    -2.15086    -2.14998    -2.14998    -2.14850  0.0000  0.0000  0.0000  0.0000     0.00000
Elct. dipole 1    0.177318  Ionic dipole 1    0.000000
  302 0.16E-02    0.0    0.0    -2.15112    -2.15024    -2.15024    -2.14859  0.0000  0.0000  0.0000  0.0000     0.00000
Elct. dipole 1    0.175201  Ionic dipole 1    0.000000
  303 0.13E-02    0.0    0.0    -2.15121    -2.15034    -2.15034    -2.14901  0.0000  0.0000  0.0000  0.0000     0.00000
Elct. dipole 1    0.172651  Ionic dipole 1    0.000000
  304 0.87E-03    0.0    0.0    -2.15135    -2.15050    -2.15050    -2.14963  0.0000  0.0000  0.0000  0.0000     0.00000
Elct. dipole 1    0.169857  Ionic dipole 1    0.000000
  305 0.58E-03    0.0    0.0    -2.15177    -2.15094    -2.15094    -2.15036  0.0000  0.0000  0.0000  0.0000     0.00000
Elct. dipole 1    0.166944  Ionic dipole 1    0.000000
  306 0.51E-03    0.0    0.0    -2.15243    -2.15161    -2.15161    -2.15110  0.0000  0.0000  0.0000  0.0000     0.00000
Elct. dipole 1    0.163971  Ionic dipole 1    0.000000
  307 0.53E-03    0.0    0.0    -2.15307    -2.15226    -2.15226    -2.15173  0.0000  0.0000  0.0000  0.0000     0.00000
Elct. dipole 1    0.160967  Ionic dipole 1    0.000000
  308 0.50E-03    0.0    0.0    -2.15344    -2.15265    -2.15265    -2.15215  0.0000  0.0000  0.0000  0.0000     0.00000
Elct. dipole 1    0.157975  Ionic dipole 1    0.000000
  309 0.39E-03    0.0    0.0    -2.15350    -2.15272    -2.15272    -2.15233  0.0000  0.0000  0.0000  0.0000     0.00000
Elct. dipole 1    0.155098  Ionic dipole 1    0.000000

 * Physical Quantities at step:   310

   from rhoofr: total integrated electronic density
   spin up
   in g-space =    2.000000   in r-space =   2.000000
   spin down
   in g-space =    2.000000   in r-space =   2.000000


                total energy =       -2.15337 Hartree a.u.
              kinetic energy =        1.72691 Hartree a.u.
        electrostatic energy =       -1.50992 Hartree a.u.
                         esr =        0.04640 Hartree a.u.
                       eself =        1.59577 Hartree a.u.
      pseudopotential energy =       -1.23934 Hartree a.u.
  n-l pseudopotential energy =        0.00000 Hartree a.u.
 exchange-correlation energy =       -1.16716 Hartree a.u.
           average potential =        0.00000 Hartree a.u.



   Eigenvalues (eV), kp =   1 , spin =  1

  -15.26  -12.94

   Eigenvalues (eV), kp =   1 , spin =  2

  -15.26  -12.94
 
   Allocated memory (kb) =     40456
 
   CELL_PARAMETERS
   25.00000000    0.00000000    0.00000000
    0.00000000   25.00000000    0.00000000
    0.00000000    0.00000000   50.00000000

   System Density [g/cm^3] :     0.0014


   Center of mass square displacement (a.u.):   0.000000

   ATOMIC_POSITIONS
   H    0.000000E+00  0.000000E+00 -0.350000E+01
   H    0.000000E+00  0.000000E+00 -0.150000E+01
   H    0.000000E+00  0.000000E+00  0.150000E+01
   H    0.000000E+00  0.000000E+00  0.350000E+01
 
   ATOMIC_VELOCITIES
   H    0.000000E+00  0.000000E+00  0.000000E+00
   H    0.000000E+00  0.000000E+00  0.000000E+00
   H    0.000000E+00  0.000000E+00  0.000000E+00
   H    0.000000E+00  0.000000E+00  0.000000E+00
 


   Partial temperatures (for each ionic specie) 
   Species  Temp (K)   Mean Square Displacement (a.u.)
        1       0.00     0.0000
 
  nfi    ekinc  temph  tempp        etot      enthal       econs       econt    vnhh   xnhh0    vnhp   xnhp0
  310 0.31E-03    0.0    0.0    -2.15337    -2.15261    -2.15261    -2.15230  0.0000  0.0000  0.0000  0.0000     0.00000
Elct. dipole 1    0.152509  Ionic dipole 1    0.000000
  311 0.32E-03    0.0    0.0    -2.15324    -2.15249    -2.15249    -2.15217  0.0000  0.0000  0.0000  0.0000     0.00000
Elct. dipole 1    0.150430  Ionic dipole 1    0.000000
  312 0.40E-03    0.0    0.0    -2.15317    -2.15242    -2.15242    -2.15203  0.0000  0.0000  0.0000  0.0000     0.00000
Elct. dipole 1    0.149093  Ionic dipole 1    0.000000
  313 0.46E-03    0.0    0.0    -2.15315    -2.15241    -2.15241    -2.15195  0.0000  0.0000  0.0000  0.0000     0.00000
Elct. dipole 1    0.148683  Ionic dipole 1    0.000000
  314 0.43E-03    0.0    0.0    -2.15313    -2.15238    -2.15238    -2.15195  0.0000  0.0000  0.0000  0.0000     0.00000
Elct. dipole 1    0.149299  Ionic dipole 1    0.000000
  315 0.33E-03    0.0    0.0    -2.15310    -2.15234    -2.15234    -2.15201  0.0000  0.0000  0.0000  0.0000     0.00000
Elct. dipole 1    0.150932  Ionic dipole 1    0.000000
  316 0.21E-03    0.0    0.0    -2.15308    -2.15231    -2.15231    -2.15210  0.0000  0.0000  0.0000  0.0000     0.00000
Elct. dipole 1    0.153458  Ionic dipole 1    0.000000
  317 0.13E-03    0.0    0.0    -2.15311    -2.15232    -2.15232    -2.15219  0.0000  0.0000  0.0000  0.0000     0.00000
Elct. dipole 1    0.156652  Ionic dipole 1    0.000000
  318 0.11E-03    0.0    0.0    -2.15318    -2.15238    -2.15238    -2.15227  0.0000  0.0000  0.0000  0.0000     0.00000
Elct. dipole 1    0.160215  Ionic dipole 1    0.000000
  319 0.14E-03    0.0    0.0    -2.15326    -2.15244    -2.15244    -2.15230  0.0000  0.0000  0.0000  0.0000     0.00000
Elct. dipole 1    0.163807  Ionic dipole 1    0.000000

 * Physical Quantities at step:   320

   from rhoofr: total integrated electronic density
   spin up
   in g-space =    2.000000   in r-space =   2.000000
   spin down
   in g-space =    2.000000   in r-space =   2.000000


                total energy =       -2.15329 Hartree a.u.
              kinetic energy =        1.69691 Hartree a.u.
        electrostatic energy =       -1.50804 Hartree a.u.
                         esr =        0.04640 Hartree a.u.
                       eself =        1.59577 Hartree a.u.
      pseudopotential energy =       -1.21861 Hartree a.u.
  n-l pseudopotential energy =        0.00000 Hartree a.u.
 exchange-correlation energy =       -1.16117 Hartree a.u.
           average potential =        0.00000 Hartree a.u.



   Eigenvalues (eV), kp =   1 , spin =  1

  -15.30  -12.89

   Eigenvalues (eV), kp =   1 , spin =  2

  -15.30  -12.89
 
   Allocated memory (kb) =     40456
 
   CELL_PARAMETERS
   25.00000000    0.00000000    0.00000000
    0.00000000   25.00000000    0.00000000
    0.00000000    0.00000000   50.00000000

   System Density [g/cm^3] :     0.0014


   Center of mass square displacement (a.u.):   0.000000

   ATOMIC_POSITIONS
   H    0.000000E+00  0.000000E+00 -0.350000E+01
   H    0.000000E+00  0.000000E+00 -0.150000E+01
   H    0.000000E+00  0.000000E+00  0.150000E+01
   H    0.000000E+00  0.000000E+00  0.350000E+01
 
   ATOMIC_VELOCITIES
   H    0.000000E+00  0.000000E+00  0.000000E+00
   H    0.000000E+00  0.000000E+00  0.000000E+00
   H    0.000000E+00  0.000000E+00  0.000000E+00
   H    0.000000E+00  0.000000E+00  0.000000E+00
 


   Partial temperatures (for each ionic specie) 
   Species  Temp (K)   Mean Square Displacement (a.u.)
        1       0.00     0.0000
 
  nfi    ekinc  temph  tempp        etot      enthal       econs       econt    vnhh   xnhh0    vnhp   xnhp0
  320 0.16E-03    0.0    0.0    -2.15329    -2.15245    -2.15245    -2.15229  0.0000  0.0000  0.0000  0.0000     0.00000
Elct. dipole 1    0.167085  Ionic dipole 1    0.000000
  321 0.17E-03    0.0    0.0    -2.15324    -2.15240    -2.15240    -2.15223  0.0000  0.0000  0.0000  0.0000     0.00000
Elct. dipole 1    0.169749  Ionic dipole 1    0.000000
  322 0.15E-03    0.0    0.0    -2.15315    -2.15229    -2.15229    -2.15214  0.0000  0.0000  0.0000  0.0000     0.00000
Elct. dipole 1    0.171574  Ionic dipole 1    0.000000
  323 0.13E-03    0.0    0.0    -2.15304    -2.15218    -2.15218    -2.15204  0.0000  0.0000  0.0000  0.0000     0.00000
Elct. dipole 1    0.172431  Ionic dipole 1    0.000000
  324 0.12E-03    0.0    0.0    -2.15296    -2.15209    -2.15209    -2.15197  0.0000  0.0000  0.0000  0.0000     0.00000
Elct. dipole 1    0.172303  Ionic dipole 1    0.000000
  325 0.11E-03    0.0    0.0    -2.15292    -2.15206    -2.15206    -2.15195  0.0000  0.0000  0.0000  0.0000     0.00000
Elct. dipole 1    0.171275  Ionic dipole 1    0.000000
  326 0.96E-04    0.0    0.0    -2.15294    -2.15209    -2.15209    -2.15199  0.0000  0.0000  0.0000  0.0000     0.00000
Elct. dipole 1    0.169514  Ionic dipole 1    0.000000
  327 0.76E-04    0.0    0.0    -2.15300    -2.15216    -2.15216    -2.15209  0.0000  0.0000  0.0000  0.0000     0.00000
Elct. dipole 1    0.167240  Ionic dipole 1    0.000000
  328 0.56E-04    0.0    0.0    -2.15310    -2.15227    -2.15227    -2.15222  0.0000  0.0000  0.0000  0.0000     0.00000
Elct. dipole 1    0.164697  Ionic dipole 1    0.000000
  329 0.44E-04    0.0    0.0    -2.15321    -2.15240    -2.15240    -2.15236  0.0000  0.0000  0.0000  0.0000     0.00000
Elct. dipole 1    0.162125  Ionic dipole 1    0.000000

 * Physical Quantities at step:   330

   from rhoofr: total integrated electronic density
   spin up
   in g-space =    2.000000   in r-space =   2.000000
   spin down
   in g-space =    2.000000   in r-space =   2.000000


                total energy =       -2.15334 Hartree a.u.
              kinetic energy =        1.70891 Hartree a.u.
        electrostatic energy =       -1.50843 Hartree a.u.
                         esr =        0.04640 Hartree a.u.
                       eself =        1.59577 Hartree a.u.
      pseudopotential energy =       -1.22468 Hartree a.u.
  n-l pseudopotential energy =        0.00000 Hartree a.u.
 exchange-correlation energy =       -1.16545 Hartree a.u.
           average potential =        0.00000 Hartree a.u.



   Eigenvalues (eV), kp =   1 , spin =  1

  -15.26  -12.90

   Eigenvalues (eV), kp =   1 , spin =  2

  -15.26  -12.90
 
   Allocated memory (kb) =     40456
 
   CELL_PARAMETERS
   25.00000000    0.00000000    0.00000000
    0.00000000   25.00000000    0.00000000
    0.00000000    0.00000000   50.00000000

   System Density [g/cm^3] :     0.0014


   Center of mass square displacement (a.u.):   0.000000

   ATOMIC_POSITIONS
   H    0.000000E+00  0.000000E+00 -0.350000E+01
   H    0.000000E+00  0.000000E+00 -0.150000E+01
   H    0.000000E+00  0.000000E+00  0.150000E+01
   H    0.000000E+00  0.000000E+00  0.350000E+01
 
   ATOMIC_VELOCITIES
   H    0.000000E+00  0.000000E+00  0.000000E+00
   H    0.000000E+00  0.000000E+00  0.000000E+00
   H    0.000000E+00  0.000000E+00  0.000000E+00
   H    0.000000E+00  0.000000E+00  0.000000E+00
 


   Partial temperatures (for each ionic specie) 
   Species  Temp (K)   Mean Square Displacement (a.u.)
        1       0.00     0.0000
 
  nfi    ekinc  temph  tempp        etot      enthal       econs       econt    vnhh   xnhh0    vnhp   xnhp0
  330 0.44E-04    0.0    0.0    -2.15334    -2.15254    -2.15254    -2.15249  0.0000  0.0000  0.0000  0.0000     0.00000
Elct. dipole 1    0.159738  Ionic dipole 1    0.000000
  331 0.52E-04    0.0    0.0    -2.15344    -2.15265    -2.15265    -2.15260  0.0000  0.0000  0.0000  0.0000     0.00000
Elct. dipole 1    0.157710  Ionic dipole 1    0.000000
  332 0.58E-04    0.0    0.0    -2.15351    -2.15272    -2.15272    -2.15267  0.0000  0.0000  0.0000  0.0000     0.00000
Elct. dipole 1    0.156167  Ionic dipole 1    0.000000
  333 0.57E-04    0.0    0.0    -2.15352    -2.15274    -2.15274    -2.15269  0.0000  0.0000  0.0000  0.0000     0.00000
Elct. dipole 1    0.155183  Ionic dipole 1    0.000000
  334 0.49E-04    0.0    0.0    -2.15349    -2.15271    -2.15271    -2.15267  0.0000  0.0000  0.0000  0.0000     0.00000
Elct. dipole 1    0.154784  Ionic dipole 1    0.000000
  335 0.38E-04    0.0    0.0    -2.15343    -2.15265    -2.15265    -2.15261  0.0000  0.0000  0.0000  0.0000     0.00000
Elct. dipole 1    0.154948  Ionic dipole 1    0.000000
  336 0.29E-04    0.0    0.0    -2.15336    -2.15258    -2.15258    -2.15255  0.0000  0.0000  0.0000  0.0000     0.00000
Elct. dipole 1    0.155611  Ionic dipole 1    0.000000
  337 0.25E-04    0.0    0.0    -2.15329    -2.15251    -2.15251    -2.15248  0.0000  0.0000  0.0000  0.0000     0.00000
Elct. dipole 1    0.156679  Ionic dipole 1    0.000000
  338 0.23E-04    0.0    0.0    -2.15324    -2.15245    -2.15245    -2.15243  0.0000  0.0000  0.0000  0.0000     0.00000
Elct. dipole 1    0.158034  Ionic dipole 1    0.000000
  339 0.21E-04    0.0    0.0    -2.15321    -2.15241    -2.15241    -2.15239  0.0000  0.0000  0.0000  0.0000     0.00000
Elct. dipole 1    0.159547  Ionic dipole 1    0.000000

 * Physical Quantities at step:   340

   from rhoofr: total integrated electronic density
   spin up
   in g-space =    2.000000   in r-space =   2.000000
   spin down
   in g-space =    2.000000   in r-space =   2.000000


                total energy =       -2.15320 Hartree a.u.
              kinetic energy =        1.70765 Hartree a.u.
        electrostatic energy =       -1.50861 Hartree a.u.
                         esr =        0.04640 Hartree a.u.
                       eself =        1.59577 Hartree a.u.
      pseudopotential energy =       -1.22530 Hartree a.u.
  n-l pseudopotential energy =        0.00000 Hartree a.u.
 exchange-correlation energy =       -1.16426 Hartree a.u.
           average potential =        0.00000 Hartree a.u.



   Eigenvalues (eV), kp =   1 , spin =  1

  -15.28  -12.89

   Eigenvalues (eV), kp =   1 , spin =  2

  -15.28  -12.89
 
   Allocated memory (kb) =     40456
 
   CELL_PARAMETERS
   25.00000000    0.00000000    0.00000000
    0.00000000   25.00000000    0.00000000
    0.00000000    0.00000000   50.00000000

   System Density [g/cm^3] :     0.0014


   Center of mass square displacement (a.u.):   0.000000

   ATOMIC_POSITIONS
   H    0.000000E+00  0.000000E+00 -0.350000E+01
   H    0.000000E+00  0.000000E+00 -0.150000E+01
   H    0.000000E+00  0.000000E+00  0.150000E+01
   H    0.000000E+00  0.000000E+00  0.350000E+01
 
   ATOMIC_VELOCITIES
   H    0.000000E+00  0.000000E+00  0.000000E+00
   H    0.000000E+00  0.000000E+00  0.000000E+00
   H    0.000000E+00  0.000000E+00  0.000000E+00
   H    0.000000E+00  0.000000E+00  0.000000E+00
 


   Partial temperatures (for each ionic specie) 
   Species  Temp (K)   Mean Square Displacement (a.u.)
        1       0.00     0.0000
 
  nfi    ekinc  temph  tempp        etot      enthal       econs       econt    vnhh   xnhh0    vnhp   xnhp0
  340 0.19E-04    0.0    0.0    -2.15320    -2.15240    -2.15240    -2.15238  0.0000  0.0000  0.0000  0.0000     0.00000
Elct. dipole 1    0.161091  Ionic dipole 1    0.000000
  341 0.18E-04    0.0    0.0    -2.15321    -2.15240    -2.15240    -2.15238  0.0000  0.0000  0.0000  0.0000     0.00000
Elct. dipole 1    0.162545  Ionic dipole 1    0.000000
  342 0.18E-04    0.0    0.0    -2.15323    -2.15242    -2.15242    -2.15240  0.0000  0.0000  0.0000  0.0000     0.00000
Elct. dipole 1    0.163808  Ionic dipole 1    0.000000
  343 0.19E-04    0.0    0.0    -2.15326    -2.15244    -2.15244    -2.15242  0.0000  0.0000  0.0000  0.0000     0.00000
Elct. dipole 1    0.164801  Ionic dipole 1    0.000000
  344 0.18E-04    0.0    0.0    -2.15328    -2.15246    -2.15246    -2.15244  0.0000  0.0000  0.0000  0.0000     0.00000
Elct. dipole 1    0.165469  Ionic dipole 1    0.000000
  345 0.16E-04    0.0    0.0    -2.15330    -2.15247    -2.15247    -2.15245  0.0000  0.0000  0.0000  0.0000     0.00000
Elct. dipole 1    0.165789  Ionic dipole 1    0.000000
  346 0.12E-04    0.0    0.0    -2.15330    -2.15248    -2.15248    -2.15246  0.0000  0.0000  0.0000  0.0000     0.00000
Elct. dipole 1    0.165761  Ionic dipole 1    0.000000
  347 0.90E-05    0.0    0.0    -2.15330    -2.15248    -2.15248    -2.15247  0.0000  0.0000  0.0000  0.0000     0.00000
Elct. dipole 1    0.165413  Ionic dipole 1    0.000000

   MAIN:          EKINC   (thr)          DETOT   (thr)       MAXFORCE   (thr)
   MAIN:   0.904631D-05  0.1D-04  0.179296D-06  0.1D-05  0.000000D+00  0.1D+11
   MAIN: convergence achieved for system relaxation

 * Physical Quantities at step:   348
  348 0.72E-05    0.0    0.0    -2.15330    -2.15248    -2.15248    -2.15247  0.0000  0.0000  0.0000  0.0000     0.00000
Elct. dipole 1    0.164796  Ionic dipole 1    0.000000

   writing restart file: ./SCRATCH/h4_trad_96.save
   restart file written in    0.208 sec.



   Averaged Physical Quantities
                      accomulated      this run
   ekinc         :        0.16120       0.00027 (AU)
   ekin          :        1.89711       1.70882 (AU)
   epot          :       -3.81524      -3.89902 (AU)
   total energy  :       -1.92934      -2.15379 (AU)
   temperature   :        0.00000       0.00000 (K )
   enthalpy      :       -1.92849      -2.15298 (AU)
   econs         :       -1.92849      -2.15298 (AU)
   pressure      :        0.00000       0.00000 (Gpa)
   volume        :    31250.00000   31250.00000 (AU)


     initialize   :     5.10s CPU
     total_time   :    53.86s CPU (      50 calls,   1.077 s avg)
     formf        :     0.01s CPU
     rhoofr       :     4.03s CPU (      50 calls,   0.081 s avg)
     vofrho       :    11.87s CPU (      50 calls,   0.237 s avg)
     dforce       :     2.42s CPU (     100 calls,   0.024 s avg)
     calphi       :     0.01s CPU (      50 calls,   0.000 s avg)
     ortho        :     0.06s CPU (      50 calls,   0.001 s avg)
     ortho_iter   :     0.00s CPU (     100 calls,   0.000 s avg)
     rsg          :     0.00s CPU (     100 calls,   0.000 s avg)
     rhoset       :     0.05s CPU (     100 calls,   0.001 s avg)
     updatc       :     0.00s CPU (     100 calls,   0.000 s avg)
     newd         :     0.00s CPU (      50 calls,   0.000 s avg)
     calbec       :     0.00s CPU (     101 calls,   0.000 s avg)
     prefor       :     0.00s CPU (      51 calls,   0.000 s avg)
     strucf       :     0.00s CPU
     nlsm1        :     0.00s CPU (     201 calls,   0.000 s avg)
     fft          :    25.53s CPU (    1154 calls,   0.022 s avg)
     ffts         :     2.20s CPU (     100 calls,   0.022 s avg)
     fftw         :     9.60s CPU (     900 calls,   0.011 s avg)
     cft3s        :    37.33s CPU (    2154 calls,   0.017 s avg)
     fft_scatter  :    12.95s CPU (    2154 calls,   0.006 s avg)
 
 
     CP           :    59.14s CPU time,   59.86s wall time

 
   This run was terminated on:   7:53: 9  22Nov2010            

=------------------------------------------------------------------------------=
   JOB DONE.
=------------------------------------------------------------------------------=
