=------------------------------------------------------------------------------=

     CP: variable-cell Car-Parrinello molecular dynamics
     using norm-conserving and ultrasoft Vanderbilt pseudopotentials

     Version: 4.1 - Fri Nov 19 18:50:58 EST 2010                          
     Authors: Alfredo Pasquarello, Kari Laasonen, Andrea Trave, Roberto Car,
       Paolo Giannozzi, Nicola Marzari, Carlo Cavazzoni, Guido Chiarotti,
       Sandro Scandolo, Paolo Focher, Gerardo Ballabio, and others

=------------------------------------------------------------------------------=

   This run was started on:   7:38:55  21Nov2010               

   MPI Parallel Build
   Tasks =    1  This task id =    0

   Job Title: MD Simulation


   Atomic Pseudopotentials Parameters
   ----------------------------------

   Reading pseudopotential for specie #  1 from file :
   ../../pseudo/H.pz-vbc.UPF
   file type is 20: UPF

   Reading pseudopotential for specie #  2 from file :
   ../../pseudo/C.pz-vbc.UPF
   file type is 20: UPF


   Main Simulation Parameters (from input)
   ---------------------------------------
   Restart Mode       =      -1   from_scratch   
   Number of MD Steps =       1
   Print out every            1 MD Steps
   Reads from unit    =      89
   Writes to unit     =      90
   MD Simulation time step            =      15.00
   Electronic fictitious mass (emass) =    1000.00
   emass cut-off                      =       3.00

   Simulation Cell Parameters (from input)
   external pressure       =            0.00 [GPa]
   wmass (calculated)      =          831.14 [AU]
   ibrav =    8
   alat  =    25.00000000
   a1    =    25.00000000    0.00000000    0.00000000
   a2    =     0.00000000   25.00000000    0.00000000
   a3    =     0.00000000    0.00000000   50.00000000
 
   b1    =     0.04000000    0.00000000    0.00000000
   b2    =     0.00000000    0.04000000    0.00000000
   b3    =     0.00000000    0.00000000    0.02000000
   omega = 31250.00000000

   Energy Cut-offs
   ---------------
   Ecutwfc =   40.0 Ry,      Ecutrho =  160.0 Ry,      Ecuts =  160.0 Ry
   Gcutwfc =   25.2     ,    Gcutrho =   50.3          Gcuts =   50.3
   NOTA BENE: refg, mmx =   0.050000  6400
   Orthog. with Gram-Schmidt
   verlet algorithm for electron dynamics
   with friction frice =  0.0500 , grease =  1.0000
   Electron dynamics : the temperature is not controlled
   initial random displacement of el. coordinates with  amplitude=  0.020000

   Electronic states
   -----------------
   Number of Electron =    12, of States =     6
   Occupation numbers :
   2.00 2.00 2.00 2.00 2.00 2.00


   Exchange and correlations functionals
   -------------------------------------
   Using Local Density Approximation with
     Exchange functional: SLATER                                                      
     Correlation functional: PERDEW AND ZUNGER                                           
     Exchange-correlation      =  SLA  PZ   NOGX NOGC (1100)


   Ions Simulation Parameters
   --------------------------
   Ions are not allowed to move
   Ionic position (from input)
   sorted by specie, and converted to real a.u. coordinates
   Species   1 atoms =    4 mass =      1822.89 (a.u.),         1.00 (amu) rcmax =   1.00 (a.u.)
        0.000000    -0.376056    -2.869549
        0.000000     2.653175    -1.104545
        0.000000    -2.653175     1.104545
        0.000000     0.376056     2.869549
   Species   2 atoms =    2 mass =      1822.89 (a.u.),         1.00 (amu) rcmax =   0.50 (a.u.)
        0.000000     0.617940    -1.104545
        0.000000    -0.617940     1.104545
   Ionic position read from input file


   Cell Dynamics Parameters (from STDIN)
   -------------------------------------
   Starting cell generated from CELLDM
   Constant VOLUME Molecular dynamics
   cell parameters are not allowed to move

   Verbosity: iprsta =  1



   Simulation dimensions initialization
   ------------------------------------

   unit vectors of full simulation cell
   in real space:                         in reciprocal space (units 2pi/alat):
   1    25.0000    0.0000    0.0000              1.0000    0.0000    0.0000
   2     0.0000   25.0000    0.0000              0.0000    1.0000    0.0000
   3     0.0000    0.0000   50.0000              0.0000    0.0000    0.5000
 
   Stick Mesh
   ----------
   nst =  3991,  nstw =   997, nsts =  3991
        PEs    n.st   n.stw   n.sts    n.g    n.gw   n.gs
          1    7981    1993    7981 1068157  133637 1068157
          0    7981    1993    7981 1068157  133637 1068157
 
 
   Real Mesh
   ---------
   Global Dimensions   Local  Dimensions   Processor Grid
   .X.   .Y.   .Z.     .X.   .Y.   .Z.     .X.   .Y.   .Z.
   108   108   216     108   108   216       1     1     1
   Array leading dimensions ( nr1x, nr2x, nr3x )   =    108   108   216
   Local number of cell to store the grid ( nnrx ) =    2519424
   Number of x-y planes for each processors: 
   nr3l =   216
 
   Smooth Real Mesh
   ----------------
   Global Dimensions   Local  Dimensions   Processor Grid
   .X.   .Y.   .Z.     .X.   .Y.   .Z.     .X.   .Y.   .Z.
   108   108   216     108   108   216       1     1     1
   Array leading dimensions ( nr1x, nr2x, nr3x )   =    108   108   216
   Local number of cell to store the grid ( nnrx ) =    2519424
   Number of x-y planes for each processors: 
   nr3sl =   216
 
   Reciprocal Space Mesh
   ---------------------
                Large Mesh
   PE   Global(ngmt)     Local(ngm) MaxLocal(ngmx)
    1         534079         534079         534079
                Smooth Mesh
   PE   Global(ngst)     Local(ngs) MaxLocal(ngsx)
    1         534079         534079         534079
                Wave function Mesh
   PE   Global(ngwt)     Local(ngw) MaxLocal(ngwx)
    1          66819          66819          66819


   System geometry initialization
   ------------------------------
 
   Scaled positions from standard input
   H    0.000000E+00 -0.150422E-01 -0.573910E-01
   H    0.000000E+00  0.106127E+00 -0.220909E-01
   H    0.000000E+00 -0.106127E+00  0.220909E-01
   H    0.000000E+00  0.150422E-01  0.573910E-01
   C    0.000000E+00  0.247176E-01 -0.220909E-01
   C    0.000000E+00 -0.247176E-01  0.220909E-01

   Matrix Multiplication Performances
   ortho mmul, time for parallel driver      =   0.00000 with    1 procs

   Constraints matrixes will be distributed block like on
   ortho sub-group =    1*   1 procs



   Pseudopotentials initialization
   -------------------------------


   Common initialization

   Specie:     1
 
                        dion 

   Specie:     2
   1  indv=  1   ang. mom=  0
 
                        dion 
   0.5848
 
   Short Legend and Physical Units in the Output
   ---------------------------------------------
   NFI    [int]          - step index
   EKINC  [HARTREE A.U.] - kinetic energy of the fictitious electronic dynamics
   TEMPH  [K]            - Temperature of the fictitious cell dynamics
   TEMP   [K]            - Ionic temperature
   ETOT   [HARTREE A.U.] - Scf total energy (Kohn-Sham hamiltonian)
   ENTHAL [HARTREE A.U.] - Enthalpy ( ETOT + P * V )
   ECONS  [HARTREE A.U.] - Enthalpy + kinetic energy of ions and cell
   ECONT  [HARTREE A.U.] - Constant of motion for the CP lagrangian
 
   EE with periodic-image correction method = tcc                 


   Wave Initialization: random initial wave-functions
   Occupation number from init
   nbnd =     6
    2.00 2.00 2.00 2.00 2.00 2.00

   formf: eself=  27.12808
   formf:     vps(g=0)=  -0.0001020     rhops(g=0)=  -0.0000320
   formf: sum_g vps(g)=  -2.5060569 sum_g rhops(g)=  -0.0898096
   formf:     vps(g=0)=  -0.0001032     rhops(g=0)=  -0.0001280
   formf: sum_g vps(g)=  -2.9163930 sum_g rhops(g)=  -2.8729706
   Delta V(G=0):   0.000603Ry,    0.016407eV

   from rhoofr: total integrated electronic density
   in g-space =   12.000000   in r-space =  12.000000

 * Physical Quantities at step:     1
      NOTE: eigenvalues are not computed without ortho
 
  nfi    ekinc  temph  tempp        etot      enthal       econs       econt    vnhh   xnhh0    vnhp   xnhp0
    1 0.26E+01    0.0    0.0    59.60039    59.60039    59.60039    62.20993  0.0000  0.0000  0.0000  0.0000     0.04601

   writing restart file: ./SCRATCH/opa_90.save
   restart file written in    0.227 sec.



   Averaged Physical Quantities
                      accomulated      this run
   ekinc         :        2.60954       2.60954 (AU)
   ekin          :       55.40145      55.40145 (AU)
   epot          :        4.19422       4.19422 (AU)
   total energy  :       59.60039      59.60039 (AU)
   temperature   :        0.00000       0.00000 (K )
   enthalpy      :       59.60039      59.60039 (AU)
   econs         :       59.60039      59.60039 (AU)
   pressure      :        0.00000       0.00000 (Gpa)
   volume        :    31250.00000   31250.00000 (AU)


     initialize   :     4.89s CPU
     total_time   :     2.08s CPU
     formf        :     0.16s CPU
     rhoofr       :     0.99s CPU (       2 calls,   0.494 s avg)
     vofrho       :     2.25s CPU (       2 calls,   1.124 s avg)
     dforce       :     0.87s CPU (       6 calls,   0.145 s avg)
     calphi       :     0.01s CPU (       2 calls,   0.004 s avg)
     gram         :     0.01s CPU (       3 calls,   0.004 s avg)
     newd         :     0.00s CPU (       2 calls,   0.000 s avg)
     calbec       :     0.01s CPU (       3 calls,   0.003 s avg)
     prefor       :     0.00s CPU (       2 calls,   0.000 s avg)
     strucf       :     0.03s CPU
     nlsm1        :     0.01s CPU (       3 calls,   0.003 s avg)
     fft          :     2.07s CPU (      18 calls,   0.115 s avg)
     ffts         :     0.47s CPU (       4 calls,   0.117 s avg)
     fftw         :     1.15s CPU (      18 calls,   0.064 s avg)
     cft3s        :     3.68s CPU (      40 calls,   0.092 s avg)
 
 
     CP           :     7.16s CPU time,    7.78s wall time

 
   This run was terminated on:   7:39: 2  21Nov2010            

=------------------------------------------------------------------------------=
   JOB DONE.
=------------------------------------------------------------------------------=
