=------------------------------------------------------------------------------=

     CP: variable-cell Car-Parrinello molecular dynamics
     using norm-conserving and ultrasoft Vanderbilt pseudopotentials

     Version: 4.1 - Fri Nov 19 18:50:58 EST 2010                          
     Authors: Alfredo Pasquarello, Kari Laasonen, Andrea Trave, Roberto Car,
       Paolo Giannozzi, Nicola Marzari, Carlo Cavazzoni, Guido Chiarotti,
       Sandro Scandolo, Paolo Focher, Gerardo Ballabio, and others

=------------------------------------------------------------------------------=

   This run was started on:   7:49:54  22Nov2010               

   MPI Parallel Build
   Tasks =    6  This task id =    0

   Job Title: MD Simulation


   Atomic Pseudopotentials Parameters
   ----------------------------------

   Reading pseudopotential for specie #  1 from file :
   ../../pseudo/H.pz-vbc.UPF
   file type is 20: UPF


   Main Simulation Parameters (from input)
   ---------------------------------------
   Restart Mode       =       1   restart        
   Number of MD Steps =     100
   Print out every            1 MD Steps
   Reads from unit    =      93
   Writes to unit     =      94
   MD Simulation time step            =      15.00
   Electronic fictitious mass (emass) =    1000.00
   emass cut-off                      =       3.00

   Simulation Cell Parameters (from input)
   external pressure       =            0.00 [GPa]
   wmass (calculated)      =          554.09 [AU]
   ibrav =    8
   alat  =    25.00000000
   a1    =    25.00000000    0.00000000    0.00000000
   a2    =     0.00000000   25.00000000    0.00000000
   a3    =     0.00000000    0.00000000   50.00000000
 
   b1    =     0.04000000    0.00000000    0.00000000
   b2    =     0.00000000    0.04000000    0.00000000
   b3    =     0.00000000    0.00000000    0.02000000
   omega = 31250.00000000

   Energy Cut-offs
   ---------------
   Ecutwfc =   25.0 Ry,      Ecutrho =  100.0 Ry,      Ecuts =  100.0 Ry
   Gcutwfc =   19.9     ,    Gcutrho =   39.8          Gcuts =   39.8
   NOTA BENE: refg, mmx =   0.050000  4000
   Eigenvalues calculated without the kinetic term contribution
   Orthog. with lagrange multipliers : eps =   0.10E-07,  max = 500
   verlet algorithm for electron dynamics
   with friction frice =  0.0500 , grease =  1.0000
   Electron dynamics : the temperature is not controlled

   Electronic states
   -----------------
   Local Spin Density calculation
   Number of Electron =     4
   Spins up   =     2, occupations: 
   1.00 1.00
   Spins down =     2, occupations: 
   1.00 1.00


   Exchange and correlations functionals
   -------------------------------------
   Using Local Density Approximation with
     Exchange functional: SLATER                                                      
     Correlation functional: PERDEW AND ZUNGER                                           
     Exchange-correlation      =  SLA  PZ   NOGX NOGC (1100)


   Ions Simulation Parameters
   --------------------------
   Ions are not allowed to move
   Ionic position (from input)
   sorted by specie, and converted to real a.u. coordinates
   Species   1 atoms =    4 mass =      1822.89 (a.u.),         1.00 (amu) rcmax =   1.00 (a.u.)
        0.000000     0.000000    -3.500000
        0.000000     0.000000    -1.500000
        0.000000     0.000000     1.500000
        0.000000     0.000000     3.500000
   Ionic position will be re-read from restart file


   Cell Dynamics Parameters (from STDIN)
   -------------------------------------
   Starting cell generated from CELLDM
   Cell parameters will be re-read from restart file
   Constant VOLUME Molecular dynamics
   cell parameters are not allowed to move

    =====================================
    |  BERRY PHASE ELECTRIC FIELD 1        
    =====================================
    | direction    =         3            
    | intensity    =   0.00500 a.u.     
    =====================================

   Verbosity: iprsta =  1



   Simulation dimensions initialization
   ------------------------------------

   unit vectors of full simulation cell
   in real space:                         in reciprocal space (units 2pi/alat):
   1    25.0000    0.0000    0.0000              1.0000    0.0000    0.0000
   2     0.0000   25.0000    0.0000              0.0000    1.0000    0.0000
   3     0.0000    0.0000   50.0000              0.0000    0.0000    0.5000
 
   Stick Mesh
   ----------
   nst =  2479,  nstw =   619, nsts =  2479
        PEs    n.st   n.stw   n.sts    n.g    n.gw   n.gs
          1     826     208     826   87930   11000   87930
          2     826     206     826   87930   10990   87930
          3     828     206     828   87948   10994   87948
          4     826     206     826   87926   10998   87926
          5     825     205     825   87927   10991   87927
          6     826     206     826   87926   10990   87926
          0    4957    1237    4957  527587   65963  527587
 
 
   Real Mesh
   ---------
   Global Dimensions   Local  Dimensions   Processor Grid
   .X.   .Y.   .Z.     .X.   .Y.   .Z.     .X.   .Y.   .Z.
    80    80   160      80    80    27       1     1     6
   Array leading dimensions ( nr1x, nr2x, nr3x )   =     80    80   160
   Local number of cell to store the grid ( nnrx ) =     172800
   Number of x-y planes for each processors: 
   nr3l =    27   27   27   27   26   26
 
   Smooth Real Mesh
   ----------------
   Global Dimensions   Local  Dimensions   Processor Grid
   .X.   .Y.   .Z.     .X.   .Y.   .Z.     .X.   .Y.   .Z.
    80    80   160      80    80    27       1     1     6
   Array leading dimensions ( nr1x, nr2x, nr3x )   =     80    80   160
   Local number of cell to store the grid ( nnrx ) =     172800
   Number of x-y planes for each processors: 
   nr3sl =    27   27   27   27   26   26
 
   Reciprocal Space Mesh
   ---------------------
                Large Mesh
   PE   Global(ngmt)     Local(ngm) MaxLocal(ngmx)
    1         263794          43965          43974
    2         263794          43965          43974
    3         263794          43974          43974
    4         263794          43963          43974
    5         263794          43964          43974
    6         263794          43963          43974
                Smooth Mesh
   PE   Global(ngst)     Local(ngs) MaxLocal(ngsx)
    1         263794          43965          43974
    2         263794          43965          43974
    3         263794          43974          43974
    4         263794          43963          43974
    5         263794          43964          43974
    6         263794          43963          43974
                Wave function Mesh
   PE   Global(ngwt)     Local(ngw) MaxLocal(ngwx)
    1          32982           5500           5500
    2          32982           5495           5500
    3          32982           5497           5500
    4          32982           5499           5500
    5          32982           5496           5500
    6          32982           5495           5500


   System geometry initialization
   ------------------------------
 
   Scaled positions from standard input
   H    0.000000E+00  0.000000E+00 -0.700000E-01
   H    0.000000E+00  0.000000E+00 -0.300000E-01
   H    0.000000E+00  0.000000E+00  0.300000E-01
   H    0.000000E+00  0.000000E+00  0.700000E-01
   ibrav =    8       cell parameters 

      25.00000       0.00000       0.00000
       0.00000      25.00000       0.00000
       0.00000       0.00000      50.00000
 

   Matrix Multiplication Performances
   ortho mmul, time for parallel driver      =   0.00000 with    1 procs

   Constraints matrixes will be distributed block like on
   ortho sub-group =    1*   1 procs



   Pseudopotentials initialization
   -------------------------------


   Common initialization

   Specie:     1
 
                        dion 
 
   Short Legend and Physical Units in the Output
   ---------------------------------------------
   NFI    [int]          - step index
   EKINC  [HARTREE A.U.] - kinetic energy of the fictitious electronic dynamics
   TEMPH  [K]            - Temperature of the fictitious cell dynamics
   TEMP   [K]            - Ionic temperature
   ETOT   [HARTREE A.U.] - Scf total energy (Kohn-Sham hamiltonian)
   ENTHAL [HARTREE A.U.] - Enthalpy ( ETOT + P * V )
   ECONS  [HARTREE A.U.] - Enthalpy + kinetic energy of ions and cell
   ECONT  [HARTREE A.U.] - Constant of motion for the CP lagrangian
 
   NK sic with reference occupation =  0.5000

   NK background density factor =  1.0000
   NK scaling factor =  1.0000
   NK cross-derivatives =    T
   NK reference derivatives =    T
   NK on top of PZ =    F
   rhothr =  0.1E-11
   f_cutoff =  0.1000
   NK memusage =     20.912 MB

   EE with periodic-image correction method = tcc                 

   reading restart file: ./SCRATCH/h4_trad_93.save
   restart file read in    0.024 sec.

 nprint_nfi=           -2
 nprint_nfi=          236

   formf: eself=   1.59577
   formf:     vps(g=0)=  -0.0001012     rhops(g=0)=  -0.0000315
   formf: sum_g vps(g)=  -2.2273115 sum_g rhops(g)=  -0.0898096
   Delta V(G=0):   0.000402Ry,    0.010936eV
Initialize Berry phase electric field
 Additional found:       57140
 Additional found:       54816
 Additional found:       57141
 Additional found:       54817
 #not found, gtable:    1237.00000000000     
 #not found, gtabin:    1237.00000000000     
 
  nfi    ekinc  temph  tempp        etot      enthal       econs       econt    vnhh   xnhh0    vnhp   xnhp0
  237 0.64E-03    0.0    0.0    -2.18257    -2.18184    -2.18184    -2.18119  0.0000  0.0000  0.0000  0.0000     0.00000
Elct. dipole 1    0.145920  Ionic dipole 1    0.000000
  238 0.25E-02    0.0    0.0    -2.22091    -2.22017    -2.22017    -2.21763  0.0000  0.0000  0.0000  0.0000     0.00000
Elct. dipole 1    0.147026  Ionic dipole 1    0.000000
  239 0.46E-02    0.0    0.0    -2.22427    -2.22352    -2.22352    -2.21888  0.0000  0.0000  0.0000  0.0000     0.00000
Elct. dipole 1    0.149048  Ionic dipole 1    0.000000

 * Physical Quantities at step:   240

   from rhoofr: total integrated electronic density
   spin up
   in g-space =    2.000000   in r-space =   2.000000
   spin down
   in g-space =    2.000000   in r-space =   2.000000


                total energy =       -2.22631 Hartree a.u.
              kinetic energy =        1.77260 Hartree a.u.
        electrostatic energy =       -1.51637 Hartree a.u.
                         esr =        0.04640 Hartree a.u.
                       eself =        1.59577 Hartree a.u.
      pseudopotential energy =       -1.26968 Hartree a.u.
  n-l pseudopotential energy =        0.00000 Hartree a.u.
 exchange-correlation energy =       -1.17777 Hartree a.u.
           average potential =        0.00000 Hartree a.u.



   Eigenvalues (eV), kp =   1 , spin =  1

  -16.07  -14.19

   Eigenvalues (eV), kp =   1 , spin =  2

  -16.07  -14.19
 
   Allocated memory (kb) =     71344
 
   CELL_PARAMETERS
   25.00000000    0.00000000    0.00000000
    0.00000000   25.00000000    0.00000000
    0.00000000    0.00000000   50.00000000

   System Density [g/cm^3] :     0.0014


   Center of mass square displacement (a.u.):   0.000000

   ATOMIC_POSITIONS
   H    0.000000E+00  0.000000E+00 -0.350000E+01
   H    0.000000E+00  0.000000E+00 -0.150000E+01
   H    0.000000E+00  0.000000E+00  0.150000E+01
   H    0.000000E+00  0.000000E+00  0.350000E+01
 
   ATOMIC_VELOCITIES
   H    0.000000E+00  0.000000E+00  0.000000E+00
   H    0.000000E+00  0.000000E+00  0.000000E+00
   H    0.000000E+00  0.000000E+00  0.000000E+00
   H    0.000000E+00  0.000000E+00  0.000000E+00
 


   Partial temperatures (for each ionic specie) 
   Species  Temp (K)   Mean Square Displacement (a.u.)
        1       0.00     0.0000
 
  nfi    ekinc  temph  tempp        etot      enthal       econs       econt    vnhh   xnhh0    vnhp   xnhp0
  240 0.54E-02    0.0    0.0    -2.22631    -2.22555    -2.22555    -2.22011  0.0000  0.0000  0.0000  0.0000     0.00000
Elct. dipole 1    0.152031  Ionic dipole 1    0.000000
  241 0.48E-02    0.0    0.0    -2.22656    -2.22578    -2.22578    -2.22102  0.0000  0.0000  0.0000  0.0000     0.00000
Elct. dipole 1    0.156006  Ionic dipole 1    0.000000
  242 0.34E-02    0.0    0.0    -2.22578    -2.22497    -2.22497    -2.22156  0.0000  0.0000  0.0000  0.0000     0.00000
Elct. dipole 1    0.160937  Ionic dipole 1    0.000000
  243 0.23E-02    0.0    0.0    -2.22497    -2.22414    -2.22414    -2.22184  0.0000  0.0000  0.0000  0.0000     0.00000
Elct. dipole 1    0.166675  Ionic dipole 1    0.000000
  244 0.18E-02    0.0    0.0    -2.22461    -2.22374    -2.22374    -2.22199  0.0000  0.0000  0.0000  0.0000     0.00000
Elct. dipole 1    0.172953  Ionic dipole 1    0.000000
  245 0.16E-02    0.0    0.0    -2.22457    -2.22367    -2.22367    -2.22210  0.0000  0.0000  0.0000  0.0000     0.00000
Elct. dipole 1    0.179410  Ionic dipole 1    0.000000
  246 0.15E-02    0.0    0.0    -2.22461    -2.22369    -2.22369    -2.22220  0.0000  0.0000  0.0000  0.0000     0.00000
Elct. dipole 1    0.185637  Ionic dipole 1    0.000000
  247 0.14E-02    0.0    0.0    -2.22466    -2.22370    -2.22370    -2.22232  0.0000  0.0000  0.0000  0.0000     0.00000
Elct. dipole 1    0.191222  Ionic dipole 1    0.000000
  248 0.13E-02    0.0    0.0    -2.22479    -2.22381    -2.22381    -2.22250  0.0000  0.0000  0.0000  0.0000     0.00000
Elct. dipole 1    0.195793  Ionic dipole 1    0.000000
  249 0.13E-02    0.0    0.0    -2.22505    -2.22406    -2.22406    -2.22275  0.0000  0.0000  0.0000  0.0000     0.00000
Elct. dipole 1    0.199043  Ionic dipole 1    0.000000

 * Physical Quantities at step:   250

   from rhoofr: total integrated electronic density
   spin up
   in g-space =    2.000000   in r-space =   2.000000
   spin down
   in g-space =    2.000000   in r-space =   2.000000


                total energy =       -2.22538 Hartree a.u.
              kinetic energy =        1.74895 Hartree a.u.
        electrostatic energy =       -1.51400 Hartree a.u.
                         esr =        0.04640 Hartree a.u.
                       eself =        1.59577 Hartree a.u.
      pseudopotential energy =       -1.25999 Hartree a.u.
  n-l pseudopotential energy =        0.00000 Hartree a.u.
 exchange-correlation energy =       -1.16751 Hartree a.u.
           average potential =        0.00000 Hartree a.u.



   Eigenvalues (eV), kp =   1 , spin =  1

  -16.11  -14.24

   Eigenvalues (eV), kp =   1 , spin =  2

  -16.11  -14.24
 
   Allocated memory (kb) =     71344
 
   CELL_PARAMETERS
   25.00000000    0.00000000    0.00000000
    0.00000000   25.00000000    0.00000000
    0.00000000    0.00000000   50.00000000

   System Density [g/cm^3] :     0.0014


   Center of mass square displacement (a.u.):   0.000000

   ATOMIC_POSITIONS
   H    0.000000E+00  0.000000E+00 -0.350000E+01
   H    0.000000E+00  0.000000E+00 -0.150000E+01
   H    0.000000E+00  0.000000E+00  0.150000E+01
   H    0.000000E+00  0.000000E+00  0.350000E+01
 
   ATOMIC_VELOCITIES
   H    0.000000E+00  0.000000E+00  0.000000E+00
   H    0.000000E+00  0.000000E+00  0.000000E+00
   H    0.000000E+00  0.000000E+00  0.000000E+00
   H    0.000000E+00  0.000000E+00  0.000000E+00
 


   Partial temperatures (for each ionic specie) 
   Species  Temp (K)   Mean Square Displacement (a.u.)
        1       0.00     0.0000
 
  nfi    ekinc  temph  tempp        etot      enthal       econs       econt    vnhh   xnhh0    vnhp   xnhp0
  250 0.13E-02    0.0    0.0    -2.22538    -2.22437    -2.22437    -2.22306  0.0000  0.0000  0.0000  0.0000     0.00000
Elct. dipole 1    0.200765  Ionic dipole 1    0.000000
  251 0.13E-02    0.0    0.0    -2.22563    -2.22462    -2.22462    -2.22337  0.0000  0.0000  0.0000  0.0000     0.00000
Elct. dipole 1    0.200863  Ionic dipole 1    0.000000
  252 0.11E-02    0.0    0.0    -2.22577    -2.22477    -2.22477    -2.22366  0.0000  0.0000  0.0000  0.0000     0.00000
Elct. dipole 1    0.199377  Ionic dipole 1    0.000000
  253 0.95E-03    0.0    0.0    -2.22585    -2.22487    -2.22487    -2.22392  0.0000  0.0000  0.0000  0.0000     0.00000
Elct. dipole 1    0.196486  Ionic dipole 1    0.000000
  254 0.83E-03    0.0    0.0    -2.22594    -2.22497    -2.22497    -2.22415  0.0000  0.0000  0.0000  0.0000     0.00000
Elct. dipole 1    0.192486  Ionic dipole 1    0.000000
  255 0.75E-03    0.0    0.0    -2.22604    -2.22510    -2.22510    -2.22436  0.0000  0.0000  0.0000  0.0000     0.00000
Elct. dipole 1    0.187753  Ionic dipole 1    0.000000
  256 0.67E-03    0.0    0.0    -2.22613    -2.22522    -2.22522    -2.22455  0.0000  0.0000  0.0000  0.0000     0.00000
Elct. dipole 1    0.182701  Ionic dipole 1    0.000000
  257 0.58E-03    0.0    0.0    -2.22618    -2.22529    -2.22529    -2.22471  0.0000  0.0000  0.0000  0.0000     0.00000
Elct. dipole 1    0.177729  Ionic dipole 1    0.000000
  258 0.49E-03    0.0    0.0    -2.22620    -2.22534    -2.22534    -2.22485  0.0000  0.0000  0.0000  0.0000     0.00000
Elct. dipole 1    0.173186  Ionic dipole 1    0.000000
  259 0.42E-03    0.0    0.0    -2.22624    -2.22540    -2.22540    -2.22497  0.0000  0.0000  0.0000  0.0000     0.00000
Elct. dipole 1    0.169343  Ionic dipole 1    0.000000

 * Physical Quantities at step:   260

   from rhoofr: total integrated electronic density
   spin up
   in g-space =    2.000000   in r-space =   2.000000
   spin down
   in g-space =    2.000000   in r-space =   2.000000


                total energy =       -2.22632 Hartree a.u.
              kinetic energy =        1.72608 Hartree a.u.
        electrostatic energy =       -1.51225 Hartree a.u.
                         esr =        0.04640 Hartree a.u.
                       eself =        1.59577 Hartree a.u.
      pseudopotential energy =       -1.24241 Hartree a.u.
  n-l pseudopotential energy =        0.00000 Hartree a.u.
 exchange-correlation energy =       -1.16425 Hartree a.u.
           average potential =        0.00000 Hartree a.u.



   Eigenvalues (eV), kp =   1 , spin =  1

  -16.14  -14.25

   Eigenvalues (eV), kp =   1 , spin =  2

  -16.14  -14.25
 
   Allocated memory (kb) =     71344
 
   CELL_PARAMETERS
   25.00000000    0.00000000    0.00000000
    0.00000000   25.00000000    0.00000000
    0.00000000    0.00000000   50.00000000

   System Density [g/cm^3] :     0.0014


   Center of mass square displacement (a.u.):   0.000000

   ATOMIC_POSITIONS
   H    0.000000E+00  0.000000E+00 -0.350000E+01
   H    0.000000E+00  0.000000E+00 -0.150000E+01
   H    0.000000E+00  0.000000E+00  0.150000E+01
   H    0.000000E+00  0.000000E+00  0.350000E+01
 
   ATOMIC_VELOCITIES
   H    0.000000E+00  0.000000E+00  0.000000E+00
   H    0.000000E+00  0.000000E+00  0.000000E+00
   H    0.000000E+00  0.000000E+00  0.000000E+00
   H    0.000000E+00  0.000000E+00  0.000000E+00
 


   Partial temperatures (for each ionic specie) 
   Species  Temp (K)   Mean Square Displacement (a.u.)
        1       0.00     0.0000
 
  nfi    ekinc  temph  tempp        etot      enthal       econs       econt    vnhh   xnhh0    vnhp   xnhp0
  260 0.40E-03    0.0    0.0    -2.22632    -2.22549    -2.22549    -2.22509  0.0000  0.0000  0.0000  0.0000     0.00000
Elct. dipole 1    0.166377  Ionic dipole 1    0.000000
  261 0.40E-03    0.0    0.0    -2.22642    -2.22560    -2.22560    -2.22520  0.0000  0.0000  0.0000  0.0000     0.00000
Elct. dipole 1    0.164372  Ionic dipole 1    0.000000
  262 0.39E-03    0.0    0.0    -2.22651    -2.22569    -2.22569    -2.22530  0.0000  0.0000  0.0000  0.0000     0.00000
Elct. dipole 1    0.163329  Ionic dipole 1    0.000000
  263 0.36E-03    0.0    0.0    -2.22656    -2.22574    -2.22574    -2.22538  0.0000  0.0000  0.0000  0.0000     0.00000
Elct. dipole 1    0.163187  Ionic dipole 1    0.000000
  264 0.32E-03    0.0    0.0    -2.22658    -2.22576    -2.22576    -2.22544  0.0000  0.0000  0.0000  0.0000     0.00000
Elct. dipole 1    0.163837  Ionic dipole 1    0.000000
  265 0.27E-03    0.0    0.0    -2.22658    -2.22575    -2.22575    -2.22548  0.0000  0.0000  0.0000  0.0000     0.00000
Elct. dipole 1    0.165149  Ionic dipole 1    0.000000
  266 0.24E-03    0.0    0.0    -2.22659    -2.22575    -2.22575    -2.22551  0.0000  0.0000  0.0000  0.0000     0.00000
Elct. dipole 1    0.166975  Ionic dipole 1    0.000000
  267 0.22E-03    0.0    0.0    -2.22660    -2.22575    -2.22575    -2.22553  0.0000  0.0000  0.0000  0.0000     0.00000
Elct. dipole 1    0.169166  Ionic dipole 1    0.000000
  268 0.20E-03    0.0    0.0    -2.22661    -2.22576    -2.22576    -2.22555  0.0000  0.0000  0.0000  0.0000     0.00000
Elct. dipole 1    0.171578  Ionic dipole 1    0.000000
  269 0.18E-03    0.0    0.0    -2.22662    -2.22575    -2.22575    -2.22557  0.0000  0.0000  0.0000  0.0000     0.00000
Elct. dipole 1    0.174072  Ionic dipole 1    0.000000

 * Physical Quantities at step:   270

   from rhoofr: total integrated electronic density
   spin up
   in g-space =    2.000000   in r-space =   2.000000
   spin down
   in g-space =    2.000000   in r-space =   2.000000


                total energy =       -2.22662 Hartree a.u.
              kinetic energy =        1.72866 Hartree a.u.
        electrostatic energy =       -1.51326 Hartree a.u.
                         esr =        0.04640 Hartree a.u.
                       eself =        1.59577 Hartree a.u.
      pseudopotential energy =       -1.24516 Hartree a.u.
  n-l pseudopotential energy =        0.00000 Hartree a.u.
 exchange-correlation energy =       -1.16378 Hartree a.u.
           average potential =        0.00000 Hartree a.u.



   Eigenvalues (eV), kp =   1 , spin =  1

  -16.12  -14.25

   Eigenvalues (eV), kp =   1 , spin =  2

  -16.12  -14.25
 
   Allocated memory (kb) =     71344
 
   CELL_PARAMETERS
   25.00000000    0.00000000    0.00000000
    0.00000000   25.00000000    0.00000000
    0.00000000    0.00000000   50.00000000

   System Density [g/cm^3] :     0.0014


   Center of mass square displacement (a.u.):   0.000000

   ATOMIC_POSITIONS
   H    0.000000E+00  0.000000E+00 -0.350000E+01
   H    0.000000E+00  0.000000E+00 -0.150000E+01
   H    0.000000E+00  0.000000E+00  0.150000E+01
   H    0.000000E+00  0.000000E+00  0.350000E+01
 
   ATOMIC_VELOCITIES
   H    0.000000E+00  0.000000E+00  0.000000E+00
   H    0.000000E+00  0.000000E+00  0.000000E+00
   H    0.000000E+00  0.000000E+00  0.000000E+00
   H    0.000000E+00  0.000000E+00  0.000000E+00
 


   Partial temperatures (for each ionic specie) 
   Species  Temp (K)   Mean Square Displacement (a.u.)
        1       0.00     0.0000
 
  nfi    ekinc  temph  tempp        etot      enthal       econs       econt    vnhh   xnhh0    vnhp   xnhp0
  270 0.16E-03    0.0    0.0    -2.22662    -2.22573    -2.22573    -2.22558  0.0000  0.0000  0.0000  0.0000     0.00000
Elct. dipole 1    0.176522  Ionic dipole 1    0.000000
  271 0.13E-03    0.0    0.0    -2.22662    -2.22572    -2.22572    -2.22559  0.0000  0.0000  0.0000  0.0000     0.00000
Elct. dipole 1    0.178809  Ionic dipole 1    0.000000
  272 0.12E-03    0.0    0.0    -2.22662    -2.22572    -2.22572    -2.22560  0.0000  0.0000  0.0000  0.0000     0.00000
Elct. dipole 1    0.180827  Ionic dipole 1    0.000000
  273 0.12E-03    0.0    0.0    -2.22664    -2.22572    -2.22572    -2.22561  0.0000  0.0000  0.0000  0.0000     0.00000
Elct. dipole 1    0.182480  Ionic dipole 1    0.000000
  274 0.11E-03    0.0    0.0    -2.22665    -2.22573    -2.22573    -2.22562  0.0000  0.0000  0.0000  0.0000     0.00000
Elct. dipole 1    0.183696  Ionic dipole 1    0.000000
  275 0.11E-03    0.0    0.0    -2.22666    -2.22574    -2.22574    -2.22563  0.0000  0.0000  0.0000  0.0000     0.00000
Elct. dipole 1    0.184420  Ionic dipole 1    0.000000
  276 0.98E-04    0.0    0.0    -2.22667    -2.22575    -2.22575    -2.22565  0.0000  0.0000  0.0000  0.0000     0.00000
Elct. dipole 1    0.184630  Ionic dipole 1    0.000000
  277 0.84E-04    0.0    0.0    -2.22667    -2.22575    -2.22575    -2.22567  0.0000  0.0000  0.0000  0.0000     0.00000
Elct. dipole 1    0.184333  Ionic dipole 1    0.000000
  278 0.72E-04    0.0    0.0    -2.22668    -2.22576    -2.22576    -2.22569  0.0000  0.0000  0.0000  0.0000     0.00000
Elct. dipole 1    0.183567  Ionic dipole 1    0.000000
  279 0.63E-04    0.0    0.0    -2.22669    -2.22578    -2.22578    -2.22571  0.0000  0.0000  0.0000  0.0000     0.00000
Elct. dipole 1    0.182403  Ionic dipole 1    0.000000

 * Physical Quantities at step:   280

   from rhoofr: total integrated electronic density
   spin up
   in g-space =    2.000000   in r-space =   2.000000
   spin down
   in g-space =    2.000000   in r-space =   2.000000


                total energy =       -2.22671 Hartree a.u.
              kinetic energy =        1.73418 Hartree a.u.
        electrostatic energy =       -1.51338 Hartree a.u.
                         esr =        0.04640 Hartree a.u.
                       eself =        1.59577 Hartree a.u.
      pseudopotential energy =       -1.24932 Hartree a.u.
  n-l pseudopotential energy =        0.00000 Hartree a.u.
 exchange-correlation energy =       -1.16485 Hartree a.u.
           average potential =        0.00000 Hartree a.u.



   Eigenvalues (eV), kp =   1 , spin =  1

  -16.13  -14.25

   Eigenvalues (eV), kp =   1 , spin =  2

  -16.13  -14.25
 
   Allocated memory (kb) =     71344
 
   CELL_PARAMETERS
   25.00000000    0.00000000    0.00000000
    0.00000000   25.00000000    0.00000000
    0.00000000    0.00000000   50.00000000

   System Density [g/cm^3] :     0.0014


   Center of mass square displacement (a.u.):   0.000000

   ATOMIC_POSITIONS
   H    0.000000E+00  0.000000E+00 -0.350000E+01
   H    0.000000E+00  0.000000E+00 -0.150000E+01
   H    0.000000E+00  0.000000E+00  0.150000E+01
   H    0.000000E+00  0.000000E+00  0.350000E+01
 
   ATOMIC_VELOCITIES
   H    0.000000E+00  0.000000E+00  0.000000E+00
   H    0.000000E+00  0.000000E+00  0.000000E+00
   H    0.000000E+00  0.000000E+00  0.000000E+00
   H    0.000000E+00  0.000000E+00  0.000000E+00
 


   Partial temperatures (for each ionic specie) 
   Species  Temp (K)   Mean Square Displacement (a.u.)
        1       0.00     0.0000
 
  nfi    ekinc  temph  tempp        etot      enthal       econs       econt    vnhh   xnhh0    vnhp   xnhp0
  280 0.58E-04    0.0    0.0    -2.22671    -2.22580    -2.22580    -2.22574  0.0000  0.0000  0.0000  0.0000     0.00000
Elct. dipole 1    0.180938  Ionic dipole 1    0.000000
  281 0.53E-04    0.0    0.0    -2.22672    -2.22583    -2.22583    -2.22577  0.0000  0.0000  0.0000  0.0000     0.00000
Elct. dipole 1    0.179285  Ionic dipole 1    0.000000
  282 0.49E-04    0.0    0.0    -2.22674    -2.22585    -2.22585    -2.22580  0.0000  0.0000  0.0000  0.0000     0.00000
Elct. dipole 1    0.177566  Ionic dipole 1    0.000000
  283 0.44E-04    0.0    0.0    -2.22675    -2.22587    -2.22587    -2.22583  0.0000  0.0000  0.0000  0.0000     0.00000
Elct. dipole 1    0.175900  Ionic dipole 1    0.000000
  284 0.39E-04    0.0    0.0    -2.22676    -2.22589    -2.22589    -2.22585  0.0000  0.0000  0.0000  0.0000     0.00000
Elct. dipole 1    0.174395  Ionic dipole 1    0.000000
  285 0.36E-04    0.0    0.0    -2.22677    -2.22590    -2.22590    -2.22587  0.0000  0.0000  0.0000  0.0000     0.00000
Elct. dipole 1    0.173141  Ionic dipole 1    0.000000
  286 0.34E-04    0.0    0.0    -2.22677    -2.22591    -2.22591    -2.22588  0.0000  0.0000  0.0000  0.0000     0.00000
Elct. dipole 1    0.172204  Ionic dipole 1    0.000000
  287 0.31E-04    0.0    0.0    -2.22678    -2.22592    -2.22592    -2.22589  0.0000  0.0000  0.0000  0.0000     0.00000
Elct. dipole 1    0.171623  Ionic dipole 1    0.000000
  288 0.28E-04    0.0    0.0    -2.22677    -2.22592    -2.22592    -2.22589  0.0000  0.0000  0.0000  0.0000     0.00000
Elct. dipole 1    0.171407  Ionic dipole 1    0.000000
  289 0.24E-04    0.0    0.0    -2.22677    -2.22591    -2.22591    -2.22589  0.0000  0.0000  0.0000  0.0000     0.00000
Elct. dipole 1    0.171543  Ionic dipole 1    0.000000

 * Physical Quantities at step:   290

   from rhoofr: total integrated electronic density
   spin up
   in g-space =    2.000000   in r-space =   2.000000
   spin down
   in g-space =    2.000000   in r-space =   2.000000


                total energy =       -2.22677 Hartree a.u.
              kinetic energy =        1.73104 Hartree a.u.
        electrostatic energy =       -1.51315 Hartree a.u.
                         esr =        0.04640 Hartree a.u.
                       eself =        1.59577 Hartree a.u.
      pseudopotential energy =       -1.24761 Hartree a.u.
  n-l pseudopotential energy =        0.00000 Hartree a.u.
 exchange-correlation energy =       -1.16385 Hartree a.u.
           average potential =        0.00000 Hartree a.u.



   Eigenvalues (eV), kp =   1 , spin =  1

  -16.14  -14.26

   Eigenvalues (eV), kp =   1 , spin =  2

  -16.14  -14.26
 
   Allocated memory (kb) =     71344
 
   CELL_PARAMETERS
   25.00000000    0.00000000    0.00000000
    0.00000000   25.00000000    0.00000000
    0.00000000    0.00000000   50.00000000

   System Density [g/cm^3] :     0.0014


   Center of mass square displacement (a.u.):   0.000000

   ATOMIC_POSITIONS
   H    0.000000E+00  0.000000E+00 -0.350000E+01
   H    0.000000E+00  0.000000E+00 -0.150000E+01
   H    0.000000E+00  0.000000E+00  0.150000E+01
   H    0.000000E+00  0.000000E+00  0.350000E+01
 
   ATOMIC_VELOCITIES
   H    0.000000E+00  0.000000E+00  0.000000E+00
   H    0.000000E+00  0.000000E+00  0.000000E+00
   H    0.000000E+00  0.000000E+00  0.000000E+00
   H    0.000000E+00  0.000000E+00  0.000000E+00
 


   Partial temperatures (for each ionic specie) 
   Species  Temp (K)   Mean Square Displacement (a.u.)
        1       0.00     0.0000
 
  nfi    ekinc  temph  tempp        etot      enthal       econs       econt    vnhh   xnhh0    vnhp   xnhp0
  290 0.21E-04    0.0    0.0    -2.22677    -2.22591    -2.22591    -2.22589  0.0000  0.0000  0.0000  0.0000     0.00000
Elct. dipole 1    0.171991  Ionic dipole 1    0.000000
  291 0.19E-04    0.0    0.0    -2.22677    -2.22590    -2.22590    -2.22588  0.0000  0.0000  0.0000  0.0000     0.00000
Elct. dipole 1    0.172697  Ionic dipole 1    0.000000
  292 0.19E-04    0.0    0.0    -2.22677    -2.22590    -2.22590    -2.22588  0.0000  0.0000  0.0000  0.0000     0.00000
Elct. dipole 1    0.173592  Ionic dipole 1    0.000000
  293 0.18E-04    0.0    0.0    -2.22677    -2.22590    -2.22590    -2.22588  0.0000  0.0000  0.0000  0.0000     0.00000
Elct. dipole 1    0.174604  Ionic dipole 1    0.000000
  294 0.16E-04    0.0    0.0    -2.22677    -2.22589    -2.22589    -2.22588  0.0000  0.0000  0.0000  0.0000     0.00000
Elct. dipole 1    0.175657  Ionic dipole 1    0.000000
  295 0.13E-04    0.0    0.0    -2.22677    -2.22588    -2.22588    -2.22587  0.0000  0.0000  0.0000  0.0000     0.00000
Elct. dipole 1    0.176680  Ionic dipole 1    0.000000
  296 0.11E-04    0.0    0.0    -2.22677    -2.22588    -2.22588    -2.22587  0.0000  0.0000  0.0000  0.0000     0.00000
Elct. dipole 1    0.177611  Ionic dipole 1    0.000000
  297 0.99E-05    0.0    0.0    -2.22677    -2.22588    -2.22588    -2.22587  0.0000  0.0000  0.0000  0.0000     0.00000
Elct. dipole 1    0.178398  Ionic dipole 1    0.000000

   MAIN:          EKINC   (thr)          DETOT   (thr)       MAXFORCE   (thr)
   MAIN:   0.989173D-05  0.1D-04  0.655678D-07  0.1D-05  0.000000D+00  0.1D+11
   MAIN: convergence achieved for system relaxation

 * Physical Quantities at step:   298
  298 0.97E-05    0.0    0.0    -2.22677    -2.22587    -2.22587    -2.22586  0.0000  0.0000  0.0000  0.0000     0.00000
Elct. dipole 1    0.179000  Ionic dipole 1    0.000000

   MAIN:          EKINC   (thr)          DETOT   (thr)       MAXFORCE   (thr)
   MAIN:   0.974094D-05  0.1D-04  0.668977D-06  0.1D-05  0.000000D+00  0.1D+11
   MAIN: convergence achieved for system relaxation

   writing restart file: ./SCRATCH/h4_trad_94.save
   restart file written in    0.161 sec.



   Averaged Physical Quantities
                      accomulated      this run
   ekinc         :        0.18821       0.00073 (AU)
   ekin          :        1.92870       1.73322 (AU)
   epot          :       -3.80118      -3.92595 (AU)
   total energy  :       -1.89168      -2.22547 (AU)
   temperature   :        0.00000       0.00000 (K )
   enthalpy      :       -1.89082      -2.22459 (AU)
   econs         :       -1.89082      -2.22459 (AU)
   pressure      :        0.00000       0.00000 (Gpa)
   volume        :    31250.00000   31250.00000 (AU)


     initialize   :     5.08s CPU
     total_time   :   128.70s CPU (      62 calls,   2.076 s avg)
     formf        :     0.02s CPU
     rhoofr       :     5.01s CPU (      62 calls,   0.081 s avg)
     vofrho       :    15.06s CPU (      62 calls,   0.243 s avg)
     dforce       :     3.07s CPU (     124 calls,   0.025 s avg)
     calphi       :     0.01s CPU (      62 calls,   0.000 s avg)
     ortho        :     0.17s CPU (      62 calls,   0.003 s avg)
     ortho_iter   :     0.01s CPU (     124 calls,   0.000 s avg)
     rsg          :     0.00s CPU (     124 calls,   0.000 s avg)
     rhoset       :     0.14s CPU (     124 calls,   0.001 s avg)
     updatc       :     0.02s CPU (     124 calls,   0.000 s avg)
     newd         :     0.00s CPU (      62 calls,   0.000 s avg)
     calbec       :     0.00s CPU (     125 calls,   0.000 s avg)
     prefor       :     0.00s CPU (      63 calls,   0.000 s avg)
     strucf       :     0.00s CPU
     nlsm1        :     0.00s CPU (     249 calls,   0.000 s avg)
     fft          :    29.98s CPU (    1306 calls,   0.023 s avg)
     ffts         :     2.67s CPU (     124 calls,   0.022 s avg)
     fftw         :     3.96s CPU (     372 calls,   0.011 s avg)
     cft3s        :    36.61s CPU (    1802 calls,   0.020 s avg)
     fft_scatter  :    13.96s CPU (    1802 calls,   0.008 s avg)
     nksic_drv    :    99.00s CPU (      62 calls,   1.597 s avg)
     nksic_orbrho :     3.25s CPU (     124 calls,   0.026 s avg)
     nksic_rhoref :     1.44s CPU (     248 calls,   0.006 s avg)
     nksic_eforce :     5.92s CPU (     124 calls,   0.048 s avg)
     nksic_corr   :    92.93s CPU (     248 calls,   0.375 s avg)
     nksic_corr_h :    14.73s CPU (     248 calls,   0.059 s avg)
     nksic_corr_v :    30.01s CPU (     248 calls,   0.121 s avg)
     nksic_corr_f :    47.52s CPU (     248 calls,   0.192 s avg)
 
 
     CP           :  2m13.92s CPU time,     2m14.08s wall time

 
   This run was terminated on:   7:52: 8  22Nov2010            

=------------------------------------------------------------------------------=
   JOB DONE.
=------------------------------------------------------------------------------=
