=------------------------------------------------------------------------------=

     CP: variable-cell Car-Parrinello molecular dynamics
     using norm-conserving and ultrasoft Vanderbilt pseudopotentials

     Version: 4.1 - Fri Nov 19 18:50:58 EST 2010                          
     Authors: Alfredo Pasquarello, Kari Laasonen, Andrea Trave, Roberto Car,
       Paolo Giannozzi, Nicola Marzari, Carlo Cavazzoni, Guido Chiarotti,
       Sandro Scandolo, Paolo Focher, Gerardo Ballabio, and others

=------------------------------------------------------------------------------=

   This run was started on:  12: 0:47  21Nov2010               

   MPI Parallel Build
   Tasks =    6  This task id =    0

   Job Title: MD Simulation


   Atomic Pseudopotentials Parameters
   ----------------------------------

   Reading pseudopotential for specie #  1 from file :
   ../../pseudo/H.pz-vbc.UPF
   file type is 20: UPF


   Main Simulation Parameters (from input)
   ---------------------------------------
   Restart Mode       =       1   restart        
   Number of MD Steps =     100
   Print out every            1 MD Steps
   Reads from unit    =      94
   Writes to unit     =      95
   MD Simulation time step            =      15.00
   Electronic fictitious mass (emass) =    1000.00
   emass cut-off                      =       3.00

   Simulation Cell Parameters (from input)
   external pressure       =            0.00 [GPa]
   wmass (calculated)      =          554.09 [AU]
   ibrav =    8
   alat  =    25.00000000
   a1    =    25.00000000    0.00000000    0.00000000
   a2    =     0.00000000   25.00000000    0.00000000
   a3    =     0.00000000    0.00000000   50.00000000
 
   b1    =     0.04000000    0.00000000    0.00000000
   b2    =     0.00000000    0.04000000    0.00000000
   b3    =     0.00000000    0.00000000    0.02000000
   omega = 31250.00000000

   Energy Cut-offs
   ---------------
   Ecutwfc =   25.0 Ry,      Ecutrho =  100.0 Ry,      Ecuts =  100.0 Ry
   Gcutwfc =   19.9     ,    Gcutrho =   39.8          Gcuts =   39.8
   NOTA BENE: refg, mmx =   0.050000  4000
   Eigenvalues calculated without the kinetic term contribution
   Orthog. with lagrange multipliers : eps =   0.10E-07,  max = 500
   verlet algorithm for electron dynamics
   with friction frice =  0.0500 , grease =  1.0000
   Electron dynamics : the temperature is not controlled

   Electronic states
   -----------------
   Number of Electron =     4, of States =     2
   Occupation numbers :
   2.00 2.00


   Exchange and correlations functionals
   -------------------------------------
   Using Local Density Approximation with
     Exchange functional: SLATER                                                      
     Correlation functional: PERDEW AND ZUNGER                                           
     Exchange-correlation      =  SLA  PZ   NOGX NOGC (1100)


   Ions Simulation Parameters
   --------------------------
   Ions are not allowed to move
   Ionic position (from input)
   sorted by specie, and converted to real a.u. coordinates
   Species   1 atoms =    4 mass =      1822.89 (a.u.),         1.00 (amu) rcmax =   1.00 (a.u.)
        0.000000     0.000000    -3.500000
        0.000000     0.000000    -1.500000
        0.000000     0.000000     1.500000
        0.000000     0.000000     3.500000
   Ionic position will be re-read from restart file


   Cell Dynamics Parameters (from STDIN)
   -------------------------------------
   Starting cell generated from CELLDM
   Cell parameters will be re-read from restart file
   Constant VOLUME Molecular dynamics
   cell parameters are not allowed to move

    =====================================
    |  BERRY PHASE ELECTRIC FIELD 1        
    =====================================
    | direction    =         3            
    | intensity    =   0.00500 a.u.     
    =====================================

   Verbosity: iprsta =  1



   Simulation dimensions initialization
   ------------------------------------

   unit vectors of full simulation cell
   in real space:                         in reciprocal space (units 2pi/alat):
   1    25.0000    0.0000    0.0000              1.0000    0.0000    0.0000
   2     0.0000   25.0000    0.0000              0.0000    1.0000    0.0000
   3     0.0000    0.0000   50.0000              0.0000    0.0000    0.5000
 
   Stick Mesh
   ----------
   nst =  2479,  nstw =   619, nsts =  2479
        PEs    n.st   n.stw   n.sts    n.g    n.gw   n.gs
          1     826     208     826   87930   11000   87930
          2     826     206     826   87930   10990   87930
          3     828     206     828   87948   10994   87948
          4     826     206     826   87926   10998   87926
          5     825     205     825   87927   10991   87927
          6     826     206     826   87926   10990   87926
          0    4957    1237    4957  527587   65963  527587
 
 
   Real Mesh
   ---------
   Global Dimensions   Local  Dimensions   Processor Grid
   .X.   .Y.   .Z.     .X.   .Y.   .Z.     .X.   .Y.   .Z.
    80    80   160      80    80    27       1     1     6
   Array leading dimensions ( nr1x, nr2x, nr3x )   =     80    80   160
   Local number of cell to store the grid ( nnrx ) =     172800
   Number of x-y planes for each processors: 
   nr3l =    27   27   27   27   26   26
 
   Smooth Real Mesh
   ----------------
   Global Dimensions   Local  Dimensions   Processor Grid
   .X.   .Y.   .Z.     .X.   .Y.   .Z.     .X.   .Y.   .Z.
    80    80   160      80    80    27       1     1     6
   Array leading dimensions ( nr1x, nr2x, nr3x )   =     80    80   160
   Local number of cell to store the grid ( nnrx ) =     172800
   Number of x-y planes for each processors: 
   nr3sl =    27   27   27   27   26   26
 
   Reciprocal Space Mesh
   ---------------------
                Large Mesh
   PE   Global(ngmt)     Local(ngm) MaxLocal(ngmx)
    1         263794          43965          43974
    2         263794          43965          43974
    3         263794          43974          43974
    4         263794          43963          43974
    5         263794          43964          43974
    6         263794          43963          43974
                Smooth Mesh
   PE   Global(ngst)     Local(ngs) MaxLocal(ngsx)
    1         263794          43965          43974
    2         263794          43965          43974
    3         263794          43974          43974
    4         263794          43963          43974
    5         263794          43964          43974
    6         263794          43963          43974
                Wave function Mesh
   PE   Global(ngwt)     Local(ngw) MaxLocal(ngwx)
    1          32982           5500           5500
    2          32982           5495           5500
    3          32982           5497           5500
    4          32982           5499           5500
    5          32982           5496           5500
    6          32982           5495           5500


   System geometry initialization
   ------------------------------
 
   Scaled positions from standard input
   H    0.000000E+00  0.000000E+00 -0.700000E-01
   H    0.000000E+00  0.000000E+00 -0.300000E-01
   H    0.000000E+00  0.000000E+00  0.300000E-01
   H    0.000000E+00  0.000000E+00  0.700000E-01
   ibrav =    8       cell parameters 

      25.00000       0.00000       0.00000
       0.00000      25.00000       0.00000
       0.00000       0.00000      50.00000
 

   Matrix Multiplication Performances
   ortho mmul, time for parallel driver      =   0.00000 with    1 procs

   Constraints matrixes will be distributed block like on
   ortho sub-group =    1*   1 procs



   Pseudopotentials initialization
   -------------------------------


   Common initialization

   Specie:     1
 
                        dion 
 
   Short Legend and Physical Units in the Output
   ---------------------------------------------
   NFI    [int]          - step index
   EKINC  [HARTREE A.U.] - kinetic energy of the fictitious electronic dynamics
   TEMPH  [K]            - Temperature of the fictitious cell dynamics
   TEMP   [K]            - Ionic temperature
   ETOT   [HARTREE A.U.] - Scf total energy (Kohn-Sham hamiltonian)
   ENTHAL [HARTREE A.U.] - Enthalpy ( ETOT + P * V )
   ECONS  [HARTREE A.U.] - Enthalpy + kinetic energy of ions and cell
   ECONT  [HARTREE A.U.] - Constant of motion for the CP lagrangian
 
   PZ sic =    T

   rhothr =  0.1E-11
   f_cutoff =  0.1000
   NK memusage =     14.000 MB

   EE with periodic-image correction method = tcc                 

   reading restart file: ./SCRATCH/h4_94.save
   restart file read in    0.016 sec.

 nprint_nfi=           -2
 nprint_nfi=          291

   formf: eself=   1.59577
   formf:     vps(g=0)=  -0.0001012     rhops(g=0)=  -0.0000315
   formf: sum_g vps(g)=  -2.2273115 sum_g rhops(g)=  -0.0898096
   Delta V(G=0):   0.000402Ry,    0.010936eV
Initialize Berry phase electric field
 Additional found:       57140
 Additional found:       54816
 Additional found:       57141
 Additional found:       54817
 #not found, gtable:    1237.00000000000     
 #not found, gtabin:    1237.00000000000     
 
  nfi    ekinc  temph  tempp        etot      enthal       econs       econt    vnhh   xnhh0    vnhp   xnhp0
  292 0.11E-03    0.0    0.0    -2.19445    -2.19357    -2.19357    -2.19346  0.0000  0.0000  0.0000  0.0000     0.00000
Elct. dipole 1    0.174604  Ionic dipole 1    0.000000
  293 0.39E-03    0.0    0.0    -2.25000    -2.24913    -2.24913    -2.24874  0.0000  0.0000  0.0000  0.0000     0.00000
Elct. dipole 1    0.174899  Ionic dipole 1    0.000000
  294 0.64E-03    0.0    0.0    -2.25023    -2.24936    -2.24936    -2.24872  0.0000  0.0000  0.0000  0.0000     0.00000
Elct. dipole 1    0.174512  Ionic dipole 1    0.000000
  295 0.66E-03    0.0    0.0    -2.25036    -2.24950    -2.24950    -2.24883  0.0000  0.0000  0.0000  0.0000     0.00000
Elct. dipole 1    0.173544  Ionic dipole 1    0.000000
  296 0.48E-03    0.0    0.0    -2.25037    -2.24951    -2.24951    -2.24903  0.0000  0.0000  0.0000  0.0000     0.00000
Elct. dipole 1    0.172147  Ionic dipole 1    0.000000
  297 0.28E-03    0.0    0.0    -2.25052    -2.24967    -2.24967    -2.24939  0.0000  0.0000  0.0000  0.0000     0.00000
Elct. dipole 1    0.170477  Ionic dipole 1    0.000000
  298 0.21E-03    0.0    0.0    -2.25103    -2.25018    -2.25018    -2.24997  0.0000  0.0000  0.0000  0.0000     0.00000
Elct. dipole 1    0.168656  Ionic dipole 1    0.000000
  299 0.25E-03    0.0    0.0    -2.25175    -2.25092    -2.25092    -2.25067  0.0000  0.0000  0.0000  0.0000     0.00000
Elct. dipole 1    0.166755  Ionic dipole 1    0.000000

 * Physical Quantities at step:   300

   from rhoofr: total integrated electronic density
   in g-space =    4.000000   in r-space =   4.000000


                total energy =       -2.25235 Hartree a.u.
              kinetic energy =        1.72045 Hartree a.u.
        electrostatic energy =       -1.50942 Hartree a.u.
                         esr =        0.04640 Hartree a.u.
                       eself =        1.59577 Hartree a.u.
      pseudopotential energy =       -1.22902 Hartree a.u.
  n-l pseudopotential energy =        0.00000 Hartree a.u.
 exchange-correlation energy =       -1.17113 Hartree a.u.
           average potential =        0.00000 Hartree a.u.



   Eigenvalues (eV), kp =   1 , spin =  1

  -15.73  -13.72
 
   Allocated memory (kb) =     60372
 
   CELL_PARAMETERS
   25.00000000    0.00000000    0.00000000
    0.00000000   25.00000000    0.00000000
    0.00000000    0.00000000   50.00000000

   System Density [g/cm^3] :     0.0014


   Center of mass square displacement (a.u.):   0.000000

   ATOMIC_POSITIONS
   H    0.000000E+00  0.000000E+00 -0.350000E+01
   H    0.000000E+00  0.000000E+00 -0.150000E+01
   H    0.000000E+00  0.000000E+00  0.150000E+01
   H    0.000000E+00  0.000000E+00  0.350000E+01
 
   ATOMIC_VELOCITIES
   H    0.000000E+00  0.000000E+00  0.000000E+00
   H    0.000000E+00  0.000000E+00  0.000000E+00
   H    0.000000E+00  0.000000E+00  0.000000E+00
   H    0.000000E+00  0.000000E+00  0.000000E+00
 


   Partial temperatures (for each ionic specie) 
   Species  Temp (K)   Mean Square Displacement (a.u.)
        1       0.00     0.0000
 
  nfi    ekinc  temph  tempp        etot      enthal       econs       econt    vnhh   xnhh0    vnhp   xnhp0
  300 0.28E-03    0.0    0.0    -2.25235    -2.25153    -2.25153    -2.25125  0.0000  0.0000  0.0000  0.0000     0.00000
Elct. dipole 1    0.164806  Ionic dipole 1    0.000000

   writing restart file: ./SCRATCH/h4_95.save
   restart file written in    0.165 sec.

  301 0.25E-03    0.0    0.0    -2.25259    -2.25177    -2.25177    -2.25152  0.0000  0.0000  0.0000  0.0000     0.00000
Elct. dipole 1    0.162833  Ionic dipole 1    0.000000
  302 0.17E-03    0.0    0.0    -2.25246    -2.25166    -2.25166    -2.25149  0.0000  0.0000  0.0000  0.0000     0.00000
Elct. dipole 1    0.160891  Ionic dipole 1    0.000000
  303 0.10E-03    0.0    0.0    -2.25218    -2.25139    -2.25139    -2.25128  0.0000  0.0000  0.0000  0.0000     0.00000
Elct. dipole 1    0.159080  Ionic dipole 1    0.000000
  304 0.10E-03    0.0    0.0    -2.25196    -2.25117    -2.25117    -2.25106  0.0000  0.0000  0.0000  0.0000     0.00000
Elct. dipole 1    0.157547  Ionic dipole 1    0.000000
  305 0.15E-03    0.0    0.0    -2.25185    -2.25107    -2.25107    -2.25092  0.0000  0.0000  0.0000  0.0000     0.00000
Elct. dipole 1    0.156459  Ionic dipole 1    0.000000
  306 0.19E-03    0.0    0.0    -2.25184    -2.25106    -2.25106    -2.25087  0.0000  0.0000  0.0000  0.0000     0.00000
Elct. dipole 1    0.155978  Ionic dipole 1    0.000000
  307 0.18E-03    0.0    0.0    -2.25186    -2.25108    -2.25108    -2.25090  0.0000  0.0000  0.0000  0.0000     0.00000
Elct. dipole 1    0.156219  Ionic dipole 1    0.000000
  308 0.14E-03    0.0    0.0    -2.25190    -2.25111    -2.25111    -2.25097  0.0000  0.0000  0.0000  0.0000     0.00000
Elct. dipole 1    0.157232  Ionic dipole 1    0.000000
  309 0.89E-04    0.0    0.0    -2.25198    -2.25119    -2.25119    -2.25110  0.0000  0.0000  0.0000  0.0000     0.00000
Elct. dipole 1    0.158979  Ionic dipole 1    0.000000

 * Physical Quantities at step:   310

   from rhoofr: total integrated electronic density
   in g-space =    4.000000   in r-space =   4.000000


                total energy =       -2.25211 Hartree a.u.
              kinetic energy =        1.71004 Hartree a.u.
        electrostatic energy =       -1.50934 Hartree a.u.
                         esr =        0.04640 Hartree a.u.
                       eself =        1.59577 Hartree a.u.
      pseudopotential energy =       -1.22402 Hartree a.u.
  n-l pseudopotential energy =        0.00000 Hartree a.u.
 exchange-correlation energy =       -1.16735 Hartree a.u.
           average potential =        0.00000 Hartree a.u.



   Eigenvalues (eV), kp =   1 , spin =  1

  -15.77  -13.73
 
   Allocated memory (kb) =     60372
 
   CELL_PARAMETERS
   25.00000000    0.00000000    0.00000000
    0.00000000   25.00000000    0.00000000
    0.00000000    0.00000000   50.00000000

   System Density [g/cm^3] :     0.0014


   Center of mass square displacement (a.u.):   0.000000

   ATOMIC_POSITIONS
   H    0.000000E+00  0.000000E+00 -0.350000E+01
   H    0.000000E+00  0.000000E+00 -0.150000E+01
   H    0.000000E+00  0.000000E+00  0.150000E+01
   H    0.000000E+00  0.000000E+00  0.350000E+01
 
   ATOMIC_VELOCITIES
   H    0.000000E+00  0.000000E+00  0.000000E+00
   H    0.000000E+00  0.000000E+00  0.000000E+00
   H    0.000000E+00  0.000000E+00  0.000000E+00
   H    0.000000E+00  0.000000E+00  0.000000E+00
 


   Partial temperatures (for each ionic specie) 
   Species  Temp (K)   Mean Square Displacement (a.u.)
        1       0.00     0.0000
 
  nfi    ekinc  temph  tempp        etot      enthal       econs       econt    vnhh   xnhh0    vnhp   xnhp0
  310 0.62E-04    0.0    0.0    -2.25211    -2.25131    -2.25131    -2.25125  0.0000  0.0000  0.0000  0.0000     0.00000
Elct. dipole 1    0.161333  Ionic dipole 1    0.000000
  311 0.59E-04    0.0    0.0    -2.25226    -2.25144    -2.25144    -2.25138  0.0000  0.0000  0.0000  0.0000     0.00000
Elct. dipole 1    0.164089  Ionic dipole 1    0.000000
  312 0.64E-04    0.0    0.0    -2.25236    -2.25152    -2.25152    -2.25146  0.0000  0.0000  0.0000  0.0000     0.00000
Elct. dipole 1    0.166984  Ionic dipole 1    0.000000
  313 0.66E-04    0.0    0.0    -2.25236    -2.25151    -2.25151    -2.25145  0.0000  0.0000  0.0000  0.0000     0.00000
Elct. dipole 1    0.169732  Ionic dipole 1    0.000000
  314 0.61E-04    0.0    0.0    -2.25227    -2.25141    -2.25141    -2.25135  0.0000  0.0000  0.0000  0.0000     0.00000
Elct. dipole 1    0.172060  Ionic dipole 1    0.000000
  315 0.53E-04    0.0    0.0    -2.25214    -2.25127    -2.25127    -2.25121  0.0000  0.0000  0.0000  0.0000     0.00000
Elct. dipole 1    0.173749  Ionic dipole 1    0.000000
  316 0.49E-04    0.0    0.0    -2.25200    -2.25112    -2.25112    -2.25107  0.0000  0.0000  0.0000  0.0000     0.00000
Elct. dipole 1    0.174658  Ionic dipole 1    0.000000
  317 0.48E-04    0.0    0.0    -2.25189    -2.25102    -2.25102    -2.25097  0.0000  0.0000  0.0000  0.0000     0.00000
Elct. dipole 1    0.174741  Ionic dipole 1    0.000000
  318 0.48E-04    0.0    0.0    -2.25185    -2.25098    -2.25098    -2.25093  0.0000  0.0000  0.0000  0.0000     0.00000
Elct. dipole 1    0.174046  Ionic dipole 1    0.000000
  319 0.43E-04    0.0    0.0    -2.25186    -2.25100    -2.25100    -2.25096  0.0000  0.0000  0.0000  0.0000     0.00000
Elct. dipole 1    0.172702  Ionic dipole 1    0.000000

 * Physical Quantities at step:   320

   from rhoofr: total integrated electronic density
   in g-space =    4.000000   in r-space =   4.000000


                total energy =       -2.25192 Hartree a.u.
              kinetic energy =        1.72727 Hartree a.u.
        electrostatic energy =       -1.51058 Hartree a.u.
                         esr =        0.04640 Hartree a.u.
                       eself =        1.59577 Hartree a.u.
      pseudopotential energy =       -1.23608 Hartree a.u.
  n-l pseudopotential energy =        0.00000 Hartree a.u.
 exchange-correlation energy =       -1.17115 Hartree a.u.
           average potential =        0.00000 Hartree a.u.



   Eigenvalues (eV), kp =   1 , spin =  1

  -15.75  -13.73
 
   Allocated memory (kb) =     60372
 
   CELL_PARAMETERS
   25.00000000    0.00000000    0.00000000
    0.00000000   25.00000000    0.00000000
    0.00000000    0.00000000   50.00000000

   System Density [g/cm^3] :     0.0014


   Center of mass square displacement (a.u.):   0.000000

   ATOMIC_POSITIONS
   H    0.000000E+00  0.000000E+00 -0.350000E+01
   H    0.000000E+00  0.000000E+00 -0.150000E+01
   H    0.000000E+00  0.000000E+00  0.150000E+01
   H    0.000000E+00  0.000000E+00  0.350000E+01
 
   ATOMIC_VELOCITIES
   H    0.000000E+00  0.000000E+00  0.000000E+00
   H    0.000000E+00  0.000000E+00  0.000000E+00
   H    0.000000E+00  0.000000E+00  0.000000E+00
   H    0.000000E+00  0.000000E+00  0.000000E+00
 


   Partial temperatures (for each ionic specie) 
   Species  Temp (K)   Mean Square Displacement (a.u.)
        1       0.00     0.0000
 
  nfi    ekinc  temph  tempp        etot      enthal       econs       econt    vnhh   xnhh0    vnhp   xnhp0
  320 0.35E-04    0.0    0.0    -2.25192    -2.25107    -2.25107    -2.25103  0.0000  0.0000  0.0000  0.0000     0.00000
Elct. dipole 1    0.170890  Ionic dipole 1    0.000000
  321 0.25E-04    0.0    0.0    -2.25202    -2.25117    -2.25117    -2.25115  0.0000  0.0000  0.0000  0.0000     0.00000
Elct. dipole 1    0.168814  Ionic dipole 1    0.000000
  322 0.20E-04    0.0    0.0    -2.25213    -2.25130    -2.25130    -2.25128  0.0000  0.0000  0.0000  0.0000     0.00000
Elct. dipole 1    0.166679  Ionic dipole 1    0.000000
  323 0.18E-04    0.0    0.0    -2.25224    -2.25142    -2.25142    -2.25140  0.0000  0.0000  0.0000  0.0000     0.00000
Elct. dipole 1    0.164663  Ionic dipole 1    0.000000
  324 0.20E-04    0.0    0.0    -2.25233    -2.25151    -2.25151    -2.25149  0.0000  0.0000  0.0000  0.0000     0.00000
Elct. dipole 1    0.162910  Ionic dipole 1    0.000000
  325 0.21E-04    0.0    0.0    -2.25237    -2.25156    -2.25156    -2.25154  0.0000  0.0000  0.0000  0.0000     0.00000
Elct. dipole 1    0.161523  Ionic dipole 1    0.000000
  326 0.21E-04    0.0    0.0    -2.25237    -2.25157    -2.25157    -2.25155  0.0000  0.0000  0.0000  0.0000     0.00000
Elct. dipole 1    0.160561  Ionic dipole 1    0.000000
  327 0.18E-04    0.0    0.0    -2.25234    -2.25154    -2.25154    -2.25152  0.0000  0.0000  0.0000  0.0000     0.00000
Elct. dipole 1    0.160047  Ionic dipole 1    0.000000
  328 0.16E-04    0.0    0.0    -2.25229    -2.25149    -2.25149    -2.25147  0.0000  0.0000  0.0000  0.0000     0.00000
Elct. dipole 1    0.159970  Ionic dipole 1    0.000000
  329 0.14E-04    0.0    0.0    -2.25223    -2.25143    -2.25143    -2.25142  0.0000  0.0000  0.0000  0.0000     0.00000
Elct. dipole 1    0.160293  Ionic dipole 1    0.000000

 * Physical Quantities at step:   330

   from rhoofr: total integrated electronic density
   in g-space =    4.000000   in r-space =   4.000000


                total energy =       -2.25219 Hartree a.u.
              kinetic energy =        1.72351 Hartree a.u.
        electrostatic energy =       -1.51055 Hartree a.u.
                         esr =        0.04640 Hartree a.u.
                       eself =        1.59577 Hartree a.u.
      pseudopotential energy =       -1.23523 Hartree a.u.
  n-l pseudopotential energy =        0.00000 Hartree a.u.
 exchange-correlation energy =       -1.16905 Hartree a.u.
           average potential =        0.00000 Hartree a.u.



   Eigenvalues (eV), kp =   1 , spin =  1

  -15.77  -13.74
 
   Allocated memory (kb) =     60372
 
   CELL_PARAMETERS
   25.00000000    0.00000000    0.00000000
    0.00000000   25.00000000    0.00000000
    0.00000000    0.00000000   50.00000000

   System Density [g/cm^3] :     0.0014


   Center of mass square displacement (a.u.):   0.000000

   ATOMIC_POSITIONS
   H    0.000000E+00  0.000000E+00 -0.350000E+01
   H    0.000000E+00  0.000000E+00 -0.150000E+01
   H    0.000000E+00  0.000000E+00  0.150000E+01
   H    0.000000E+00  0.000000E+00  0.350000E+01
 
   ATOMIC_VELOCITIES
   H    0.000000E+00  0.000000E+00  0.000000E+00
   H    0.000000E+00  0.000000E+00  0.000000E+00
   H    0.000000E+00  0.000000E+00  0.000000E+00
   H    0.000000E+00  0.000000E+00  0.000000E+00
 


   Partial temperatures (for each ionic specie) 
   Species  Temp (K)   Mean Square Displacement (a.u.)
        1       0.00     0.0000
 
  nfi    ekinc  temph  tempp        etot      enthal       econs       econt    vnhh   xnhh0    vnhp   xnhp0
  330 0.12E-04    0.0    0.0    -2.25219    -2.25139    -2.25139    -2.25137  0.0000  0.0000  0.0000  0.0000     0.00000
Elct. dipole 1    0.160958  Ionic dipole 1    0.000000
  331 0.11E-04    0.0    0.0    -2.25216    -2.25135    -2.25135    -2.25134  0.0000  0.0000  0.0000  0.0000     0.00000
Elct. dipole 1    0.161888  Ionic dipole 1    0.000000
  332 0.91E-05    0.0    0.0    -2.25215    -2.25134    -2.25134    -2.25133  0.0000  0.0000  0.0000  0.0000     0.00000
Elct. dipole 1    0.162995  Ionic dipole 1    0.000000
  333 0.73E-05    0.0    0.0    -2.25215    -2.25133    -2.25133    -2.25133  0.0000  0.0000  0.0000  0.0000     0.00000
Elct. dipole 1    0.164185  Ionic dipole 1    0.000000
  334 0.64E-05    0.0    0.0    -2.25217    -2.25134    -2.25134    -2.25134  0.0000  0.0000  0.0000  0.0000     0.00000
Elct. dipole 1    0.165363  Ionic dipole 1    0.000000
  335 0.65E-05    0.0    0.0    -2.25219    -2.25136    -2.25136    -2.25135  0.0000  0.0000  0.0000  0.0000     0.00000
Elct. dipole 1    0.166440  Ionic dipole 1    0.000000
  336 0.69E-05    0.0    0.0    -2.25221    -2.25137    -2.25137    -2.25136  0.0000  0.0000  0.0000  0.0000     0.00000
Elct. dipole 1    0.167342  Ionic dipole 1    0.000000
  337 0.70E-05    0.0    0.0    -2.25222    -2.25138    -2.25138    -2.25137  0.0000  0.0000  0.0000  0.0000     0.00000
Elct. dipole 1    0.168009  Ionic dipole 1    0.000000
  338 0.65E-05    0.0    0.0    -2.25222    -2.25137    -2.25137    -2.25137  0.0000  0.0000  0.0000  0.0000     0.00000
Elct. dipole 1    0.168405  Ionic dipole 1    0.000000
  339 0.55E-05    0.0    0.0    -2.25221    -2.25137    -2.25137    -2.25136  0.0000  0.0000  0.0000  0.0000     0.00000
Elct. dipole 1    0.168517  Ionic dipole 1    0.000000

 * Physical Quantities at step:   340

   from rhoofr: total integrated electronic density
   in g-space =    4.000000   in r-space =   4.000000


                total energy =       -2.25220 Hartree a.u.
              kinetic energy =        1.72342 Hartree a.u.
        electrostatic energy =       -1.51046 Hartree a.u.
                         esr =        0.04640 Hartree a.u.
                       eself =        1.59577 Hartree a.u.
      pseudopotential energy =       -1.23467 Hartree a.u.
  n-l pseudopotential energy =        0.00000 Hartree a.u.
 exchange-correlation energy =       -1.16934 Hartree a.u.
           average potential =        0.00000 Hartree a.u.



   Eigenvalues (eV), kp =   1 , spin =  1

  -15.77  -13.74
 
   Allocated memory (kb) =     60372
 
   CELL_PARAMETERS
   25.00000000    0.00000000    0.00000000
    0.00000000   25.00000000    0.00000000
    0.00000000    0.00000000   50.00000000

   System Density [g/cm^3] :     0.0014


   Center of mass square displacement (a.u.):   0.000000

   ATOMIC_POSITIONS
   H    0.000000E+00  0.000000E+00 -0.350000E+01
   H    0.000000E+00  0.000000E+00 -0.150000E+01
   H    0.000000E+00  0.000000E+00  0.150000E+01
   H    0.000000E+00  0.000000E+00  0.350000E+01
 
   ATOMIC_VELOCITIES
   H    0.000000E+00  0.000000E+00  0.000000E+00
   H    0.000000E+00  0.000000E+00  0.000000E+00
   H    0.000000E+00  0.000000E+00  0.000000E+00
   H    0.000000E+00  0.000000E+00  0.000000E+00
 


   Partial temperatures (for each ionic specie) 
   Species  Temp (K)   Mean Square Displacement (a.u.)
        1       0.00     0.0000
 
  nfi    ekinc  temph  tempp        etot      enthal       econs       econt    vnhh   xnhh0    vnhp   xnhp0
  340 0.44E-05    0.0    0.0    -2.25220    -2.25136    -2.25136    -2.25136  0.0000  0.0000  0.0000  0.0000     0.00000
Elct. dipole 1    0.168356  Ionic dipole 1    0.000000
  341 0.37E-05    0.0    0.0    -2.25219    -2.25135    -2.25135    -2.25135  0.0000  0.0000  0.0000  0.0000     0.00000
Elct. dipole 1    0.167954  Ionic dipole 1    0.000000
  342 0.32E-05    0.0    0.0    -2.25219    -2.25135    -2.25135    -2.25135  0.0000  0.0000  0.0000  0.0000     0.00000
Elct. dipole 1    0.167362  Ionic dipole 1    0.000000
  343 0.29E-05    0.0    0.0    -2.25219    -2.25136    -2.25136    -2.25136  0.0000  0.0000  0.0000  0.0000     0.00000
Elct. dipole 1    0.166641  Ionic dipole 1    0.000000
  344 0.26E-05    0.0    0.0    -2.25220    -2.25137    -2.25137    -2.25137  0.0000  0.0000  0.0000  0.0000     0.00000
Elct. dipole 1    0.165862  Ionic dipole 1    0.000000
  345 0.25E-05    0.0    0.0    -2.25221    -2.25139    -2.25139    -2.25139  0.0000  0.0000  0.0000  0.0000     0.00000
Elct. dipole 1    0.165094  Ionic dipole 1    0.000000
  346 0.24E-05    0.0    0.0    -2.25223    -2.25141    -2.25141    -2.25140  0.0000  0.0000  0.0000  0.0000     0.00000
Elct. dipole 1    0.164399  Ionic dipole 1    0.000000
  347 0.24E-05    0.0    0.0    -2.25224    -2.25142    -2.25142    -2.25142  0.0000  0.0000  0.0000  0.0000     0.00000
Elct. dipole 1    0.163829  Ionic dipole 1    0.000000
  348 0.22E-05    0.0    0.0    -2.25225    -2.25144    -2.25144    -2.25143  0.0000  0.0000  0.0000  0.0000     0.00000
Elct. dipole 1    0.163423  Ionic dipole 1    0.000000
  349 0.20E-05    0.0    0.0    -2.25226    -2.25144    -2.25144    -2.25144  0.0000  0.0000  0.0000  0.0000     0.00000
Elct. dipole 1    0.163202  Ionic dipole 1    0.000000

 * Physical Quantities at step:   350

   from rhoofr: total integrated electronic density
   in g-space =    4.000000   in r-space =   4.000000


                total energy =       -2.25226 Hartree a.u.
              kinetic energy =        1.72153 Hartree a.u.
        electrostatic energy =       -1.51040 Hartree a.u.
                         esr =        0.04640 Hartree a.u.
                       eself =        1.59577 Hartree a.u.
      pseudopotential energy =       -1.23324 Hartree a.u.
  n-l pseudopotential energy =        0.00000 Hartree a.u.
 exchange-correlation energy =       -1.16901 Hartree a.u.
           average potential =        0.00000 Hartree a.u.



   Eigenvalues (eV), kp =   1 , spin =  1

  -15.76  -13.74
 
   Allocated memory (kb) =     60372
 
   CELL_PARAMETERS
   25.00000000    0.00000000    0.00000000
    0.00000000   25.00000000    0.00000000
    0.00000000    0.00000000   50.00000000

   System Density [g/cm^3] :     0.0014


   Center of mass square displacement (a.u.):   0.000000

   ATOMIC_POSITIONS
   H    0.000000E+00  0.000000E+00 -0.350000E+01
   H    0.000000E+00  0.000000E+00 -0.150000E+01
   H    0.000000E+00  0.000000E+00  0.150000E+01
   H    0.000000E+00  0.000000E+00  0.350000E+01
 
   ATOMIC_VELOCITIES
   H    0.000000E+00  0.000000E+00  0.000000E+00
   H    0.000000E+00  0.000000E+00  0.000000E+00
   H    0.000000E+00  0.000000E+00  0.000000E+00
   H    0.000000E+00  0.000000E+00  0.000000E+00
 


   Partial temperatures (for each ionic specie) 
   Species  Temp (K)   Mean Square Displacement (a.u.)
        1       0.00     0.0000
 
  nfi    ekinc  temph  tempp        etot      enthal       econs       econt    vnhh   xnhh0    vnhp   xnhp0
  350 0.17E-05    0.0    0.0    -2.25226    -2.25144    -2.25144    -2.25144  0.0000  0.0000  0.0000  0.0000     0.00000
Elct. dipole 1    0.163169  Ionic dipole 1    0.000000
  351 0.15E-05    0.0    0.0    -2.25225    -2.25143    -2.25143    -2.25143  0.0000  0.0000  0.0000  0.0000     0.00000
Elct. dipole 1    0.163313  Ionic dipole 1    0.000000
  352 0.13E-05    0.0    0.0    -2.25224    -2.25142    -2.25142    -2.25142  0.0000  0.0000  0.0000  0.0000     0.00000
Elct. dipole 1    0.163609  Ionic dipole 1    0.000000
  353 0.11E-05    0.0    0.0    -2.25223    -2.25141    -2.25141    -2.25140  0.0000  0.0000  0.0000  0.0000     0.00000
Elct. dipole 1    0.164021  Ionic dipole 1    0.000000
  354 0.93E-06    0.0    0.0    -2.25222    -2.25139    -2.25139    -2.25139  0.0000  0.0000  0.0000  0.0000     0.00000
Elct. dipole 1    0.164509  Ionic dipole 1    0.000000
  355 0.85E-06    0.0    0.0    -2.25221    -2.25138    -2.25138    -2.25138  0.0000  0.0000  0.0000  0.0000     0.00000
Elct. dipole 1    0.165029  Ionic dipole 1    0.000000
  356 0.84E-06    0.0    0.0    -2.25220    -2.25138    -2.25138    -2.25137  0.0000  0.0000  0.0000  0.0000     0.00000
Elct. dipole 1    0.165539  Ionic dipole 1    0.000000
  357 0.87E-06    0.0    0.0    -2.25220    -2.25137    -2.25137    -2.25137  0.0000  0.0000  0.0000  0.0000     0.00000
Elct. dipole 1    0.166000  Ionic dipole 1    0.000000

   MAIN:          EKINC   (thr)          DETOT   (thr)       MAXFORCE   (thr)
   MAIN:   0.869536D-06  0.1D-04  0.515540D-07  0.1D-05  0.000000D+00  0.1D+11
   MAIN: convergence achieved for system relaxation

 * Physical Quantities at step:   358
  358 0.87E-06    0.0    0.0    -2.25221    -2.25137    -2.25137    -2.25137  0.0000  0.0000  0.0000  0.0000     0.00000
Elct. dipole 1    0.166382  Ionic dipole 1    0.000000

   writing restart file: ./SCRATCH/h4_95.save
   restart file written in    0.165 sec.



   Averaged Physical Quantities
                      accomulated      this run
   ekinc         :        0.07835       0.00008 (AU)
   ekin          :        1.89404       1.72243 (AU)
   epot          :       -3.81984      -3.91339 (AU)
   total energy  :       -1.95249      -2.25115 (AU)
   temperature   :        0.00000       0.00000 (K )
   enthalpy      :       -1.95164      -2.25032 (AU)
   econs         :       -1.95164      -2.25032 (AU)
   pressure      :        0.00000       0.00000 (Gpa)
   volume        :    31250.00000   31250.00000 (AU)


     initialize   :     5.03s CPU
     total_time   :    38.81s CPU (      67 calls,   0.579 s avg)
     formf        :     0.02s CPU
     rhoofr       :     4.30s CPU (      67 calls,   0.064 s avg)
     vofrho       :    13.49s CPU (      67 calls,   0.201 s avg)
     dforce       :     1.63s CPU (      67 calls,   0.024 s avg)
     calphi       :     0.01s CPU (      67 calls,   0.000 s avg)
     ortho        :     0.15s CPU (      67 calls,   0.002 s avg)
     ortho_iter   :     0.00s CPU (      67 calls,   0.000 s avg)
     rsg          :     0.00s CPU (      67 calls,   0.000 s avg)
     rhoset       :     0.14s CPU (      67 calls,   0.002 s avg)
     updatc       :     0.00s CPU (      67 calls,   0.000 s avg)
     newd         :     0.00s CPU (      67 calls,   0.000 s avg)
     calbec       :     0.00s CPU (     135 calls,   0.000 s avg)
     prefor       :     0.00s CPU (      68 calls,   0.000 s avg)
     strucf       :     0.00s CPU
     nlsm1        :     0.00s CPU (     269 calls,   0.000 s avg)
     fft          :    21.17s CPU (     942 calls,   0.022 s avg)
     ffts         :     2.90s CPU (     134 calls,   0.022 s avg)
     fftw         :     2.05s CPU (     201 calls,   0.010 s avg)
     cft3s        :    26.11s CPU (    1277 calls,   0.020 s avg)
     fft_scatter  :     9.51s CPU (    1277 calls,   0.007 s avg)
     nksic_drv    :    15.64s CPU (      67 calls,   0.233 s avg)
     nksic_orbrho :     1.71s CPU (      67 calls,   0.025 s avg)
     nksic_rhoref :     0.82s CPU (     134 calls,   0.006 s avg)
     nksic_eforce :     3.25s CPU (      67 calls,   0.049 s avg)
     nksic_corr   :    38.67s CPU
     nksic_corr_h :    38.67s CPU
 
 
     CP           :    44.01s CPU time,   44.13s wall time

 
   This run was terminated on:  12: 1:31  21Nov2010            

=------------------------------------------------------------------------------=
   JOB DONE.
=------------------------------------------------------------------------------=
