=------------------------------------------------------------------------------=

     CP: variable-cell Car-Parrinello molecular dynamics
     using norm-conserving and ultrasoft Vanderbilt pseudopotentials

     Version: 4.1 - Wed Feb 15 19:22:38 CET 2012                          
     Authors: Alfredo Pasquarello, Kari Laasonen, Andrea Trave, Roberto Car,
       Paolo Giannozzi, Nicola Marzari, Carlo Cavazzoni, Guido Chiarotti,
       Sandro Scandolo, Paolo Focher, Gerardo Ballabio, and others

=------------------------------------------------------------------------------=

   This run was started on:   4:58:10   1Mar2012               

   MPI Parallel Build
   Tasks =    6  This task id =    0

   Job Title: MD Simulation


   Atomic Pseudopotentials Parameters
   ----------------------------------

   Reading pseudopotential for specie #  1 from file :
   ../../pseudo/H.pz-vbc.UPF
   file type is 20: UPF

   Reading pseudopotential for specie #  2 from file :
   ../../pseudo/C.pz-vbc.UPF
   file type is 20: UPF


   Main Simulation Parameters (from input)
   ---------------------------------------
   Restart Mode       =      -1   from_scratch   
   Number of MD Steps =   10000
   Print out every            1 MD Steps
   Reads from unit    =      90
   Writes to unit     =      91
   MD Simulation time step            =       1.00
   Electronic fictitious mass (emass) =     400.00
   emass cut-off                      =       2.50

   Simulation Cell Parameters (from input)
   external pressure       =            0.00 [GPa]
   wmass (calculated)      =         2222.27 [AU]
   ibrav =    1
   alat  =    25.00000000
   a1    =    25.00000000    0.00000000    0.00000000
   a2    =     0.00000000   25.00000000    0.00000000
   a3    =     0.00000000    0.00000000   25.00000000
 
   b1    =     0.04000000    0.00000000    0.00000000
   b2    =     0.00000000    0.04000000    0.00000000
   b3    =     0.00000000    0.00000000    0.04000000
   omega = 15625.00000000

    ========================================
    |  CONJUGATE GRADIENT                  |
    ========================================
    | iterations   =          2500         |
    | conv_thr     = 0.00000100000 a.u.    |
    | passop       =       0.50000 a.u.    |
    | niter_cg_restart =  20      |
    ========================================

   Energy Cut-offs
   ---------------
   Ecutwfc =   35.0 Ry,      Ecutrho =  140.0 Ry,      Ecuts =  140.0 Ry
   Gcutwfc =   23.5     ,    Gcutrho =   47.1          Gcuts =   47.1
   NOTA BENE: refg, mmx =   0.050000  5600
   Orthog. with Gram-Schmidt
   Electron dynamics with conjugate gradient
   Electron dynamics : the temperature is not controlled
   initial random displacement of el. coordinates with  amplitude=  0.020000

   Electronic states
   -----------------
   Number of Electron =     8, of States =     4
   Occupation numbers :
   2.00 2.00 2.00 2.00


   Exchange and correlations functionals
   -------------------------------------
   Using Local Density Approximation with
     Exchange functional: SLATER                                                      
     Correlation functional: PERDEW AND ZUNGER                                           
     Exchange-correlation      =  SLA  PZ   NOGX NOGC (1100)


   Ions Simulation Parameters
   --------------------------
   Ions are not allowed to move
   Ionic position (from input)
   sorted by specie, and converted to real a.u. coordinates
   Species   1 atoms =    4 mass =      1837.29 (a.u.),         1.01 (amu) rcmax =   1.00 (a.u.)
        0.000000     0.000000    -2.000000
        0.000000     0.000000     2.000000
        0.000000     2.000000     0.000000
        0.000000    -2.000000     0.000000
   Species   2 atoms =    1 mass =     21894.71 (a.u.),        12.01 (amu) rcmax =   0.50 (a.u.)
        0.000000     0.000000     0.000000
   Ionic position read from input file


   Cell Dynamics Parameters (from STDIN)
   -------------------------------------
   Starting cell generated from CELLDM
   Constant VOLUME Molecular dynamics
   cell parameters are not allowed to move

   Verbosity: iprsta =  1



   Simulation dimensions initialization
   ------------------------------------

   unit vectors of full simulation cell
   in real space:                         in reciprocal space (units 2pi/alat):
   1    25.0000    0.0000    0.0000              1.0000    0.0000    0.0000
   2     0.0000   25.0000    0.0000              0.0000    1.0000    0.0000
   3     0.0000    0.0000   25.0000              0.0000    0.0000    1.0000
 
   Stick Mesh
   ----------
   nst =  3485,  nstw =   875, nsts =  3485
        PEs    n.st   n.stw   n.sts    n.g    n.gw   n.gs
          1    1162     292    1162   72842    9132   72842
          2    1162     292    1162   72842    9132   72842
          3    1163     291    1163   72841    9137   72841
          4    1160     292    1160   72840    9132   72840
          5    1160     292    1160   72840    9132   72840
          6    1162     290    1162   72842    9130   72842
          0    6969    1749    6969  437047   54795  437047
 
 
   Real Mesh
   ---------
   Global Dimensions   Local  Dimensions   Processor Grid
   .X.   .Y.   .Z.     .X.   .Y.   .Z.     .X.   .Y.   .Z.
    96    96    96      96    96    16       1     1     6
   Array leading dimensions ( nr1x, nr2x, nr3x )   =     96    96    96
   Local number of cell to store the grid ( nnrx ) =     147456
   Number of x-y planes for each processors: 
   nr3l =    16   16   16   16   16   16
 
   Smooth Real Mesh
   ----------------
   Global Dimensions   Local  Dimensions   Processor Grid
   .X.   .Y.   .Z.     .X.   .Y.   .Z.     .X.   .Y.   .Z.
    96    96    96      96    96    16       1     1     6
   Array leading dimensions ( nr1x, nr2x, nr3x )   =     96    96    96
   Local number of cell to store the grid ( nnrx ) =     147456
   Number of x-y planes for each processors: 
   nr3sl =    16   16   16   16   16   16
 
   Reciprocal Space Mesh
   ---------------------
                Large Mesh
   PE   Global(ngmt)     Local(ngm) MaxLocal(ngmx)
    1         218524          36421          36421
    2         218524          36421          36421
    3         218524          36421          36421
    4         218524          36420          36421
    5         218524          36420          36421
    6         218524          36421          36421
                Smooth Mesh
   PE   Global(ngst)     Local(ngs) MaxLocal(ngsx)
    1         218524          36421          36421
    2         218524          36421          36421
    3         218524          36421          36421
    4         218524          36420          36421
    5         218524          36420          36421
    6         218524          36421          36421
                Wave function Mesh
   PE   Global(ngwt)     Local(ngw) MaxLocal(ngwx)
    1          27398           4566           4569
    2          27398           4566           4569
    3          27398           4569           4569
    4          27398           4566           4569
    5          27398           4566           4569
    6          27398           4565           4569


   System geometry initialization
   ------------------------------
 
   Scaled positions from standard input
   H    0.000000E+00  0.000000E+00 -0.800000E-01
   H    0.000000E+00  0.000000E+00  0.800000E-01
   H    0.000000E+00  0.800000E-01  0.000000E+00
   H    0.000000E+00 -0.800000E-01  0.000000E+00
   C    0.000000E+00  0.000000E+00  0.000000E+00

   Matrix Multiplication Performances
   ortho mmul, time for parallel driver      =   0.00001 with    4 procs

   Constraints matrixes will be distributed block like on
   ortho sub-group =    2*   2 procs


   Diagonalization Performances
   ortho diag, time for serial   driver =   0.00030
   ortho diag, time for parallel driver =   0.00019 with    4 procs


   Pseudopotentials initialization
   -------------------------------


   Common initialization

   Specie:     1
 
                        dion 

   Specie:     2
   1  indv=  1   ang. mom=  0
 
                        dion 
   0.5848
 
   Short Legend and Physical Units in the Output
   ---------------------------------------------
   NFI    [int]          - step index
   EKINC  [HARTREE A.U.] - kinetic energy of the fictitious electronic dynamics
   TEMPH  [K]            - Temperature of the fictitious cell dynamics
   TEMP   [K]            - Ionic temperature
   ETOT   [HARTREE A.U.] - Scf total energy (Kohn-Sham hamiltonian)
   ENTHAL [HARTREE A.U.] - Enthalpy ( ETOT + P * V )
   ECONS  [HARTREE A.U.] - Enthalpy + kinetic energy of ions and cell
   ECONT  [HARTREE A.U.] - Constant of motion for the CP lagrangian
 
   PZ sic =    T

   rhothr =  0.1E-11
   NK memusage =     14.302 MB


   f_cutoff =  0.1000
   do_spinsym   =    F
   EE with periodic-image correction method = tcc                 


   Wave Initialization: random initial wave-functions
   Occupation number from init
   nbnd =     4
    2.00 2.00 2.00 2.00

   formf: eself=  14.36192
   formf:     vps(g=0)=  -0.0002023     rhops(g=0)=  -0.0000630
   formf: sum_g vps(g)=  -2.4432651 sum_g rhops(g)=  -0.0898256
   formf:     vps(g=0)=  -0.0002057     rhops(g=0)=  -0.0002550
   formf: sum_g vps(g)=  -2.9143882 sum_g rhops(g)=  -2.8719189
   Delta V(G=0):   0.001005Ry,    0.027343eV

 * Physical Quantities at step:     1
 PERFORMING CONJUGATE GRADIENT MINIMIZATION OF EL. STATES
 cg_sub: missed minimum, case 1, iteration           6
 cg_sub: missed minimum, case 1, iteration          59


                total energy =      -7.8659213549 Hartree a.u.
              kinetic energy =       6.4092356547 Hartree a.u.
        electrostatic energy =      -9.2688732587 Hartree a.u.
                         esr =       0.0979432786 Hartree a.u.
                       eself =      14.3619220945 Hartree a.u.
      pseudopotential energy =      -2.3881274763 Hartree a.u.
  n-l pseudopotential energy =       0.5627109179 Hartree a.u.
 exchange-correlation energy =      -3.0722835632 Hartree a.u.
           average potential =       0.0000000000 Hartree a.u.



   Eigenvalues (eV), kp =   1 , spin =  1

  -24.81  -17.55  -17.55   -9.46
 
   Allocated memory (kb) =     51628
 
   CELL_PARAMETERS
   25.00000000    0.00000000    0.00000000
    0.00000000   25.00000000    0.00000000
    0.00000000    0.00000000   25.00000000

   System Density [g/cm^3] :     0.0115


   Center of mass square displacement (a.u.):   0.000000

   ATOMIC_POSITIONS
   C    0.000000E+00  0.000000E+00  0.000000E+00
   H    0.000000E+00  0.000000E+00 -0.200000E+01
   H    0.000000E+00  0.000000E+00  0.200000E+01
   H    0.000000E+00  0.200000E+01  0.000000E+00
   H    0.000000E+00 -0.200000E+01  0.000000E+00
 
   ATOMIC_VELOCITIES
   C    0.000000E+00  0.000000E+00  0.000000E+00
   H    0.000000E+00  0.000000E+00  0.000000E+00
   H    0.000000E+00  0.000000E+00  0.000000E+00
   H    0.000000E+00  0.000000E+00  0.000000E+00
   H    0.000000E+00  0.000000E+00  0.000000E+00
 


   Partial temperatures (for each ionic specie) 
   Species  Temp (K)   Mean Square Displacement (a.u.)
        1       0.00     0.0000
        2       0.00     0.0000
 
  nfi    ekinc  temph  tempp        etot      enthal       econs       econt    vnhh   xnhh0    vnhp   xnhp0
 
       nfi   tempp            E -T.S-mu.nbsp         +K_p #Iter
Step     1       0     -7.86592     -7.86592     -7.86592    63

   writing restart file: ./SCRATCH/CH4_cg_91.save
   restart file written in    0.176 sec.



   Averaged Physical Quantities
                      accomulated      this run
   ekinc         :        0.00000       0.00000 (AU)
   ekin          :        6.40924       6.40924 (AU)
   epot          :      -14.72928     -14.72928 (AU)
   total energy  :       -7.86592      -7.86592 (AU)
   temperature   :        0.00000       0.00000 (K )
   enthalpy      :        0.00000       0.00000 (AU)
   econs         :       -7.86592      -7.86592 (AU)
   pressure      :        0.00000       0.00000 (Gpa)
   volume        :    15625.00000   15625.00000 (AU)


     initialize   :     0.42s CPU
     total_time   :    76.23s CPU
     formf        :     0.04s CPU
     rhoofr       :     6.58s CPU (     127 calls,   0.052 s avg)
     vofrho       :    19.69s CPU (     127 calls,   0.155 s avg)
     vofrho1      :     0.45s CPU (       3 calls,   0.150 s avg)
     vofrho2      :     9.67s CPU (      62 calls,   0.156 s avg)
     vofrho3      :     9.57s CPU (      62 calls,   0.154 s avg)
     dforce       :     2.04s CPU (     126 calls,   0.016 s avg)
     dforce1      :     2.03s CPU (     124 calls,   0.016 s avg)
     dforce2      :     0.23s CPU
     calphi       :     0.00s CPU (      63 calls,   0.000 s avg)
     gram         :     0.08s CPU (     128 calls,   0.001 s avg)
     newd         :     0.00s CPU (      63 calls,   0.000 s avg)
     calbec       :     0.02s CPU (     442 calls,   0.000 s avg)
     prefor       :     0.00s CPU (      65 calls,   0.000 s avg)
     strucf       :     0.00s CPU
     nlfl         :     0.00s CPU
     nlsm1        :     0.02s CPU (     442 calls,   0.000 s avg)
     fft          :    34.61s CPU (    2415 calls,   0.014 s avg)
     ffts         :     3.56s CPU (     254 calls,   0.014 s avg)
     fftw         :     3.47s CPU (     506 calls,   0.007 s avg)
     cft3s        :    41.63s CPU (    3175 calls,   0.013 s avg)
     fft_scatter  :    11.38s CPU (    3175 calls,   0.004 s avg)
     nksic_drv    :    43.38s CPU (     127 calls,   0.342 s avg)
     nksic_orbrho :     4.06s CPU (     254 calls,   0.016 s avg)
     nksic_rhoref :     2.30s CPU (     508 calls,   0.005 s avg)
     nksic_eforce :     3.90s CPU (     126 calls,   0.031 s avg)
     nksic_corr   :    76.15s CPU
     nksic_corr_h :    76.15s CPU
     runcg_uspp   :    76.23s CPU
     calcmt       :     0.00s CPU
     xminus1      :     0.00s CPU (     124 calls,   0.000 s avg)
     emass_p_tpa  :     0.00s CPU
 
 
     CP           :  1m16.80s CPU time,     1m18.51s wall time

 
   This run was terminated on:   4:59:29   1Mar2012            

=------------------------------------------------------------------------------=
   JOB DONE.
=------------------------------------------------------------------------------=
