=------------------------------------------------------------------------------=

     CP: variable-cell Car-Parrinello molecular dynamics
     using norm-conserving and ultrasoft Vanderbilt pseudopotentials

     Version: 4.1 - Mon Nov 22 18:23:38 EST 2010                          
     Authors: Alfredo Pasquarello, Kari Laasonen, Andrea Trave, Roberto Car,
       Paolo Giannozzi, Nicola Marzari, Carlo Cavazzoni, Guido Chiarotti,
       Sandro Scandolo, Paolo Focher, Gerardo Ballabio, and others

=------------------------------------------------------------------------------=

   This run was started on:  10: 3: 5  24Nov2010               

   MPI Parallel Build
   Tasks =    6  This task id =    0

   Job Title: MD Simulation


   Atomic Pseudopotentials Parameters
   ----------------------------------

   Reading pseudopotential for specie #  1 from file :
   ../../pseudo/H.pz-vbc.UPF
   file type is 20: UPF

   Reading pseudopotential for specie #  2 from file :
   ../../pseudo/Be.pz-n-vbc.UPF
   file type is 20: UPF


   Main Simulation Parameters (from input)
   ---------------------------------------
   Restart Mode       =      -1   from_scratch   
   Number of MD Steps =      10
   Print out every            1 MD Steps
   Reads from unit    =      90
   Writes to unit     =      91
   MD Simulation time step            =      15.00
   Electronic fictitious mass (emass) =    1000.00
   emass cut-off                      =       3.00

   Simulation Cell Parameters (from input)
   external pressure       =            0.00 [GPa]
   wmass (calculated)      =         1386.61 [AU]
   ibrav =    1
   alat  =    25.00000000
   a1    =    25.00000000    0.00000000    0.00000000
   a2    =     0.00000000   25.00000000    0.00000000
   a3    =     0.00000000    0.00000000   25.00000000
 
   b1    =     0.04000000    0.00000000    0.00000000
   b2    =     0.00000000    0.04000000    0.00000000
   b3    =     0.00000000    0.00000000    0.04000000
   omega = 15625.00000000

   Energy Cut-offs
   ---------------
   Ecutwfc =   35.0 Ry,      Ecutrho =  140.0 Ry,      Ecuts =  140.0 Ry
   Gcutwfc =   23.5     ,    Gcutrho =   47.1          Gcuts =   47.1
   NOTA BENE: refg, mmx =   0.050000  5600
   Orthog. with Gram-Schmidt
   verlet algorithm for electron dynamics
   with friction frice =  0.0500 , grease =  1.0000
   Electron dynamics : the temperature is not controlled
   initial random displacement of el. coordinates with  amplitude=  0.020000

   Electronic states
   -----------------
   Local Spin Density calculation
   Number of Electron =     3
   Spins up   =     2, occupations: 
   1.00 1.00
   Spins down =     1, occupations: 
   1.00


   Exchange and correlations functionals
   -------------------------------------
   Using Local Density Approximation with
     Exchange functional: SLATER                                                      
     Correlation functional: PERDEW AND ZUNGER                                           
     Exchange-correlation      =  SLA  PZ   NOGX NOGC (1100)


   Ions Simulation Parameters
   --------------------------
   Ions are not allowed to move
   Ionic position (from input)
   sorted by specie, and converted to real a.u. coordinates
   Species   1 atoms =    1 mass =      1822.89 (a.u.),         1.00 (amu) rcmax =   1.00 (a.u.)
        0.000000     0.000000    -2.038289
   Species   2 atoms =    1 mass =     16424.23 (a.u.),         9.01 (amu) rcmax =   0.50 (a.u.)
        0.000000     0.000000     0.509572
   Ionic position read from input file


   Cell Dynamics Parameters (from STDIN)
   -------------------------------------
   Starting cell generated from CELLDM
   Constant VOLUME Molecular dynamics
   cell parameters are not allowed to move

   Verbosity: iprsta =  1



   Simulation dimensions initialization
   ------------------------------------

   unit vectors of full simulation cell
   in real space:                         in reciprocal space (units 2pi/alat):
   1    25.0000    0.0000    0.0000              1.0000    0.0000    0.0000
   2     0.0000   25.0000    0.0000              0.0000    1.0000    0.0000
   3     0.0000    0.0000   25.0000              0.0000    0.0000    1.0000
 
   Stick Mesh
   ----------
   nst =  3485,  nstw =   875, nsts =  3485
        PEs    n.st   n.stw   n.sts    n.g    n.gw   n.gs
          1    1162     292    1162   72842    9132   72842
          2    1162     292    1162   72842    9132   72842
          3    1163     291    1163   72841    9137   72841
          4    1160     292    1160   72840    9132   72840
          5    1160     292    1160   72840    9132   72840
          6    1162     290    1162   72842    9130   72842
          0    6969    1749    6969  437047   54795  437047
 
 
   Real Mesh
   ---------
   Global Dimensions   Local  Dimensions   Processor Grid
   .X.   .Y.   .Z.     .X.   .Y.   .Z.     .X.   .Y.   .Z.
    96    96    96      96    96    16       1     1     6
   Array leading dimensions ( nr1x, nr2x, nr3x )   =     96    96    96
   Local number of cell to store the grid ( nnrx ) =     147456
   Number of x-y planes for each processors: 
   nr3l =    16   16   16   16   16   16
 
   Smooth Real Mesh
   ----------------
   Global Dimensions   Local  Dimensions   Processor Grid
   .X.   .Y.   .Z.     .X.   .Y.   .Z.     .X.   .Y.   .Z.
    96    96    96      96    96    16       1     1     6
   Array leading dimensions ( nr1x, nr2x, nr3x )   =     96    96    96
   Local number of cell to store the grid ( nnrx ) =     147456
   Number of x-y planes for each processors: 
   nr3sl =    16   16   16   16   16   16
 
   Small Box Real Mesh
   -------------------
   Global Dimensions   Local  Dimensions   Processor Grid
   .X.   .Y.   .Z.     .X.   .Y.   .Z.     .X.   .Y.   .Z.
    24    24    24      24    24    24       1     1     1
   Array leading dimensions ( nr1x, nr2x, nr3x )   =     24    24    24
   Local number of cell to store the grid ( nnrx ) =      13824
 
   unit vectors of box grid cell
   in real space:                         in reciprocal space:
       6.2500    0.0000    0.0000              1.0000    0.0000    0.0000
       0.0000    6.2500    0.0000              0.0000    1.0000    0.0000
       0.0000    0.0000    6.2500              0.0000    0.0000    1.0000
 
   Reciprocal Space Mesh
   ---------------------
                Large Mesh
   PE   Global(ngmt)     Local(ngm) MaxLocal(ngmx)
    1         218524          36421          36421
    2         218524          36421          36421
    3         218524          36421          36421
    4         218524          36420          36421
    5         218524          36420          36421
    6         218524          36421          36421
                Smooth Mesh
   PE   Global(ngst)     Local(ngs) MaxLocal(ngsx)
    1         218524          36421          36421
    2         218524          36421          36421
    3         218524          36421          36421
    4         218524          36420          36421
    5         218524          36420          36421
    6         218524          36421          36421
                Wave function Mesh
   PE   Global(ngwt)     Local(ngw) MaxLocal(ngwx)
    1          27398           4566           4569
    2          27398           4566           4569
    3          27398           4569           4569
    4          27398           4566           4569
    5          27398           4566           4569
    6          27398           4565           4569

                Small box Mesh
   ngb =         3430 not distributed to processors


   System geometry initialization
   ------------------------------
 
   Scaled positions from standard input
   H    0.000000E+00  0.000000E+00 -0.815316E-01
   Be   0.000000E+00  0.000000E+00  0.203829E-01

   Matrix Multiplication Performances
   ortho mmul, time for parallel driver      =   0.00000 with    1 procs

   Constraints matrixes will be distributed block like on
   ortho sub-group =    1*   1 procs



   Pseudopotentials initialization
   -------------------------------


   Common initialization

   Specie:     1
 
                        dion 

   Specie:     2
   1  indv=  1   ang. mom=  0
 
                        dion 
   1.6889
 
   Short Legend and Physical Units in the Output
   ---------------------------------------------
   NFI    [int]          - step index
   EKINC  [HARTREE A.U.] - kinetic energy of the fictitious electronic dynamics
   TEMPH  [K]            - Temperature of the fictitious cell dynamics
   TEMP   [K]            - Ionic temperature
   ETOT   [HARTREE A.U.] - Scf total energy (Kohn-Sham hamiltonian)
   ENTHAL [HARTREE A.U.] - Enthalpy ( ETOT + P * V )
   ECONS  [HARTREE A.U.] - Enthalpy + kinetic energy of ions and cell
   ECONT  [HARTREE A.U.] - Constant of motion for the CP lagrangian
 
   NK sic with reference occupation =  0.5000

   NK background density factor =  1.0000
   NK scaling factor =  1.0000
   NK cross-derivatives =    T
   NK reference derivatives =    T
   NK on top of PZ =    F
   rhothr =  0.1E-11
   f_cutoff =  0.1000
   NK memusage =     17.841 MB

   EE with periodic-image correction method = tcc                 


   Wave Initialization: random initial wave-functions
   Occupation number from init
   spin =   1 nbnd =     2
    1.00 1.00
   spin =   2 nbnd =     1
    1.00

   formf: eself=   3.59048
   formf:     vps(g=0)=  -0.0002023     rhops(g=0)=  -0.0000630
   formf: sum_g vps(g)=  -2.4432651 sum_g rhops(g)=  -0.0898256
   formf:     vps(g=0)=  -0.0000955     rhops(g=0)=  -0.0001275
   formf: sum_g vps(g)=   0.2798679 sum_g rhops(g)=  -1.4359594
   Delta V(G=0):   0.000301Ry,    0.008203eV

   from rhoofr: total integrated electronic density
   spin up
   in g-space =    2.000000   in r-space =   2.000000
   spin down
   in g-space =    1.000000   in r-space =   1.000000
      NOTE: eigenvalues are not computed without ortho
 
  nfi    ekinc  temph  tempp        etot      enthal       econs       econt    vnhh   xnhh0    vnhp   xnhp0
    1 0.23E+01    0.0    0.0     9.19695     9.19695     9.19695    11.48814  0.0000  0.0000  0.0000  0.0000     0.02507
      NOTE: eigenvalues are not computed without ortho
    2 0.43E+01    0.0    0.0     6.62364     6.62364     6.62364    10.87865  0.0000  0.0000  0.0000  0.0000     0.02055
      NOTE: eigenvalues are not computed without ortho
    3 0.59E+01    0.0    0.0     3.95886     3.95886     3.95886     9.81895  0.0000  0.0000  0.0000  0.0000     0.01722
      NOTE: eigenvalues are not computed without ortho
    4 0.57E+01    0.0    0.0     2.46927     2.46927     2.46927     8.14560  0.0000  0.0000  0.0000  0.0000     0.01619
      NOTE: eigenvalues are not computed without ortho
    5 0.41E+01    0.0    0.0     2.31789     2.31789     2.31789     6.42019  0.0000  0.0000  0.0000  0.0000     0.01533
      NOTE: eigenvalues are not computed without ortho
    6 0.27E+01    0.0    0.0     2.55065     2.55065     2.55065     5.29225  0.0000  0.0000  0.0000  0.0000     0.01332
      NOTE: eigenvalues are not computed without ortho
    7 0.23E+01    0.0    0.0     2.24425     2.24425     2.24425     4.59259  0.0000  0.0000  0.0000  0.0000     0.01060
      NOTE: eigenvalues are not computed without ortho
    8 0.24E+01    0.0    0.0     1.57635     1.57635     1.57635     3.92843  0.0000  0.0000  0.0000  0.0000     0.00853
      NOTE: eigenvalues are not computed without ortho
    9 0.23E+01    0.0    0.0     0.92687     0.92687     0.92687     3.17695  0.0000  0.0000  0.0000  0.0000     0.00708

 * Physical Quantities at step:    10

   from rhoofr: total integrated electronic density
   spin up
   in g-space =    2.000000   in r-space =   2.000000
   spin down
   in g-space =    1.000000   in r-space =   1.000000
      NOTE: eigenvalues are not computed without ortho


                total energy =        0.36159 Hartree a.u.
              kinetic energy =        2.36886 Hartree a.u.
        electrostatic energy =       -1.23659 Hartree a.u.
                         esr =        0.00100 Hartree a.u.
                       eself =        3.59048 Hartree a.u.
      pseudopotential energy =       -0.15693 Hartree a.u.
  n-l pseudopotential energy =        0.03724 Hartree a.u.
 exchange-correlation energy =       -0.63603 Hartree a.u.
           average potential =        0.00000 Hartree a.u.



   Eigenvalues (eV), kp =   1 , spin =  1

    0.00    0.00

   Eigenvalues (eV), kp =   1 , spin =  2

    0.00
 
   Allocated memory (kb) =     69340
 
   CELL_PARAMETERS
   25.00000000    0.00000000    0.00000000
    0.00000000   25.00000000    0.00000000
    0.00000000    0.00000000   25.00000000

   System Density [g/cm^3] :     0.0072


   Center of mass square displacement (a.u.):   0.000000

   ATOMIC_POSITIONS
   H    0.000000E+00  0.000000E+00 -0.203829E+01
   Be   0.000000E+00  0.000000E+00  0.509572E+00
 
   ATOMIC_VELOCITIES
   H    0.000000E+00  0.000000E+00  0.000000E+00
   Be   0.000000E+00  0.000000E+00  0.000000E+00
 


   Partial temperatures (for each ionic specie) 
   Species  Temp (K)   Mean Square Displacement (a.u.)
        1       0.00     0.0000
        2       0.00     0.0000
 
  nfi    ekinc  temph  tempp        etot      enthal       econs       econt    vnhh   xnhh0    vnhp   xnhp0
   10 0.20E+01    0.0    0.0     0.36159     0.36159     0.36159     2.38746  0.0000  0.0000  0.0000  0.0000     0.00554

   writing restart file: ./SCRATCH//job_BeH_91.save
   restart file written in    0.136 sec.



   Averaged Physical Quantities
                      accomulated      this run
   ekinc         :        3.39029       3.39029 (AU)
   ekin          :        5.29197       5.29197 (AU)
   epot          :       -2.24547      -2.24547 (AU)
   total energy  :        3.22263       3.22263 (AU)
   temperature   :        0.00000       0.00000 (K )
   enthalpy      :        3.22263       3.22263 (AU)
   econs         :        3.22263       3.22263 (AU)
   pressure      :        0.00000       0.00000 (Gpa)
   volume        :    15625.00000   15625.00000 (AU)


     initialize   :     1.07s CPU
     total_time   :    14.97s CPU (      10 calls,   1.497 s avg)
     formf        :     0.05s CPU
     rhoofr       :     0.76s CPU (      11 calls,   0.069 s avg)
     vofrho       :     2.60s CPU (      11 calls,   0.236 s avg)
     dforce       :     0.45s CPU (      22 calls,   0.020 s avg)
     calphi       :     0.00s CPU (      11 calls,   0.000 s avg)
     gram         :     0.18s CPU (      13 calls,   0.014 s avg)
     newd         :     0.02s CPU (      11 calls,   0.001 s avg)
     calbec       :     0.01s CPU (      12 calls,   0.001 s avg)
     prefor       :     0.00s CPU (      11 calls,   0.000 s avg)
     strucf       :     0.00s CPU
     set_cc       :     0.01s CPU (      11 calls,   0.001 s avg)
     nlsm1        :     0.01s CPU (      12 calls,   0.001 s avg)
     fft          :     4.10s CPU (     216 calls,   0.019 s avg)
     ffts         :     0.40s CPU (      22 calls,   0.018 s avg)
     fftw         :     0.55s CPU (      66 calls,   0.008 s avg)
     fftb         :     0.00s CPU (      13 calls,   0.000 s avg)
     cft3s        :     5.05s CPU (     304 calls,   0.017 s avg)
     fft_scatter  :     1.83s CPU (     304 calls,   0.006 s avg)
     nksic_drv    :    10.63s CPU (      10 calls,   1.063 s avg)
     nksic_orbrho :     0.44s CPU (      20 calls,   0.022 s avg)
     nksic_rhoref :     0.16s CPU (      30 calls,   0.005 s avg)
     nksic_eforce :     0.88s CPU (      22 calls,   0.040 s avg)
     nksic_corr   :     9.88s CPU (      30 calls,   0.329 s avg)
     nksic_corr_h :     1.50s CPU (      30 calls,   0.050 s avg)
     nksic_corr_v :     3.37s CPU (      30 calls,   0.112 s avg)
     nksic_corr_f :     4.95s CPU (      30 calls,   0.165 s avg)
 
 
     CP           :    16.17s CPU time,   16.34s wall time

 
   This run was terminated on:  10: 3:21  24Nov2010            

=------------------------------------------------------------------------------=
   JOB DONE.
=------------------------------------------------------------------------------=
