=------------------------------------------------------------------------------=

     CP: variable-cell Car-Parrinello molecular dynamics
     using norm-conserving and ultrasoft Vanderbilt pseudopotentials

     Version: 4.1 - Wed Dec 8 14:15:08 EST 2010                           
     Authors: Alfredo Pasquarello, Kari Laasonen, Andrea Trave, Roberto Car,
       Paolo Giannozzi, Nicola Marzari, Carlo Cavazzoni, Guido Chiarotti,
       Sandro Scandolo, Paolo Focher, Gerardo Ballabio, and others

=------------------------------------------------------------------------------=

   This run was started on:  14:17:49   8Dec2010               

   MPI Parallel Build
   Tasks =    6  This task id =    0

   Job Title: MD Simulation


   Atomic Pseudopotentials Parameters
   ----------------------------------

   Reading pseudopotential for specie #  1 from file :
   ../../pseudo/Cl.pz-bhs.UPF
   file type is 20: UPF


   Main Simulation Parameters (from input)
   ---------------------------------------
   Restart Mode       =       1   restart        
   Number of MD Steps =      10
   Print out every            1 MD Steps
   Reads from unit    =      90
   Writes to unit     =      91
   MD Simulation time step            =      15.00
   Electronic fictitious mass (emass) =    1000.00
   emass cut-off                      =       3.00

   Simulation Cell Parameters (from input)
   external pressure       =            0.00 [GPa]
   wmass (calculated)      =         9821.27 [AU]
   ibrav =    1
   alat  =    25.00000000
   a1    =    25.00000000    0.00000000    0.00000000
   a2    =     0.00000000   25.00000000    0.00000000
   a3    =     0.00000000    0.00000000   25.00000000
 
   b1    =     0.04000000    0.00000000    0.00000000
   b2    =     0.00000000    0.04000000    0.00000000
   b3    =     0.00000000    0.00000000    0.04000000
   omega = 15625.00000000

   Energy Cut-offs
   ---------------
   Ecutwfc =   80.0 Ry,      Ecutrho =  320.0 Ry,      Ecuts =  320.0 Ry
   Gcutwfc =   35.6     ,    Gcutrho =   71.2          Gcuts =   71.2
   NOTA BENE: refg, mmx =   0.050000 12800
   Orthog. with Gram-Schmidt
   verlet algorithm for electron dynamics
   with friction frice =  0.0500 , grease =  1.0000
   Electron dynamics : the temperature is not controlled

   Electronic states
   -----------------
   Local Spin Density calculation
   Number of Electron =    14
   Spins up   =     7, occupations: 
   1.00 1.00 1.00 1.00 1.00 1.00 1.00
   Spins down =     7, occupations: 
   1.00 1.00 1.00 1.00 1.00 1.00 1.00


   Exchange and correlations functionals
   -------------------------------------
   Using Local Density Approximation with
     Exchange functional: SLATER                                                      
     Correlation functional: PERDEW AND ZUNGER                                           
     Exchange-correlation      =  SLA  PZ   NOGX NOGC (1100)


   Ions Simulation Parameters
   --------------------------
   Ions are not allowed to move
   Ionic position (from input)
   sorted by specie, and converted to real a.u. coordinates
   Species   1 atoms =    2 mass =     64621.40 (a.u.),        35.45 (amu) rcmax =   1.00 (a.u.)
        0.000000     0.000000     1.903977
        0.000000     0.000000    -1.903977
   Ionic position will be re-read from restart file


   Cell Dynamics Parameters (from STDIN)
   -------------------------------------
   Starting cell generated from CELLDM
   Cell parameters will be re-read from restart file
   Constant VOLUME Molecular dynamics
   cell parameters are not allowed to move

   Verbosity: iprsta =  1



   Simulation dimensions initialization
   ------------------------------------

   unit vectors of full simulation cell
   in real space:                         in reciprocal space (units 2pi/alat):
   1    25.0000    0.0000    0.0000              1.0000    0.0000    0.0000
   2     0.0000   25.0000    0.0000              0.0000    1.0000    0.0000
   3     0.0000    0.0000   25.0000              0.0000    0.0000    1.0000
 
   Stick Mesh
   ----------
   nst =  7967,  nstw =  1993, nsts =  7967
        PEs    n.st   n.stw   n.sts    n.g    n.gw   n.gs
          1    2654     664    2654  251806   31508  251806
          2    2654     664    2654  251806   31508  251806
          3    2654     664    2654  251806   31508  251806
          4    2658     666    2658  251806   31514  251806
          5    2655     663    2655  251805   31505  251805
          6    2658     664    2658  251806   31504  251806
          0   15933    3985   15933 1510835  189047 1510835
 
 
   Real Mesh
   ---------
   Global Dimensions   Local  Dimensions   Processor Grid
   .X.   .Y.   .Z.     .X.   .Y.   .Z.     .X.   .Y.   .Z.
   144   144   144     144   144    24       1     1     6
   Array leading dimensions ( nr1x, nr2x, nr3x )   =    144   144   144
   Local number of cell to store the grid ( nnrx ) =     497664
   Number of x-y planes for each processors: 
   nr3l =    24   24   24   24   24   24
 
   Smooth Real Mesh
   ----------------
   Global Dimensions   Local  Dimensions   Processor Grid
   .X.   .Y.   .Z.     .X.   .Y.   .Z.     .X.   .Y.   .Z.
   144   144   144     144   144    24       1     1     6
   Array leading dimensions ( nr1x, nr2x, nr3x )   =    144   144   144
   Local number of cell to store the grid ( nnrx ) =     497664
   Number of x-y planes for each processors: 
   nr3sl =    24   24   24   24   24   24
 
   Reciprocal Space Mesh
   ---------------------
                Large Mesh
   PE   Global(ngmt)     Local(ngm) MaxLocal(ngmx)
    1         755418         125903         125903
    2         755418         125903         125903
    3         755418         125903         125903
    4         755418         125903         125903
    5         755418         125903         125903
    6         755418         125903         125903
                Smooth Mesh
   PE   Global(ngst)     Local(ngs) MaxLocal(ngsx)
    1         755418         125903         125903
    2         755418         125903         125903
    3         755418         125903         125903
    4         755418         125903         125903
    5         755418         125903         125903
    6         755418         125903         125903
                Wave function Mesh
   PE   Global(ngwt)     Local(ngw) MaxLocal(ngwx)
    1          94524          15754          15757
    2          94524          15754          15757
    3          94524          15754          15757
    4          94524          15757          15757
    5          94524          15753          15757
    6          94524          15752          15757


   System geometry initialization
   ------------------------------
 
   Scaled positions from standard input
   Cl   0.000000E+00  0.000000E+00  0.761591E-01
   Cl   0.000000E+00  0.000000E+00 -0.761591E-01
   ibrav =    1       cell parameters 

      25.00000       0.00000       0.00000
       0.00000      25.00000       0.00000
       0.00000       0.00000      25.00000
 

   Matrix Multiplication Performances
   ortho mmul, time for parallel driver      =   0.00001 with    4 procs

   Constraints matrixes will be distributed block like on
   ortho sub-group =    2*   2 procs


   Diagonalization Performances
   ortho diag, time for serial   driver =   0.06316
   ortho diag, time for parallel driver =   0.00018 with    4 procs


   Pseudopotentials initialization
   -------------------------------


   Common initialization

   Specie:     1
   1  indv=  1   ang. mom=  0
   2  indv=  2   ang. mom=  1
   3  indv=  2   ang. mom=  1
   4  indv=  2   ang. mom=  1
 
                        dion 
   0.3320   0.0000
   0.0000   0.6374
 
   Short Legend and Physical Units in the Output
   ---------------------------------------------
   NFI    [int]          - step index
   EKINC  [HARTREE A.U.] - kinetic energy of the fictitious electronic dynamics
   TEMPH  [K]            - Temperature of the fictitious cell dynamics
   TEMP   [K]            - Ionic temperature
   ETOT   [HARTREE A.U.] - Scf total energy (Kohn-Sham hamiltonian)
   ENTHAL [HARTREE A.U.] - Enthalpy ( ETOT + P * V )
   ECONS  [HARTREE A.U.] - Enthalpy + kinetic energy of ions and cell
   ECONT  [HARTREE A.U.] - Constant of motion for the CP lagrangian
 

   f_cutoff =  0.1000
   do_spinsym   =    F
   EE with periodic-image correction method = tcc                 

   reading restart file: ./SCRATCH/clorine_spin_90.save
   restart file read in    0.234 sec.

 nprint_nfi=           -2
 nprint_nfi=            1

   formf: eself=  39.09634
   formf:     vps(g=0)=  -0.0013111     rhops(g=0)=  -0.0004410
   formf: sum_g vps(g)=  -1.5988328 sum_g rhops(g)=  -0.6287789
   Delta V(G=0):   0.002815Ry,    0.076596eV
      NOTE: eigenvalues are not computed without ortho
 
  nfi    ekinc  temph  tempp        etot      enthal       econs       econt    vnhh   xnhh0    vnhp   xnhp0
    2 0.21E+02    0.0    0.0   112.20211   112.20211   112.20211   133.50122  0.0000  0.0000  0.0000  0.0000     1.05576
      NOTE: eigenvalues are not computed without ortho
    3 0.53E+02    0.0    0.0    79.86113    79.86113    79.86113   133.10184  0.0000  0.0000  0.0000  0.0000     0.67275
      NOTE: eigenvalues are not computed without ortho
    4 0.81E+02    0.0    0.0    22.06521    22.06521    22.06521   103.32415  0.0000  0.0000  0.0000  0.0000     0.16636
      NOTE: eigenvalues are not computed without ortho
    5 0.70E+02    0.0    0.0    -9.27919    -9.27919    -9.27919    60.82578  0.0000  0.0000  0.0000  0.0000     0.03259
      NOTE: eigenvalues are not computed without ortho
    6 0.35E+02    0.0    0.0    -4.88309    -4.88309    -4.88309    30.45977  0.0000  0.0000  0.0000  0.0000     0.04790
      NOTE: eigenvalues are not computed without ortho
    7 0.18E+02    0.0    0.0    -0.95272    -0.95272    -0.95272    17.29877  0.0000  0.0000  0.0000  0.0000     0.05540
      NOTE: eigenvalues are not computed without ortho
    8 0.20E+02    0.0    0.0   -10.32418   -10.32418   -10.32418     9.43645  0.0000  0.0000  0.0000  0.0000     0.02362
      NOTE: eigenvalues are not computed without ortho
    9 0.22E+02    0.0    0.0   -20.86219   -20.86219   -20.86219     0.69227  0.0000  0.0000  0.0000  0.0000     0.00605

 * Physical Quantities at step:    10

   from rhoofr: total integrated electronic density
   spin up
   in g-space =    7.000000   in r-space =   7.000000
   spin down
   in g-space =    7.000000   in r-space =   7.000000
      NOTE: eigenvalues are not computed without ortho


                total energy =      -22.97875 Hartree a.u.
              kinetic energy =       16.40727 Hartree a.u.
        electrostatic energy =      -33.53319 Hartree a.u.
                         esr =        0.00180 Hartree a.u.
                       eself =       39.09634 Hartree a.u.
      pseudopotential energy =       -7.51766 Hartree a.u.
  n-l pseudopotential energy =        6.85446 Hartree a.u.
 exchange-correlation energy =       -5.18963 Hartree a.u.
           average potential =        0.00000 Hartree a.u.



   Eigenvalues (eV), kp =   1 , spin =  1

    0.00    0.00    0.00    0.00    0.00    0.00    0.00

   Eigenvalues (eV), kp =   1 , spin =  2

    0.00    0.00    0.00    0.00    0.00    0.00    0.00
 
   Allocated memory (kb) =    165260
 
   CELL_PARAMETERS
   25.00000000    0.00000000    0.00000000
    0.00000000   25.00000000    0.00000000
    0.00000000    0.00000000   25.00000000

   System Density [g/cm^3] :     0.0508


   Center of mass square displacement (a.u.):   0.000000

   ATOMIC_POSITIONS
   Cl   0.000000E+00  0.000000E+00  0.190398E+01
   Cl   0.000000E+00  0.000000E+00 -0.190398E+01
 
   ATOMIC_VELOCITIES
   Cl   0.000000E+00  0.000000E+00  0.000000E+00
   Cl   0.000000E+00  0.000000E+00  0.000000E+00
 


   Partial temperatures (for each ionic specie) 
   Species  Temp (K)   Mean Square Displacement (a.u.)
        1       0.00     0.0000
 
  nfi    ekinc  temph  tempp        etot      enthal       econs       econt    vnhh   xnhh0    vnhp   xnhp0
   10 0.16E+02    0.0    0.0   -22.97875   -22.97875   -22.97875    -7.30371  0.0000  0.0000  0.0000  0.0000     0.00604

 * Physical Quantities at step:    11
      NOTE: eigenvalues are not computed without ortho
   11 0.84E+01    0.0    0.0   -20.61898   -20.61898   -20.61898   -12.24229  0.0000  0.0000  0.0000  0.0000     0.01064

   writing restart file: ./SCRATCH/clorine_spin_91.save
   restart file written in    0.966 sec.



   Averaged Physical Quantities
                      accomulated      this run
   ekinc         :       31.80558      34.48649 (AU)
   ekin          :       51.64916      43.68342 (AU)
   epot          :      -33.25030     -35.87971 (AU)
   total energy  :       22.59964      12.42293 (AU)
   temperature   :        0.00000       0.00000 (K )
   enthalpy      :       22.59964      12.42293 (AU)
   econs         :       22.59964      12.42293 (AU)
   pressure      :        0.00000       0.00000 (Gpa)
   volume        :    15625.00000   15625.00000 (AU)


     initialize   :     2.57s CPU
     total_time   :    18.63s CPU (      10 calls,   1.863 s avg)
     formf        :     0.10s CPU
     rhoofr       :     4.70s CPU (      10 calls,   0.470 s avg)
     vofrho       :     7.78s CPU (      10 calls,   0.778 s avg)
     dforce       :     5.66s CPU (      70 calls,   0.081 s avg)
     calphi       :     0.04s CPU (      10 calls,   0.004 s avg)
     gram         :     0.12s CPU (      10 calls,   0.012 s avg)
     newd         :     0.04s CPU (      10 calls,   0.004 s avg)
     calbec       :     0.10s CPU (      11 calls,   0.009 s avg)
     prefor       :     0.03s CPU (      11 calls,   0.003 s avg)
     strucf       :     0.00s CPU
     nlsm1        :     0.10s CPU (      11 calls,   0.009 s avg)
     fft          :     5.28s CPU (      74 calls,   0.071 s avg)
     ffts         :     1.42s CPU (      20 calls,   0.071 s avg)
     fftw         :     7.22s CPU (     210 calls,   0.034 s avg)
     cft3s        :    13.93s CPU (     304 calls,   0.046 s avg)
     fft_scatter  :     3.56s CPU (     304 calls,   0.012 s avg)
 
 
     CP           :    22.08s CPU time,   22.43s wall time

 
   This run was terminated on:  14:18:12   8Dec2010            

=------------------------------------------------------------------------------=
   JOB DONE.
=------------------------------------------------------------------------------=
