=------------------------------------------------------------------------------=

     CP: variable-cell Car-Parrinello molecular dynamics
     using norm-conserving and ultrasoft Vanderbilt pseudopotentials

     Version: 4.1 - Mon Dec 13 15:39:43 EST 2010                          
     Authors: Alfredo Pasquarello, Kari Laasonen, Andrea Trave, Roberto Car,
       Paolo Giannozzi, Nicola Marzari, Carlo Cavazzoni, Guido Chiarotti,
       Sandro Scandolo, Paolo Focher, Gerardo Ballabio, and others

=------------------------------------------------------------------------------=

   This run was started on:  16:13:27  14Dec2010               

   MPI Parallel Build
   Tasks =    6  This task id =    0

   Job Title: MD Simulation


   Atomic Pseudopotentials Parameters
   ----------------------------------

   Reading pseudopotential for specie #  1 from file :
   ../../pseudo/Cl.pz-bhs.UPF
   file type is 20: UPF


   Main Simulation Parameters (from input)
   ---------------------------------------
   Restart Mode       =       1   restart        
   Number of MD Steps =     100
   Print out every            1 MD Steps
   Reads from unit    =      95
   Writes to unit     =      96
   MD Simulation time step            =      15.00
   Electronic fictitious mass (emass) =    1000.00
   emass cut-off                      =       3.00

   Simulation Cell Parameters (from input)
   external pressure       =            0.00 [GPa]
   wmass (calculated)      =         9821.27 [AU]
   ibrav =    1
   alat  =    20.00000000
   a1    =    20.00000000    0.00000000    0.00000000
   a2    =     0.00000000   20.00000000    0.00000000
   a3    =     0.00000000    0.00000000   20.00000000
 
   b1    =     0.05000000    0.00000000    0.00000000
   b2    =     0.00000000    0.05000000    0.00000000
   b3    =     0.00000000    0.00000000    0.05000000
   omega =  8000.00000000

   Energy Cut-offs
   ---------------
   Ecutwfc =   50.0 Ry,      Ecutrho =  200.0 Ry,      Ecuts =  200.0 Ry
   Gcutwfc =   22.5     ,    Gcutrho =   45.0          Gcuts =   45.0
   NOTA BENE: refg, mmx =   0.050000  8000
   Eigenvalues calculated without the kinetic term contribution
   Orthog. with lagrange multipliers : eps =   0.10E-07,  max = 500
   verlet algorithm for electron dynamics
   with friction frice =  0.0500 , grease =  1.0000
   Electron dynamics : the temperature is not controlled

   Electronic states
   -----------------
   Number of Electron =    14, of States =     7
   Occupation numbers :
   2.00 2.00 2.00 2.00 2.00 2.00 2.00


   Exchange and correlations functionals
   -------------------------------------
   Using Local Density Approximation with
     Exchange functional: SLATER                                                      
     Correlation functional: PERDEW AND ZUNGER                                           
     Exchange-correlation      =  SLA  PZ   NOGX NOGC (1100)


   Ions Simulation Parameters
   --------------------------
   Ions are not allowed to move
   Ionic position (from input)
   sorted by specie, and converted to real a.u. coordinates
   Species   1 atoms =    2 mass =     64621.40 (a.u.),        35.45 (amu) rcmax =   1.00 (a.u.)
        0.000000     0.000000     1.903977
        0.000000     0.000000    -1.903977
   Ionic position will be re-read from restart file


   Cell Dynamics Parameters (from STDIN)
   -------------------------------------
   Starting cell generated from CELLDM
   Cell parameters will be re-read from restart file
   Constant VOLUME Molecular dynamics
   cell parameters are not allowed to move

   Verbosity: iprsta =  1



   Simulation dimensions initialization
   ------------------------------------

   unit vectors of full simulation cell
   in real space:                         in reciprocal space (units 2pi/alat):
   1    20.0000    0.0000    0.0000              1.0000    0.0000    0.0000
   2     0.0000   20.0000    0.0000              0.0000    1.0000    0.0000
   3     0.0000    0.0000   20.0000              0.0000    0.0000    1.0000
 
   Stick Mesh
   ----------
   nst =  3185,  nstw =   799, nsts =  3185
        PEs    n.st   n.stw   n.sts    n.g    n.gw   n.gs
          1    1063     265    1063   63721    7973   63721
          2    1060     266    1060   63720    7974   63720
          3    1060     268    1060   63720    7976   63720
          4    1060     266    1060   63720    7970   63720
          5    1062     266    1062   63722    7970   63722
          6    1064     266    1064   63720    7970   63720
          0    6369    1597    6369  382323   47833  382323
 
 
   Real Mesh
   ---------
   Global Dimensions   Local  Dimensions   Processor Grid
   .X.   .Y.   .Z.     .X.   .Y.   .Z.     .X.   .Y.   .Z.
    96    96    96      96    96    16       1     1     6
   Array leading dimensions ( nr1x, nr2x, nr3x )   =     96    96    96
   Local number of cell to store the grid ( nnrx ) =     147456
   Number of x-y planes for each processors: 
   nr3l =    16   16   16   16   16   16
 
   Smooth Real Mesh
   ----------------
   Global Dimensions   Local  Dimensions   Processor Grid
   .X.   .Y.   .Z.     .X.   .Y.   .Z.     .X.   .Y.   .Z.
    96    96    96      96    96    16       1     1     6
   Array leading dimensions ( nr1x, nr2x, nr3x )   =     96    96    96
   Local number of cell to store the grid ( nnrx ) =     147456
   Number of x-y planes for each processors: 
   nr3sl =    16   16   16   16   16   16
 
   Reciprocal Space Mesh
   ---------------------
                Large Mesh
   PE   Global(ngmt)     Local(ngm) MaxLocal(ngmx)
    1         191162          31861          31861
    2         191162          31860          31861
    3         191162          31860          31861
    4         191162          31860          31861
    5         191162          31861          31861
    6         191162          31860          31861
                Smooth Mesh
   PE   Global(ngst)     Local(ngs) MaxLocal(ngsx)
    1         191162          31861          31861
    2         191162          31860          31861
    3         191162          31860          31861
    4         191162          31860          31861
    5         191162          31861          31861
    6         191162          31860          31861
                Wave function Mesh
   PE   Global(ngwt)     Local(ngw) MaxLocal(ngwx)
    1          23917           3987           3988
    2          23917           3987           3988
    3          23917           3988           3988
    4          23917           3985           3988
    5          23917           3985           3988
    6          23917           3985           3988


   System geometry initialization
   ------------------------------
 
   Scaled positions from standard input
   Cl   0.000000E+00  0.000000E+00  0.951988E-01
   Cl   0.000000E+00  0.000000E+00 -0.951988E-01
   ibrav =    1       cell parameters 

      20.00000       0.00000       0.00000
       0.00000      20.00000       0.00000
       0.00000       0.00000      20.00000
 

   Matrix Multiplication Performances
   ortho mmul, time for parallel driver      =   0.00001 with    4 procs

   Constraints matrixes will be distributed block like on
   ortho sub-group =    2*   2 procs


   Diagonalization Performances
   ortho diag, time for serial   driver =   0.04074
   ortho diag, time for parallel driver =   0.00020 with    4 procs


   Pseudopotentials initialization
   -------------------------------


   Common initialization

   Specie:     1
   1  indv=  1   ang. mom=  0
   2  indv=  2   ang. mom=  1
   3  indv=  2   ang. mom=  1
   4  indv=  2   ang. mom=  1
 
                        dion 
   0.3320   0.0000
   0.0000   0.6374
 
   Short Legend and Physical Units in the Output
   ---------------------------------------------
   NFI    [int]          - step index
   EKINC  [HARTREE A.U.] - kinetic energy of the fictitious electronic dynamics
   TEMPH  [K]            - Temperature of the fictitious cell dynamics
   TEMP   [K]            - Ionic temperature
   ETOT   [HARTREE A.U.] - Scf total energy (Kohn-Sham hamiltonian)
   ENTHAL [HARTREE A.U.] - Enthalpy ( ETOT + P * V )
   ECONS  [HARTREE A.U.] - Enthalpy + kinetic energy of ions and cell
   ECONT  [HARTREE A.U.] - Constant of motion for the CP lagrangian
 

   f_cutoff =  0.1000
   do_spinsym   =    F

   Warning XC functionals forced to be: hf                            
   HF scaling factor =  1.0000
            f_cutoff =  0.1000
       dft_is_hybrid =     T
   EE with periodic-image correction method = tcc                 

   reading restart file: ./SCRATCH/clorine_95.save
   restart file read in    0.026 sec.

 nprint_nfi=           -2
 nprint_nfi=          394

   formf: eself=  39.09634
   formf:     vps(g=0)=  -0.0025842     rhops(g=0)=  -0.0008750
   formf: sum_g vps(g)=  -1.7047711 sum_g rhops(g)=  -0.6289924
   Delta V(G=0):   0.005498Ry,    0.149602eV
 
  nfi    ekinc  temph  tempp        etot      enthal       econs       econt    vnhh   xnhh0    vnhp   xnhp0
  395 0.37E-03    0.0    0.0   -29.63403   -29.63403   -29.63403   -29.63366  0.0000  0.0000  0.0000  0.0000     0.00000
  396 0.14E-02    0.0    0.0   -29.63674   -29.63674   -29.63674   -29.63534  0.0000  0.0000  0.0000  0.0000     0.00000
  397 0.24E-02    0.0    0.0   -29.63980   -29.63980   -29.63980   -29.63738  0.0000  0.0000  0.0000  0.0000     0.00000
  398 0.26E-02    0.0    0.0   -29.64128   -29.64128   -29.64128   -29.63864  0.0000  0.0000  0.0000  0.0000     0.00000
  399 0.22E-02    0.0    0.0   -29.64113   -29.64113   -29.64113   -29.63897  0.0000  0.0000  0.0000  0.0000     0.00000

 * Physical Quantities at step:   400

   from rhoofr: total integrated electronic density
   in g-space =   14.000000   in r-space =  14.000000


                total energy =      -29.64055 Hartree a.u.
              kinetic energy =       11.02420 Hartree a.u.
        electrostatic energy =      -34.36998 Hartree a.u.
                         esr =        0.00180 Hartree a.u.
                       eself =       39.09634 Hartree a.u.
      pseudopotential energy =       -7.84567 Hartree a.u.
  n-l pseudopotential energy =        6.86726 Hartree a.u.
 exchange-correlation energy =        0.00000 Hartree a.u.
           average potential =        0.00000 Hartree a.u.



   Eigenvalues (eV), kp =   1 , spin =  1

  -33.25  -28.01  -16.31  -15.56  -15.56  -12.34  -12.34
 
   Allocated memory (kb) =     61908
 
   CELL_PARAMETERS
   20.00000000    0.00000000    0.00000000
    0.00000000   20.00000000    0.00000000
    0.00000000    0.00000000   20.00000000

   System Density [g/cm^3] :     0.0993


   Center of mass square displacement (a.u.):   0.000000

   ATOMIC_POSITIONS
   Cl   0.000000E+00  0.000000E+00  0.190398E+01
   Cl   0.000000E+00  0.000000E+00 -0.190398E+01
 
   ATOMIC_VELOCITIES
   Cl   0.000000E+00  0.000000E+00  0.000000E+00
   Cl   0.000000E+00  0.000000E+00  0.000000E+00
 


   Partial temperatures (for each ionic specie) 
   Species  Temp (K)   Mean Square Displacement (a.u.)
        1       0.00     0.0000
 
  nfi    ekinc  temph  tempp        etot      enthal       econs       econt    vnhh   xnhh0    vnhp   xnhp0
  400 0.16E-02    0.0    0.0   -29.64055   -29.64055   -29.64055   -29.63899  0.0000  0.0000  0.0000  0.0000     0.00000

   writing restart file: ./SCRATCH/clorine_96.save
   restart file written in    0.175 sec.

  401 0.12E-02    0.0    0.0   -29.64040   -29.64040   -29.64040   -29.63920  0.0000  0.0000  0.0000  0.0000     0.00000
  402 0.11E-02    0.0    0.0   -29.64068   -29.64068   -29.64068   -29.63959  0.0000  0.0000  0.0000  0.0000     0.00000
  403 0.98E-03    0.0    0.0   -29.64091   -29.64091   -29.64091   -29.63993  0.0000  0.0000  0.0000  0.0000     0.00001
  404 0.81E-03    0.0    0.0   -29.64091   -29.64091   -29.64091   -29.64010  0.0000  0.0000  0.0000  0.0000     0.00001
  405 0.63E-03    0.0    0.0   -29.64081   -29.64081   -29.64081   -29.64018  0.0000  0.0000  0.0000  0.0000     0.00001
  406 0.54E-03    0.0    0.0   -29.64085   -29.64085   -29.64085   -29.64031  0.0000  0.0000  0.0000  0.0000     0.00000
  407 0.54E-03    0.0    0.0   -29.64108   -29.64108   -29.64108   -29.64054  0.0000  0.0000  0.0000  0.0000     0.00000
  408 0.57E-03    0.0    0.0   -29.64137   -29.64137   -29.64137   -29.64080  0.0000  0.0000  0.0000  0.0000     0.00000
  409 0.58E-03    0.0    0.0   -29.64163   -29.64163   -29.64163   -29.64105  0.0000  0.0000  0.0000  0.0000     0.00000

 * Physical Quantities at step:   410

   from rhoofr: total integrated electronic density
   in g-space =   14.000000   in r-space =  14.000000


                total energy =      -29.64182 Hartree a.u.
              kinetic energy =       11.06698 Hartree a.u.
        electrostatic energy =      -34.41015 Hartree a.u.
                         esr =        0.00180 Hartree a.u.
                       eself =       39.09634 Hartree a.u.
      pseudopotential energy =       -7.91191 Hartree a.u.
  n-l pseudopotential energy =        6.93471 Hartree a.u.
 exchange-correlation energy =        0.00000 Hartree a.u.
           average potential =        0.00000 Hartree a.u.



   Eigenvalues (eV), kp =   1 , spin =  1

  -33.11  -27.91  -16.23  -15.46  -15.46  -12.28  -12.28
 
   Allocated memory (kb) =     61908
 
   CELL_PARAMETERS
   20.00000000    0.00000000    0.00000000
    0.00000000   20.00000000    0.00000000
    0.00000000    0.00000000   20.00000000

   System Density [g/cm^3] :     0.0993


   Center of mass square displacement (a.u.):   0.000000

   ATOMIC_POSITIONS
   Cl   0.000000E+00  0.000000E+00  0.190398E+01
   Cl   0.000000E+00  0.000000E+00 -0.190398E+01
 
   ATOMIC_VELOCITIES
   Cl   0.000000E+00  0.000000E+00  0.000000E+00
   Cl   0.000000E+00  0.000000E+00  0.000000E+00
 


   Partial temperatures (for each ionic specie) 
   Species  Temp (K)   Mean Square Displacement (a.u.)
        1       0.00     0.0000
 
  nfi    ekinc  temph  tempp        etot      enthal       econs       econt    vnhh   xnhh0    vnhp   xnhp0
  410 0.57E-03    0.0    0.0   -29.64182   -29.64182   -29.64182   -29.64126  0.0000  0.0000  0.0000  0.0000     0.00000
  411 0.54E-03    0.0    0.0   -29.64199   -29.64199   -29.64199   -29.64145  0.0000  0.0000  0.0000  0.0000     0.00000
  412 0.50E-03    0.0    0.0   -29.64213   -29.64213   -29.64213   -29.64163  0.0000  0.0000  0.0000  0.0000     0.00000
  413 0.45E-03    0.0    0.0   -29.64222   -29.64222   -29.64222   -29.64177  0.0000  0.0000  0.0000  0.0000     0.00000
  414 0.38E-03    0.0    0.0   -29.64224   -29.64224   -29.64224   -29.64186  0.0000  0.0000  0.0000  0.0000     0.00000
  415 0.29E-03    0.0    0.0   -29.64219   -29.64219   -29.64219   -29.64190  0.0000  0.0000  0.0000  0.0000     0.00000
  416 0.21E-03    0.0    0.0   -29.64213   -29.64213   -29.64213   -29.64192  0.0000  0.0000  0.0000  0.0000     0.00000
  417 0.16E-03    0.0    0.0   -29.64210   -29.64210   -29.64210   -29.64194  0.0000  0.0000  0.0000  0.0000     0.00000
  418 0.15E-03    0.0    0.0   -29.64214   -29.64214   -29.64214   -29.64199  0.0000  0.0000  0.0000  0.0000     0.00000
  419 0.16E-03    0.0    0.0   -29.64223   -29.64223   -29.64223   -29.64206  0.0000  0.0000  0.0000  0.0000     0.00000

 * Physical Quantities at step:   420

   from rhoofr: total integrated electronic density
   in g-space =   14.000000   in r-space =  14.000000


                total energy =      -29.64233 Hartree a.u.
              kinetic energy =       11.07568 Hartree a.u.
        electrostatic energy =      -34.41575 Hartree a.u.
                         esr =        0.00180 Hartree a.u.
                       eself =       39.09634 Hartree a.u.
      pseudopotential energy =       -7.92035 Hartree a.u.
  n-l pseudopotential energy =        6.94211 Hartree a.u.
 exchange-correlation energy =        0.00000 Hartree a.u.
           average potential =        0.00000 Hartree a.u.



   Eigenvalues (eV), kp =   1 , spin =  1

  -33.10  -27.89  -16.23  -15.47  -15.47  -12.27  -12.27
 
   Allocated memory (kb) =     61908
 
   CELL_PARAMETERS
   20.00000000    0.00000000    0.00000000
    0.00000000   20.00000000    0.00000000
    0.00000000    0.00000000   20.00000000

   System Density [g/cm^3] :     0.0993


   Center of mass square displacement (a.u.):   0.000000

   ATOMIC_POSITIONS
   Cl   0.000000E+00  0.000000E+00  0.190398E+01
   Cl   0.000000E+00  0.000000E+00 -0.190398E+01
 
   ATOMIC_VELOCITIES
   Cl   0.000000E+00  0.000000E+00  0.000000E+00
   Cl   0.000000E+00  0.000000E+00  0.000000E+00
 


   Partial temperatures (for each ionic specie) 
   Species  Temp (K)   Mean Square Displacement (a.u.)
        1       0.00     0.0000
 
  nfi    ekinc  temph  tempp        etot      enthal       econs       econt    vnhh   xnhh0    vnhp   xnhp0
  420 0.18E-03    0.0    0.0   -29.64233   -29.64233   -29.64233   -29.64215  0.0000  0.0000  0.0000  0.0000     0.00000
  421 0.19E-03    0.0    0.0   -29.64243   -29.64243   -29.64243   -29.64224  0.0000  0.0000  0.0000  0.0000     0.00000
  422 0.19E-03    0.0    0.0   -29.64251   -29.64251   -29.64251   -29.64232  0.0000  0.0000  0.0000  0.0000     0.00000
  423 0.18E-03    0.0    0.0   -29.64255   -29.64255   -29.64255   -29.64238  0.0000  0.0000  0.0000  0.0000     0.00000
  424 0.15E-03    0.0    0.0   -29.64258   -29.64258   -29.64258   -29.64242  0.0000  0.0000  0.0000  0.0000     0.00000
  425 0.13E-03    0.0    0.0   -29.64258   -29.64258   -29.64258   -29.64245  0.0000  0.0000  0.0000  0.0000     0.00000
  426 0.97E-04    0.0    0.0   -29.64256   -29.64256   -29.64256   -29.64246  0.0000  0.0000  0.0000  0.0000     0.00000
  427 0.71E-04    0.0    0.0   -29.64254   -29.64254   -29.64254   -29.64247  0.0000  0.0000  0.0000  0.0000     0.00000
  428 0.54E-04    0.0    0.0   -29.64253   -29.64253   -29.64253   -29.64248  0.0000  0.0000  0.0000  0.0000     0.00000
  429 0.49E-04    0.0    0.0   -29.64254   -29.64254   -29.64254   -29.64249  0.0000  0.0000  0.0000  0.0000     0.00000

 * Physical Quantities at step:   430

   from rhoofr: total integrated electronic density
   in g-space =   14.000000   in r-space =  14.000000


                total energy =      -29.64257 Hartree a.u.
              kinetic energy =       11.06629 Hartree a.u.
        electrostatic energy =      -34.41033 Hartree a.u.
                         esr =        0.00180 Hartree a.u.
                       eself =       39.09634 Hartree a.u.
      pseudopotential energy =       -7.90611 Hartree a.u.
  n-l pseudopotential energy =        6.92949 Hartree a.u.
 exchange-correlation energy =        0.00000 Hartree a.u.
           average potential =        0.00000 Hartree a.u.



   Eigenvalues (eV), kp =   1 , spin =  1

  -33.12  -27.91  -16.23  -15.48  -15.48  -12.28  -12.28
 
   Allocated memory (kb) =     61908
 
   CELL_PARAMETERS
   20.00000000    0.00000000    0.00000000
    0.00000000   20.00000000    0.00000000
    0.00000000    0.00000000   20.00000000

   System Density [g/cm^3] :     0.0993


   Center of mass square displacement (a.u.):   0.000000

   ATOMIC_POSITIONS
   Cl   0.000000E+00  0.000000E+00  0.190398E+01
   Cl   0.000000E+00  0.000000E+00 -0.190398E+01
 
   ATOMIC_VELOCITIES
   Cl   0.000000E+00  0.000000E+00  0.000000E+00
   Cl   0.000000E+00  0.000000E+00  0.000000E+00
 


   Partial temperatures (for each ionic specie) 
   Species  Temp (K)   Mean Square Displacement (a.u.)
        1       0.00     0.0000
 
  nfi    ekinc  temph  tempp        etot      enthal       econs       econt    vnhh   xnhh0    vnhp   xnhp0
  430 0.52E-04    0.0    0.0   -29.64257   -29.64257   -29.64257   -29.64252  0.0000  0.0000  0.0000  0.0000     0.00000
  431 0.58E-04    0.0    0.0   -29.64260   -29.64260   -29.64260   -29.64254  0.0000  0.0000  0.0000  0.0000     0.00000
  432 0.62E-04    0.0    0.0   -29.64264   -29.64264   -29.64264   -29.64257  0.0000  0.0000  0.0000  0.0000     0.00000
  433 0.62E-04    0.0    0.0   -29.64266   -29.64266   -29.64266   -29.64260  0.0000  0.0000  0.0000  0.0000     0.00000
  434 0.58E-04    0.0    0.0   -29.64268   -29.64268   -29.64268   -29.64262  0.0000  0.0000  0.0000  0.0000     0.00000
  435 0.50E-04    0.0    0.0   -29.64268   -29.64268   -29.64268   -29.64263  0.0000  0.0000  0.0000  0.0000     0.00000
  436 0.41E-04    0.0    0.0   -29.64268   -29.64268   -29.64268   -29.64264  0.0000  0.0000  0.0000  0.0000     0.00000
  437 0.33E-04    0.0    0.0   -29.64268   -29.64268   -29.64268   -29.64265  0.0000  0.0000  0.0000  0.0000     0.00000
  438 0.26E-04    0.0    0.0   -29.64268   -29.64268   -29.64268   -29.64265  0.0000  0.0000  0.0000  0.0000     0.00000
  439 0.21E-04    0.0    0.0   -29.64268   -29.64268   -29.64268   -29.64266  0.0000  0.0000  0.0000  0.0000     0.00000

 * Physical Quantities at step:   440

   from rhoofr: total integrated electronic density
   in g-space =   14.000000   in r-space =  14.000000


                total energy =      -29.64268 Hartree a.u.
              kinetic energy =       11.06568 Hartree a.u.
        electrostatic energy =      -34.41050 Hartree a.u.
                         esr =        0.00180 Hartree a.u.
                       eself =       39.09634 Hartree a.u.
      pseudopotential energy =       -7.90760 Hartree a.u.
  n-l pseudopotential energy =        6.93248 Hartree a.u.
 exchange-correlation energy =        0.00000 Hartree a.u.
           average potential =        0.00000 Hartree a.u.



   Eigenvalues (eV), kp =   1 , spin =  1

  -33.10  -27.91  -16.22  -15.47  -15.47  -12.27  -12.27
 
   Allocated memory (kb) =     61908
 
   CELL_PARAMETERS
   20.00000000    0.00000000    0.00000000
    0.00000000   20.00000000    0.00000000
    0.00000000    0.00000000   20.00000000

   System Density [g/cm^3] :     0.0993


   Center of mass square displacement (a.u.):   0.000000

   ATOMIC_POSITIONS
   Cl   0.000000E+00  0.000000E+00  0.190398E+01
   Cl   0.000000E+00  0.000000E+00 -0.190398E+01
 
   ATOMIC_VELOCITIES
   Cl   0.000000E+00  0.000000E+00  0.000000E+00
   Cl   0.000000E+00  0.000000E+00  0.000000E+00
 


   Partial temperatures (for each ionic specie) 
   Species  Temp (K)   Mean Square Displacement (a.u.)
        1       0.00     0.0000
 
  nfi    ekinc  temph  tempp        etot      enthal       econs       econt    vnhh   xnhh0    vnhp   xnhp0
  440 0.18E-04    0.0    0.0   -29.64268   -29.64268   -29.64268   -29.64266  0.0000  0.0000  0.0000  0.0000     0.00000
  441 0.17E-04    0.0    0.0   -29.64268   -29.64268   -29.64268   -29.64267  0.0000  0.0000  0.0000  0.0000     0.00000
  442 0.17E-04    0.0    0.0   -29.64269   -29.64269   -29.64269   -29.64267  0.0000  0.0000  0.0000  0.0000     0.00000
  443 0.18E-04    0.0    0.0   -29.64270   -29.64270   -29.64270   -29.64268  0.0000  0.0000  0.0000  0.0000     0.00000
  444 0.20E-04    0.0    0.0   -29.64271   -29.64271   -29.64271   -29.64269  0.0000  0.0000  0.0000  0.0000     0.00000
  445 0.20E-04    0.0    0.0   -29.64272   -29.64272   -29.64272   -29.64270  0.0000  0.0000  0.0000  0.0000     0.00000
  446 0.18E-04    0.0    0.0   -29.64272   -29.64272   -29.64272   -29.64271  0.0000  0.0000  0.0000  0.0000     0.00000
  447 0.14E-04    0.0    0.0   -29.64272   -29.64272   -29.64272   -29.64271  0.0000  0.0000  0.0000  0.0000     0.00000
  448 0.11E-04    0.0    0.0   -29.64272   -29.64272   -29.64272   -29.64271  0.0000  0.0000  0.0000  0.0000     0.00000
  449 0.87E-05    0.0    0.0   -29.64272   -29.64272   -29.64272   -29.64271  0.0000  0.0000  0.0000  0.0000     0.00000

 * Physical Quantities at step:   450

   from rhoofr: total integrated electronic density
   in g-space =   14.000000   in r-space =  14.000000


                total energy =      -29.64272 Hartree a.u.
              kinetic energy =       11.06516 Hartree a.u.
        electrostatic energy =      -34.41081 Hartree a.u.
                         esr =        0.00180 Hartree a.u.
                       eself =       39.09634 Hartree a.u.
      pseudopotential energy =       -7.91024 Hartree a.u.
  n-l pseudopotential energy =        6.93547 Hartree a.u.
 exchange-correlation energy =        0.00000 Hartree a.u.
           average potential =        0.00000 Hartree a.u.



   Eigenvalues (eV), kp =   1 , spin =  1

  -33.11  -27.91  -16.22  -15.47  -15.47  -12.27  -12.27
 
   Allocated memory (kb) =     61908
 
   CELL_PARAMETERS
   20.00000000    0.00000000    0.00000000
    0.00000000   20.00000000    0.00000000
    0.00000000    0.00000000   20.00000000

   System Density [g/cm^3] :     0.0993


   Center of mass square displacement (a.u.):   0.000000

   ATOMIC_POSITIONS
   Cl   0.000000E+00  0.000000E+00  0.190398E+01
   Cl   0.000000E+00  0.000000E+00 -0.190398E+01
 
   ATOMIC_VELOCITIES
   Cl   0.000000E+00  0.000000E+00  0.000000E+00
   Cl   0.000000E+00  0.000000E+00  0.000000E+00
 


   Partial temperatures (for each ionic specie) 
   Species  Temp (K)   Mean Square Displacement (a.u.)
        1       0.00     0.0000
 
  nfi    ekinc  temph  tempp        etot      enthal       econs       econt    vnhh   xnhh0    vnhp   xnhp0
  450 0.73E-05    0.0    0.0   -29.64272   -29.64272   -29.64272   -29.64271  0.0000  0.0000  0.0000  0.0000     0.00000

   MAIN:          EKINC   (thr)          DETOT   (thr)       MAXFORCE   (thr)
   MAIN:   0.729595D-05  0.1D-04  0.385405D-06  0.1D-05  0.000000D+00  0.1D+11
   MAIN: convergence achieved for system relaxation

 * Physical Quantities at step:   451


                total energy =      -29.64272 Hartree a.u.
              kinetic energy =       11.06539 Hartree a.u.
        electrostatic energy =      -34.41115 Hartree a.u.
                         esr =        0.00180 Hartree a.u.
                       eself =       39.09634 Hartree a.u.
      pseudopotential energy =       -7.91055 Hartree a.u.
  n-l pseudopotential energy =        6.93604 Hartree a.u.
 exchange-correlation energy =        0.00000 Hartree a.u.
           average potential =        0.00000 Hartree a.u.



   Eigenvalues (eV), kp =   1 , spin =  1

  -33.11  -27.91  -16.22  -15.47  -15.47  -12.27  -12.27
 
   Allocated memory (kb) =     61908
 
   CELL_PARAMETERS
   20.00000000    0.00000000    0.00000000
    0.00000000   20.00000000    0.00000000
    0.00000000    0.00000000   20.00000000

   System Density [g/cm^3] :     0.0993


   Center of mass square displacement (a.u.):   0.000000

   ATOMIC_POSITIONS
   Cl   0.000000E+00  0.000000E+00  0.190398E+01
   Cl   0.000000E+00  0.000000E+00 -0.190398E+01
 
   ATOMIC_VELOCITIES
   Cl   0.000000E+00  0.000000E+00  0.000000E+00
   Cl   0.000000E+00  0.000000E+00  0.000000E+00
 


   Partial temperatures (for each ionic specie) 
   Species  Temp (K)   Mean Square Displacement (a.u.)
        1       0.00     0.0000
  451 0.65E-05    0.0    0.0   -29.64272   -29.64272   -29.64272   -29.64271  0.0000  0.0000  0.0000  0.0000     0.00000

   writing restart file: ./SCRATCH/clorine_96.save
   restart file written in    0.173 sec.



   Averaged Physical Quantities
                      accomulated      this run
   ekinc         :        0.32634       0.00040 (AU)
   ekin          :       11.81418      11.06717 (AU)
   epot          :      -47.10084     -42.32167 (AU)
   total energy  :      -29.06577     -29.64189 (AU)
   temperature   :        0.00000       0.00000 (K )
   enthalpy      :      -29.06577     -29.64189 (AU)
   econs         :      -29.06577     -29.64189 (AU)
   pressure      :        0.00000       0.00000 (Gpa)
   volume        :     8000.00000    8000.00000 (AU)


     initialize   :     1.31s CPU
     total_time   :   208.12s CPU (      57 calls,   3.651 s avg)
     formf        :     0.06s CPU
     rhoofr       :     4.73s CPU (      57 calls,   0.083 s avg)
     vofrho       :     8.55s CPU (      57 calls,   0.150 s avg)
     dforce       :     4.57s CPU (     228 calls,   0.020 s avg)
     calphi       :     0.01s CPU (      57 calls,   0.000 s avg)
     ortho        :     0.10s CPU (      57 calls,   0.002 s avg)
     ortho_iter   :     0.03s CPU (      57 calls,   0.000 s avg)
     rsg          :     0.01s CPU (      57 calls,   0.000 s avg)
     rhoset       :     0.02s CPU (      57 calls,   0.000 s avg)
     updatc       :     0.04s CPU (      57 calls,   0.001 s avg)
     newd         :     0.12s CPU (      57 calls,   0.002 s avg)
     calbec       :     0.04s CPU (      58 calls,   0.001 s avg)
     prefor       :     0.03s CPU (      58 calls,   0.001 s avg)
     strucf       :     0.00s CPU
     nlsm1        :     0.04s CPU (     172 calls,   0.000 s avg)
     fft          :   117.33s CPU (    6787 calls,   0.017 s avg)
     ffts         :     1.99s CPU (     114 calls,   0.017 s avg)
     fftw         :    36.22s CPU (    4275 calls,   0.008 s avg)
     cft3s        :   155.53s CPU (   11176 calls,   0.014 s avg)
     fft_scatter  :    39.56s CPU (   11176 calls,   0.004 s avg)
 
 
     CP           :  3m29.57s CPU time,     3m30.26s wall time

 
   This run was terminated on:  16:16:57  14Dec2010            

=------------------------------------------------------------------------------=
   JOB DONE.
=------------------------------------------------------------------------------=
