=------------------------------------------------------------------------------=

     CP: variable-cell Car-Parrinello molecular dynamics
     using norm-conserving and ultrasoft Vanderbilt pseudopotentials

     Version: 4.1 - Wed Dec 8 11:11:54 EST 2010                           
     Authors: Alfredo Pasquarello, Kari Laasonen, Andrea Trave, Roberto Car,
       Paolo Giannozzi, Nicola Marzari, Carlo Cavazzoni, Guido Chiarotti,
       Sandro Scandolo, Paolo Focher, Gerardo Ballabio, and others

=------------------------------------------------------------------------------=

   This run was started on:  14: 0:53   8Dec2010               

   MPI Parallel Build
   Tasks =    1  This task id =    0

   Job Title: MD Simulation


   Atomic Pseudopotentials Parameters
   ----------------------------------

   Reading pseudopotential for specie #  1 from file :
   ../../pseudo/Cl.pz-bhs.UPF
   file type is 20: UPF


   Main Simulation Parameters (from input)
   ---------------------------------------
   Restart Mode       =      -1   from_scratch   
   Number of MD Steps =       1
   Print out every            1 MD Steps
   Reads from unit    =      89
   Writes to unit     =      90
   MD Simulation time step            =      15.00
   Electronic fictitious mass (emass) =    1000.00
   emass cut-off                      =       3.00

   Simulation Cell Parameters (from input)
   external pressure       =            0.00 [GPa]
   wmass (calculated)      =         9821.27 [AU]
   ibrav =    1
   alat  =    25.00000000
   a1    =    25.00000000    0.00000000    0.00000000
   a2    =     0.00000000   25.00000000    0.00000000
   a3    =     0.00000000    0.00000000   25.00000000
 
   b1    =     0.04000000    0.00000000    0.00000000
   b2    =     0.00000000    0.04000000    0.00000000
   b3    =     0.00000000    0.00000000    0.04000000
   omega = 15625.00000000

   Energy Cut-offs
   ---------------
   Ecutwfc =   80.0 Ry,      Ecutrho =  320.0 Ry,      Ecuts =  320.0 Ry
   Gcutwfc =   35.6     ,    Gcutrho =   71.2          Gcuts =   71.2
   NOTA BENE: refg, mmx =   0.050000 12800
   Orthog. with Gram-Schmidt
   verlet algorithm for electron dynamics
   with friction frice =  0.0500 , grease =  1.0000
   Electron dynamics : the temperature is not controlled
   initial random displacement of el. coordinates with  amplitude=  0.020000

   Electronic states
   -----------------
   Number of Electron =    14, of States =     7
   Occupation numbers :
   2.00 2.00 2.00 2.00 2.00 2.00 2.00


   Exchange and correlations functionals
   -------------------------------------
   Using Local Density Approximation with
     Exchange functional: SLATER                                                      
     Correlation functional: PERDEW AND ZUNGER                                           
     Exchange-correlation      =  SLA  PZ   NOGX NOGC (1100)


   Ions Simulation Parameters
   --------------------------
   Ions are not allowed to move
   Ionic position (from input)
   sorted by specie, and converted to real a.u. coordinates
   Species   1 atoms =    2 mass =     64621.40 (a.u.),        35.45 (amu) rcmax =   1.00 (a.u.)
        0.000000     0.000000     1.903977
        0.000000     0.000000    -1.903977
   Ionic position read from input file


   Cell Dynamics Parameters (from STDIN)
   -------------------------------------
   Starting cell generated from CELLDM
   Constant VOLUME Molecular dynamics
   cell parameters are not allowed to move

   Verbosity: iprsta =  1



   Simulation dimensions initialization
   ------------------------------------

   unit vectors of full simulation cell
   in real space:                         in reciprocal space (units 2pi/alat):
   1    25.0000    0.0000    0.0000              1.0000    0.0000    0.0000
   2     0.0000   25.0000    0.0000              0.0000    1.0000    0.0000
   3     0.0000    0.0000   25.0000              0.0000    0.0000    1.0000
 
   Stick Mesh
   ----------
   nst =  7967,  nstw =  1993, nsts =  7967
        PEs    n.st   n.stw   n.sts    n.g    n.gw   n.gs
          1   15933    3985   15933 1510835  189047 1510835
          0   15933    3985   15933 1510835  189047 1510835
 
 
   Real Mesh
   ---------
   Global Dimensions   Local  Dimensions   Processor Grid
   .X.   .Y.   .Z.     .X.   .Y.   .Z.     .X.   .Y.   .Z.
   144   144   144     144   144   144       1     1     1
   Array leading dimensions ( nr1x, nr2x, nr3x )   =    144   144   144
   Local number of cell to store the grid ( nnrx ) =    2985984
   Number of x-y planes for each processors: 
   nr3l =   144
 
   Smooth Real Mesh
   ----------------
   Global Dimensions   Local  Dimensions   Processor Grid
   .X.   .Y.   .Z.     .X.   .Y.   .Z.     .X.   .Y.   .Z.
   144   144   144     144   144   144       1     1     1
   Array leading dimensions ( nr1x, nr2x, nr3x )   =    144   144   144
   Local number of cell to store the grid ( nnrx ) =    2985984
   Number of x-y planes for each processors: 
   nr3sl =   144
 
   Reciprocal Space Mesh
   ---------------------
                Large Mesh
   PE   Global(ngmt)     Local(ngm) MaxLocal(ngmx)
    1         755418         755418         755418
                Smooth Mesh
   PE   Global(ngst)     Local(ngs) MaxLocal(ngsx)
    1         755418         755418         755418
                Wave function Mesh
   PE   Global(ngwt)     Local(ngw) MaxLocal(ngwx)
    1          94524          94524          94524


   System geometry initialization
   ------------------------------
 
   Scaled positions from standard input
   Cl   0.000000E+00  0.000000E+00  0.761591E-01
   Cl   0.000000E+00  0.000000E+00 -0.761591E-01

   Matrix Multiplication Performances
   ortho mmul, time for parallel driver      =   0.00000 with    1 procs

   Constraints matrixes will be distributed block like on
   ortho sub-group =    1*   1 procs


   Diagonalization Performances
   ortho diag, time for serial   driver =   0.00014
   ortho diag, time for parallel driver =   0.00002 with    1 procs


   Pseudopotentials initialization
   -------------------------------


   Common initialization

   Specie:     1
   1  indv=  1   ang. mom=  0
   2  indv=  2   ang. mom=  1
   3  indv=  2   ang. mom=  1
   4  indv=  2   ang. mom=  1
 
                        dion 
   0.3320   0.0000
   0.0000   0.6374
 
   Short Legend and Physical Units in the Output
   ---------------------------------------------
   NFI    [int]          - step index
   EKINC  [HARTREE A.U.] - kinetic energy of the fictitious electronic dynamics
   TEMPH  [K]            - Temperature of the fictitious cell dynamics
   TEMP   [K]            - Ionic temperature
   ETOT   [HARTREE A.U.] - Scf total energy (Kohn-Sham hamiltonian)
   ENTHAL [HARTREE A.U.] - Enthalpy ( ETOT + P * V )
   ECONS  [HARTREE A.U.] - Enthalpy + kinetic energy of ions and cell
   ECONT  [HARTREE A.U.] - Constant of motion for the CP lagrangian
 

   f_cutoff =  0.1000
   do_spinsym   =    F
   EE with periodic-image correction method = tcc                 


   Wave Initialization: random initial wave-functions
   Occupation number from init
   nbnd =     7
    2.00 2.00 2.00 2.00 2.00 2.00 2.00

   formf: eself=  39.09634
   formf:     vps(g=0)=  -0.0013231     rhops(g=0)=  -0.0004480
   formf: sum_g vps(g)=  -1.5988328 sum_g rhops(g)=  -0.6287789
   Delta V(G=0):   0.002815Ry,    0.076596eV

   from rhoofr: total integrated electronic density
   in g-space =   14.000000   in r-space =  14.000000

 * Physical Quantities at step:     1
      NOTE: eigenvalues are not computed without ortho
 
  nfi    ekinc  temph  tempp        etot      enthal       econs       econt    vnhh   xnhh0    vnhp   xnhp0
    1 0.25E+01    0.0    0.0   124.30147   124.30147   124.30147   126.75598  0.0000  0.0000  0.0000  0.0000     1.21319

   writing restart file: ./SCRATCH/clorine_90.save
   restart file written in    0.305 sec.



   Averaged Physical Quantities
                      accomulated      this run
   ekinc         :        2.45452       2.45452 (AU)
   ekin          :      131.27917     131.27917 (AU)
   epot          :       -6.99686      -6.99686 (AU)
   total energy  :      124.30147     124.30147 (AU)
   temperature   :        0.00000       0.00000 (K )
   enthalpy      :      124.30147     124.30147 (AU)
   econs         :      124.30147     124.30147 (AU)
   pressure      :        0.00000       0.00000 (Gpa)
   volume        :    15625.00000   15625.00000 (AU)


     initialize   :     7.22s CPU
     total_time   :     3.32s CPU
     formf        :     0.22s CPU
     rhoofr       :     1.85s CPU (       2 calls,   0.924 s avg)
     vofrho       :     2.96s CPU (       2 calls,   1.480 s avg)
     dforce       :     1.65s CPU (       8 calls,   0.207 s avg)
     calphi       :     0.02s CPU (       2 calls,   0.008 s avg)
     gram         :     0.11s CPU (       3 calls,   0.036 s avg)
     newd         :     0.00s CPU (       2 calls,   0.000 s avg)
     calbec       :     0.07s CPU (       3 calls,   0.024 s avg)
     prefor       :     0.02s CPU (       2 calls,   0.008 s avg)
     strucf       :     0.05s CPU
     nlsm1        :     0.07s CPU (       3 calls,   0.024 s avg)
     fft          :     2.60s CPU (      18 calls,   0.144 s avg)
     ffts         :     0.59s CPU (       4 calls,   0.148 s avg)
     fftw         :     1.90s CPU (      24 calls,   0.079 s avg)
     cft3s        :     5.09s CPU (      46 calls,   0.111 s avg)
 
 
     CP           :    10.83s CPU time,   11.59s wall time

 
   This run was terminated on:  14: 1: 4   8Dec2010            

=------------------------------------------------------------------------------=
   JOB DONE.
=------------------------------------------------------------------------------=
