=------------------------------------------------------------------------------=

     CP: variable-cell Car-Parrinello molecular dynamics
     using norm-conserving and ultrasoft Vanderbilt pseudopotentials

     Version: 4.1 - Thu Dec 9 13:23:14 EST 2010                           
     Authors: Alfredo Pasquarello, Kari Laasonen, Andrea Trave, Roberto Car,
       Paolo Giannozzi, Nicola Marzari, Carlo Cavazzoni, Guido Chiarotti,
       Sandro Scandolo, Paolo Focher, Gerardo Ballabio, and others

=------------------------------------------------------------------------------=

   This run was started on:  11: 9:13  10Dec2010               

   MPI Parallel Build
   Tasks =    6  This task id =    0

   Job Title: MD Simulation


   Atomic Pseudopotentials Parameters
   ----------------------------------

   Reading pseudopotential for specie #  1 from file :
   ../../pseudo/Cl.pz-bhs.UPF
   file type is 20: UPF


   Main Simulation Parameters (from input)
   ---------------------------------------
   Restart Mode       =       1   restart        
   Number of MD Steps =      15
   Print out every            1 MD Steps
   Reads from unit    =      92
   Writes to unit     =     192
   MD Simulation time step            =       3.00
   Electronic fictitious mass (emass) =    1000.00
   emass cut-off                      =       3.00

   Simulation Cell Parameters (from input)
   external pressure       =            0.00 [GPa]
   wmass (calculated)      =         9821.27 [AU]
   ibrav =    1
   alat  =    25.00000000
   a1    =    25.00000000    0.00000000    0.00000000
   a2    =     0.00000000   25.00000000    0.00000000
   a3    =     0.00000000    0.00000000   25.00000000
 
   b1    =     0.04000000    0.00000000    0.00000000
   b2    =     0.00000000    0.04000000    0.00000000
   b3    =     0.00000000    0.00000000    0.04000000
   omega = 15625.00000000

   Energy Cut-offs
   ---------------
   Ecutwfc =   80.0 Ry,      Ecutrho =  320.0 Ry,      Ecuts =  320.0 Ry
   Gcutwfc =   35.6     ,    Gcutrho =   71.2          Gcuts =   71.2
   NOTA BENE: refg, mmx =   0.050000 12800
   Eigenvalues calculated without the kinetic term contribution
   Orthog. with lagrange multipliers : eps =   0.10E-07,  max = 500
   verlet algorithm for electron dynamics
   with friction frice =  0.0500 , grease =  1.0000
   Electron dynamics : the temperature is not controlled

   Electronic states
   -----------------
   Number of Electron =    14, of States =     7
   Occupation numbers :
   2.00 2.00 2.00 2.00 2.00 2.00 2.00


   Empty states minimization
   --------------------------
      states =        3
     maxiter =      150
        ethr = 0.1000D-04


   Exchange and correlations functionals
   -------------------------------------
   Using Local Density Approximation with
     Exchange functional: SLATER                                                      
     Correlation functional: PERDEW AND ZUNGER                                           
     Exchange-correlation      =  SLA  PZ   NOGX NOGC (1100)


   Ions Simulation Parameters
   --------------------------
   Ions are not allowed to move
   Ionic position (from input)
   sorted by specie, and converted to real a.u. coordinates
   Species   1 atoms =    2 mass =     64621.40 (a.u.),        35.45 (amu) rcmax =   1.00 (a.u.)
        0.000000     0.000000     1.903977
        0.000000     0.000000    -1.903977
   Ionic position will be re-read from restart file


   Cell Dynamics Parameters (from STDIN)
   -------------------------------------
   Starting cell generated from CELLDM
   Cell parameters will be re-read from restart file
   Constant VOLUME Molecular dynamics
   cell parameters are not allowed to move

   Verbosity: iprsta =  1



   Simulation dimensions initialization
   ------------------------------------

   unit vectors of full simulation cell
   in real space:                         in reciprocal space (units 2pi/alat):
   1    25.0000    0.0000    0.0000              1.0000    0.0000    0.0000
   2     0.0000   25.0000    0.0000              0.0000    1.0000    0.0000
   3     0.0000    0.0000   25.0000              0.0000    0.0000    1.0000
 
   Stick Mesh
   ----------
   nst =  7967,  nstw =  1993, nsts =  7967
        PEs    n.st   n.stw   n.sts    n.g    n.gw   n.gs
          1    2654     664    2654  251806   31508  251806
          2    2654     664    2654  251806   31508  251806
          3    2654     664    2654  251806   31508  251806
          4    2658     666    2658  251806   31514  251806
          5    2655     663    2655  251805   31505  251805
          6    2658     664    2658  251806   31504  251806
          0   15933    3985   15933 1510835  189047 1510835
 
 
   Real Mesh
   ---------
   Global Dimensions   Local  Dimensions   Processor Grid
   .X.   .Y.   .Z.     .X.   .Y.   .Z.     .X.   .Y.   .Z.
   144   144   144     144   144    24       1     1     6
   Array leading dimensions ( nr1x, nr2x, nr3x )   =    144   144   144
   Local number of cell to store the grid ( nnrx ) =     497664
   Number of x-y planes for each processors: 
   nr3l =    24   24   24   24   24   24
 
   Smooth Real Mesh
   ----------------
   Global Dimensions   Local  Dimensions   Processor Grid
   .X.   .Y.   .Z.     .X.   .Y.   .Z.     .X.   .Y.   .Z.
   144   144   144     144   144    24       1     1     6
   Array leading dimensions ( nr1x, nr2x, nr3x )   =    144   144   144
   Local number of cell to store the grid ( nnrx ) =     497664
   Number of x-y planes for each processors: 
   nr3sl =    24   24   24   24   24   24
 
   Reciprocal Space Mesh
   ---------------------
                Large Mesh
   PE   Global(ngmt)     Local(ngm) MaxLocal(ngmx)
    1         755418         125903         125903
    2         755418         125903         125903
    3         755418         125903         125903
    4         755418         125903         125903
    5         755418         125903         125903
    6         755418         125903         125903
                Smooth Mesh
   PE   Global(ngst)     Local(ngs) MaxLocal(ngsx)
    1         755418         125903         125903
    2         755418         125903         125903
    3         755418         125903         125903
    4         755418         125903         125903
    5         755418         125903         125903
    6         755418         125903         125903
                Wave function Mesh
   PE   Global(ngwt)     Local(ngw) MaxLocal(ngwx)
    1          94524          15754          15757
    2          94524          15754          15757
    3          94524          15754          15757
    4          94524          15757          15757
    5          94524          15753          15757
    6          94524          15752          15757


   System geometry initialization
   ------------------------------
 
   Scaled positions from standard input
   Cl   0.000000E+00  0.000000E+00  0.761591E-01
   Cl   0.000000E+00  0.000000E+00 -0.761591E-01
   ibrav =    1       cell parameters 

      25.00000       0.00000       0.00000
       0.00000      25.00000       0.00000
       0.00000       0.00000      25.00000
 

   Matrix Multiplication Performances
   ortho mmul, time for parallel driver      =   0.00001 with    4 procs

   Constraints matrixes will be distributed block like on
   ortho sub-group =    2*   2 procs


   Diagonalization Performances
   ortho diag, time for serial   driver =   0.02465
   ortho diag, time for parallel driver =   0.00019 with    4 procs


   Pseudopotentials initialization
   -------------------------------


   Common initialization

   Specie:     1
   1  indv=  1   ang. mom=  0
   2  indv=  2   ang. mom=  1
   3  indv=  2   ang. mom=  1
   4  indv=  2   ang. mom=  1
 
                        dion 
   0.3320   0.0000
   0.0000   0.6374
 
   Short Legend and Physical Units in the Output
   ---------------------------------------------
   NFI    [int]          - step index
   EKINC  [HARTREE A.U.] - kinetic energy of the fictitious electronic dynamics
   TEMPH  [K]            - Temperature of the fictitious cell dynamics
   TEMP   [K]            - Ionic temperature
   ETOT   [HARTREE A.U.] - Scf total energy (Kohn-Sham hamiltonian)
   ENTHAL [HARTREE A.U.] - Enthalpy ( ETOT + P * V )
   ECONS  [HARTREE A.U.] - Enthalpy + kinetic energy of ions and cell
   ECONT  [HARTREE A.U.] - Constant of motion for the CP lagrangian
 

   f_cutoff =  0.1000
   do_spinsym   =    F
   EE with periodic-image correction method = tcc                 

   reading restart file: ./SCRATCH/clorine_92.save
   restart file read in    0.122 sec.

 nprint_nfi=           -2
 nprint_nfi=          139

   formf: eself=  39.09634
   formf:     vps(g=0)=  -0.0013111     rhops(g=0)=  -0.0004410
   formf: sum_g vps(g)=  -1.5988328 sum_g rhops(g)=  -0.6287789
   Delta V(G=0):   0.002815Ry,    0.076596eV

 * Physical Quantities at step:   140

   from rhoofr: total integrated electronic density
   in g-space =   14.000000   in r-space =  14.000000

   Empty states minimization starting 
   nfi         dekinc         ekinc
    1    0.153831D-01  0.153831D-01
    2   -0.153823D-01  0.891028D-06
    3    0.839799D-06  0.173083D-05
    4    0.104948D-05  0.278031D-05

   Empty states: convergence achieved



                total energy =      -29.99471 Hartree a.u.
              kinetic energy =       11.00128 Hartree a.u.
        electrostatic energy =      -34.39010 Hartree a.u.
                         esr =        0.00180 Hartree a.u.
                       eself =       39.09634 Hartree a.u.
      pseudopotential energy =       -7.88145 Hartree a.u.
  n-l pseudopotential energy =        6.90347 Hartree a.u.
 exchange-correlation energy =       -5.62790 Hartree a.u.
           average potential =        0.00000 Hartree a.u.



   Eigenvalues (eV), kp =   1 , spin =  1

  -23.63  -19.54  -12.10  -10.04  -10.04   -7.45   -7.45

   Empty States Eigenvalues (eV), kp =   1 , spin =  1

   -4.68   -0.47    0.59

   Electronic Gap (eV) =     2.78

 
   Allocated memory (kb) =    143800
 
   CELL_PARAMETERS
   25.00000000    0.00000000    0.00000000
    0.00000000   25.00000000    0.00000000
    0.00000000    0.00000000   25.00000000

   System Density [g/cm^3] :     0.0508


   Center of mass square displacement (a.u.):   0.000000

   ATOMIC_POSITIONS
   Cl   0.000000E+00  0.000000E+00  0.190398E+01
   Cl   0.000000E+00  0.000000E+00 -0.190398E+01
 
   ATOMIC_VELOCITIES
   Cl   0.000000E+00  0.000000E+00  0.000000E+00
   Cl   0.000000E+00  0.000000E+00  0.000000E+00
 


   Partial temperatures (for each ionic specie) 
   Species  Temp (K)   Mean Square Displacement (a.u.)
        1       0.00     0.0000
 
  nfi    ekinc  temph  tempp        etot      enthal       econs       econt    vnhh   xnhh0    vnhp   xnhp0
  140 0.22E-03    0.0    0.0   -29.99471   -29.99471   -29.99471   -29.99448  0.0000  0.0000  0.0000  0.0000    -0.00001

   Empty states minimization starting 
   nfi         dekinc         ekinc
    1    0.269414D-05  0.269414D-05
    2   -0.185461D-05  0.839531D-06
    3    0.875827D-06  0.171536D-05
    4    0.105808D-05  0.277344D-05

   Empty states: convergence achieved

  141 0.18E-03    0.0    0.0   -29.99470   -29.99470   -29.99470   -29.99452  0.0000  0.0000  0.0000  0.0000    -0.00001

   Empty states minimization starting 
   nfi         dekinc         ekinc
    1    0.224681D-05  0.224681D-05
    2   -0.140333D-05  0.843488D-06
    3    0.879966D-06  0.172345D-05
    4    0.106309D-05  0.278654D-05

   Empty states: convergence achieved

  142 0.14E-03    0.0    0.0   -29.99469   -29.99469   -29.99469   -29.99455  0.0000  0.0000  0.0000  0.0000    -0.00001

   Empty states minimization starting 
   nfi         dekinc         ekinc
    1    0.187573D-05  0.187573D-05
    2   -0.102744D-05  0.848290D-06
    3    0.884979D-06  0.173327D-05
    4    0.106914D-05  0.280241D-05

   Empty states: convergence achieved

  143 0.11E-03    0.0    0.0   -29.99467   -29.99467   -29.99467   -29.99456  0.0000  0.0000  0.0000  0.0000    -0.00001

   Empty states minimization starting 
   nfi         dekinc         ekinc
    1    0.156842D-05  0.156842D-05
    2   -0.715462D-06  0.852956D-06
    3    0.889849D-06  0.174280D-05
    4    0.107502D-05  0.281783D-05

   Empty states: convergence achieved

  144 0.79E-04    0.0    0.0   -29.99465   -29.99465   -29.99465   -29.99457  0.0000  0.0000  0.0000  0.0000    -0.00001

   Empty states minimization starting 
   nfi         dekinc         ekinc
    1    0.131444D-05  0.131444D-05
    2   -0.457456D-06  0.856987D-06
    3    0.894059D-06  0.175105D-05
    4    0.108011D-05  0.283115D-05

   Empty states: convergence achieved

  145 0.55E-04    0.0    0.0   -29.99463   -29.99463   -29.99463   -29.99457  0.0000  0.0000  0.0000  0.0000    -0.00001

   Empty states minimization starting 
   nfi         dekinc         ekinc
    1    0.110502D-05  0.110502D-05
    2   -0.244992D-06  0.860031D-06
    3    0.897242D-06  0.175727D-05
    4    0.108396D-05  0.284123D-05

   Empty states: convergence achieved

  146 0.37E-04    0.0    0.0   -29.99461   -29.99461   -29.99461   -29.99457  0.0000  0.0000  0.0000  0.0000    -0.00001

   Empty states minimization starting 
   nfi         dekinc         ekinc
    1    0.932759D-06  0.932759D-06
    2   -0.708851D-07  0.861874D-06
    3    0.899177D-06  0.176105D-05
    4    0.108631D-05  0.284736D-05

   Empty states: convergence achieved

  147 0.23E-04    0.0    0.0   -29.99459   -29.99459   -29.99459   -29.99457  0.0000  0.0000  0.0000  0.0000    -0.00001

   Empty states minimization starting 
   nfi         dekinc         ekinc
    1    0.791449D-06  0.791449D-06
    2    0.709676D-07  0.862417D-06
    3    0.899758D-06  0.176217D-05
    4    0.108703D-05  0.284921D-05

   Empty states: convergence achieved

  148 0.14E-04    0.0    0.0   -29.99458   -29.99458   -29.99458   -29.99457  0.0000  0.0000  0.0000  0.0000    -0.00001

   Empty states minimization starting 
   nfi         dekinc         ekinc
    1    0.675873D-06  0.675873D-06
    2    0.185780D-06  0.861653D-06
    3    0.898978D-06  0.176063D-05
    4    0.108612D-05  0.284675D-05

   Empty states: convergence achieved

  149 0.78E-05    0.0    0.0   -29.99458   -29.99458   -29.99458   -29.99457  0.0000  0.0000  0.0000  0.0000    -0.00001

 * Physical Quantities at step:   150

   from rhoofr: total integrated electronic density
   in g-space =   14.000000   in r-space =  14.000000

   Empty states minimization starting 
   nfi         dekinc         ekinc
    1    0.581658D-06  0.581658D-06
    2    0.277982D-06  0.859641D-06
    3    0.896897D-06  0.175654D-05
    4    0.108363D-05  0.284017D-05

   Empty states: convergence achieved



                total energy =      -29.99457 Hartree a.u.
              kinetic energy =       11.00154 Hartree a.u.
        electrostatic energy =      -34.38999 Hartree a.u.
                         esr =        0.00180 Hartree a.u.
                       eself =       39.09634 Hartree a.u.
      pseudopotential energy =       -7.88125 Hartree a.u.
  n-l pseudopotential energy =        6.90305 Hartree a.u.
 exchange-correlation energy =       -5.62791 Hartree a.u.
           average potential =        0.00000 Hartree a.u.



   Eigenvalues (eV), kp =   1 , spin =  1

  -23.63  -19.54  -12.10  -10.04  -10.03   -7.45   -7.45

   Empty States Eigenvalues (eV), kp =   1 , spin =  1

   -4.68   -0.47    0.59

   Electronic Gap (eV) =     2.77

 
   Allocated memory (kb) =    152000
 
   CELL_PARAMETERS
   25.00000000    0.00000000    0.00000000
    0.00000000   25.00000000    0.00000000
    0.00000000    0.00000000   25.00000000

   System Density [g/cm^3] :     0.0508


   Center of mass square displacement (a.u.):   0.000000

   ATOMIC_POSITIONS
   Cl   0.000000E+00  0.000000E+00  0.190398E+01
   Cl   0.000000E+00  0.000000E+00 -0.190398E+01
 
   ATOMIC_VELOCITIES
   Cl   0.000000E+00  0.000000E+00  0.000000E+00
   Cl   0.000000E+00  0.000000E+00  0.000000E+00
 


   Partial temperatures (for each ionic specie) 
   Species  Temp (K)   Mean Square Displacement (a.u.)
        1       0.00     0.0000
 
  nfi    ekinc  temph  tempp        etot      enthal       econs       econt    vnhh   xnhh0    vnhp   xnhp0
  150 0.48E-05    0.0    0.0   -29.99457   -29.99457   -29.99457   -29.99457  0.0000  0.0000  0.0000  0.0000    -0.00001

   Empty states minimization starting 
   nfi         dekinc         ekinc
    1    0.505148D-06  0.505148D-06
    2    0.351340D-06  0.856488D-06
    3    0.893627D-06  0.175011D-05
    4    0.107971D-05  0.282982D-05

   Empty states: convergence achieved

  151 0.40E-05    0.0    0.0   -29.99457   -29.99457   -29.99457   -29.99457  0.0000  0.0000  0.0000  0.0000    -0.00001

   MAIN:          EKINC   (thr)          DETOT   (thr)       MAXFORCE   (thr)
   MAIN:   0.399896D-05  0.1D-04  0.200226D-06  0.1D-05  0.000000D+00  0.1D+11
   MAIN: convergence achieved for system relaxation

 * Physical Quantities at step:   152

   Empty states minimization starting 
   nfi         dekinc         ekinc
    1    0.443270D-06  0.443270D-06
    2    0.409056D-06  0.852326D-06
    3    0.889304D-06  0.174163D-05
    4    0.107451D-05  0.281614D-05

   Empty states: convergence achieved



                total energy =      -29.99458 Hartree a.u.
              kinetic energy =       11.00157 Hartree a.u.
        electrostatic energy =      -34.39000 Hartree a.u.
                         esr =        0.00180 Hartree a.u.
                       eself =       39.09634 Hartree a.u.
      pseudopotential energy =       -7.88125 Hartree a.u.
  n-l pseudopotential energy =        6.90303 Hartree a.u.
 exchange-correlation energy =       -5.62792 Hartree a.u.
           average potential =        0.00000 Hartree a.u.



   Eigenvalues (eV), kp =   1 , spin =  1

  -23.63  -19.54  -12.10  -10.04  -10.03   -7.45   -7.45

   Empty States Eigenvalues (eV), kp =   1 , spin =  1

   -4.68   -0.47    0.59

   Electronic Gap (eV) =     2.77

 
   Allocated memory (kb) =    152000
 
   CELL_PARAMETERS
   25.00000000    0.00000000    0.00000000
    0.00000000   25.00000000    0.00000000
    0.00000000    0.00000000   25.00000000

   System Density [g/cm^3] :     0.0508


   Center of mass square displacement (a.u.):   0.000000

   ATOMIC_POSITIONS
   Cl   0.000000E+00  0.000000E+00  0.190398E+01
   Cl   0.000000E+00  0.000000E+00 -0.190398E+01
 
   ATOMIC_VELOCITIES
   Cl   0.000000E+00  0.000000E+00  0.000000E+00
   Cl   0.000000E+00  0.000000E+00  0.000000E+00
 


   Partial temperatures (for each ionic specie) 
   Species  Temp (K)   Mean Square Displacement (a.u.)
        1       0.00     0.0000
  152 0.50E-05    0.0    0.0   -29.99458   -29.99458   -29.99458   -29.99457  0.0000  0.0000  0.0000  0.0000    -0.00001

   writing restart file: ./SCRATCH/clorine_192.save
   restart file written in    0.530 sec.



   Averaged Physical Quantities
                      accomulated      this run
   ekinc         :        1.36488       0.00007 (AU)
   ekin          :       14.34476      11.00143 (AU)
   epot          :      -46.80633     -47.89925 (AU)
   total energy  :      -25.76042     -29.99462 (AU)
   temperature   :        0.00000       0.00000 (K )
   enthalpy      :      -25.76042     -29.99462 (AU)
   econs         :      -25.76042     -29.99462 (AU)
   pressure      :        0.00000       0.00000 (Gpa)
   volume        :    15625.00000   15625.00000 (AU)


     initialize   :     2.50s CPU
     total_time   :    26.80s CPU (      13 calls,   2.061 s avg)
     formf        :     0.10s CPU
     rhoofr       :     4.31s CPU (      13 calls,   0.332 s avg)
     vofrho       :     8.38s CPU (      13 calls,   0.645 s avg)
     dforce       :    12.48s CPU (     156 calls,   0.080 s avg)
     calphi       :     0.04s CPU (      65 calls,   0.001 s avg)
     ortho        :     0.16s CPU (      65 calls,   0.002 s avg)
     ortho_iter   :     0.00s CPU (      65 calls,   0.000 s avg)
     rsg          :     0.00s CPU (      65 calls,   0.000 s avg)
     rhoset       :     0.08s CPU (      65 calls,   0.001 s avg)
     updatc       :     0.12s CPU (      65 calls,   0.002 s avg)
     newd         :     0.00s CPU (      13 calls,   0.000 s avg)
     calbec       :     0.06s CPU (      14 calls,   0.004 s avg)
     prefor       :     0.08s CPU (      27 calls,   0.003 s avg)
     strucf       :     0.00s CPU
     nlsm1        :     0.19s CPU (     222 calls,   0.001 s avg)
     fft          :     6.73s CPU (      95 calls,   0.071 s avg)
     ffts         :     1.87s CPU (      26 calls,   0.072 s avg)
     fftw         :    12.29s CPU (     364 calls,   0.034 s avg)
     cft3s        :    20.89s CPU (     485 calls,   0.043 s avg)
     fft_scatter  :     4.49s CPU (     485 calls,   0.009 s avg)
 
 
     CP           :    29.81s CPU time,   30.33s wall time

 
   This run was terminated on:  11: 9:44  10Dec2010            

=------------------------------------------------------------------------------=
   JOB DONE.
=------------------------------------------------------------------------------=
