=------------------------------------------------------------------------------=

     CP: variable-cell Car-Parrinello molecular dynamics
     using norm-conserving and ultrasoft Vanderbilt pseudopotentials

     Version: 4.1 - Thu Dec 9 13:23:14 EST 2010                           
     Authors: Alfredo Pasquarello, Kari Laasonen, Andrea Trave, Roberto Car,
       Paolo Giannozzi, Nicola Marzari, Carlo Cavazzoni, Guido Chiarotti,
       Sandro Scandolo, Paolo Focher, Gerardo Ballabio, and others

=------------------------------------------------------------------------------=

   This run was started on:  11:46:34  10Dec2010               

   MPI Parallel Build
   Tasks =    6  This task id =    0

   Job Title: MD Simulation


   Atomic Pseudopotentials Parameters
   ----------------------------------

   Reading pseudopotential for specie #  1 from file :
   ../../pseudo/Cl.pz-bhs.UPF
   file type is 20: UPF


   Main Simulation Parameters (from input)
   ---------------------------------------
   Restart Mode       =       1   restart        
   Number of MD Steps =       2
   Print out every            1 MD Steps
   Reads from unit    =      93
   Writes to unit     =     193
   MD Simulation time step            =       3.00
   Electronic fictitious mass (emass) =    1000.00
   emass cut-off                      =       3.00

   Simulation Cell Parameters (from input)
   external pressure       =            0.00 [GPa]
   wmass (calculated)      =         9821.27 [AU]
   ibrav =    1
   alat  =    25.00000000
   a1    =    25.00000000    0.00000000    0.00000000
   a2    =     0.00000000   25.00000000    0.00000000
   a3    =     0.00000000    0.00000000   25.00000000
 
   b1    =     0.04000000    0.00000000    0.00000000
   b2    =     0.00000000    0.04000000    0.00000000
   b3    =     0.00000000    0.00000000    0.04000000
   omega = 15625.00000000

   Energy Cut-offs
   ---------------
   Ecutwfc =   80.0 Ry,      Ecutrho =  320.0 Ry,      Ecuts =  320.0 Ry
   Gcutwfc =   35.6     ,    Gcutrho =   71.2          Gcuts =   71.2
   NOTA BENE: refg, mmx =   0.050000 12800
   Eigenvalues calculated without the kinetic term contribution
   Orthog. with lagrange multipliers : eps =   0.10E-07,  max = 500
   verlet algorithm for electron dynamics
   with friction frice =  0.0500 , grease =  1.0000
   Electron dynamics : the temperature is not controlled

   Electronic states
   -----------------
   Number of Electron =    14, of States =     7
   Occupation numbers :
   2.00 2.00 2.00 2.00 2.00 2.00 2.00


   Empty states minimization
   --------------------------
      states =        3
     maxiter =      200
        ethr = 0.1000D-04


   Exchange and correlations functionals
   -------------------------------------
   Using Local Density Approximation with
     Exchange functional: SLATER                                                      
     Correlation functional: PERDEW AND ZUNGER                                           
     Exchange-correlation      =  SLA  PZ   NOGX NOGC (1100)


   Ions Simulation Parameters
   --------------------------
   Ions are not allowed to move
   Ionic position (from input)
   sorted by specie, and converted to real a.u. coordinates
   Species   1 atoms =    2 mass =     64621.40 (a.u.),        35.45 (amu) rcmax =   1.00 (a.u.)
        0.000000     0.000000     1.903977
        0.000000     0.000000    -1.903977
   Ionic position will be re-read from restart file


   Cell Dynamics Parameters (from STDIN)
   -------------------------------------
   Starting cell generated from CELLDM
   Cell parameters will be re-read from restart file
   Constant VOLUME Molecular dynamics
   cell parameters are not allowed to move

   Verbosity: iprsta =  1



   Simulation dimensions initialization
   ------------------------------------

   unit vectors of full simulation cell
   in real space:                         in reciprocal space (units 2pi/alat):
   1    25.0000    0.0000    0.0000              1.0000    0.0000    0.0000
   2     0.0000   25.0000    0.0000              0.0000    1.0000    0.0000
   3     0.0000    0.0000   25.0000              0.0000    0.0000    1.0000
 
   Stick Mesh
   ----------
   nst =  7967,  nstw =  1993, nsts =  7967
        PEs    n.st   n.stw   n.sts    n.g    n.gw   n.gs
          1    2654     664    2654  251806   31508  251806
          2    2654     664    2654  251806   31508  251806
          3    2654     664    2654  251806   31508  251806
          4    2658     666    2658  251806   31514  251806
          5    2655     663    2655  251805   31505  251805
          6    2658     664    2658  251806   31504  251806
          0   15933    3985   15933 1510835  189047 1510835
 
 
   Real Mesh
   ---------
   Global Dimensions   Local  Dimensions   Processor Grid
   .X.   .Y.   .Z.     .X.   .Y.   .Z.     .X.   .Y.   .Z.
   144   144   144     144   144    24       1     1     6
   Array leading dimensions ( nr1x, nr2x, nr3x )   =    144   144   144
   Local number of cell to store the grid ( nnrx ) =     497664
   Number of x-y planes for each processors: 
   nr3l =    24   24   24   24   24   24
 
   Smooth Real Mesh
   ----------------
   Global Dimensions   Local  Dimensions   Processor Grid
   .X.   .Y.   .Z.     .X.   .Y.   .Z.     .X.   .Y.   .Z.
   144   144   144     144   144    24       1     1     6
   Array leading dimensions ( nr1x, nr2x, nr3x )   =    144   144   144
   Local number of cell to store the grid ( nnrx ) =     497664
   Number of x-y planes for each processors: 
   nr3sl =    24   24   24   24   24   24
 
   Reciprocal Space Mesh
   ---------------------
                Large Mesh
   PE   Global(ngmt)     Local(ngm) MaxLocal(ngmx)
    1         755418         125903         125903
    2         755418         125903         125903
    3         755418         125903         125903
    4         755418         125903         125903
    5         755418         125903         125903
    6         755418         125903         125903
                Smooth Mesh
   PE   Global(ngst)     Local(ngs) MaxLocal(ngsx)
    1         755418         125903         125903
    2         755418         125903         125903
    3         755418         125903         125903
    4         755418         125903         125903
    5         755418         125903         125903
    6         755418         125903         125903
                Wave function Mesh
   PE   Global(ngwt)     Local(ngw) MaxLocal(ngwx)
    1          94524          15754          15757
    2          94524          15754          15757
    3          94524          15754          15757
    4          94524          15757          15757
    5          94524          15753          15757
    6          94524          15752          15757


   System geometry initialization
   ------------------------------
 
   Scaled positions from standard input
   Cl   0.000000E+00  0.000000E+00  0.761591E-01
   Cl   0.000000E+00  0.000000E+00 -0.761591E-01
   ibrav =    1       cell parameters 

      25.00000       0.00000       0.00000
       0.00000      25.00000       0.00000
       0.00000       0.00000      25.00000
 

   Matrix Multiplication Performances
   ortho mmul, time for parallel driver      =   0.00001 with    4 procs

   Constraints matrixes will be distributed block like on
   ortho sub-group =    2*   2 procs


   Diagonalization Performances
   ortho diag, time for serial   driver =   0.04199
   ortho diag, time for parallel driver =   0.00020 with    4 procs


   Pseudopotentials initialization
   -------------------------------


   Common initialization

   Specie:     1
   1  indv=  1   ang. mom=  0
   2  indv=  2   ang. mom=  1
   3  indv=  2   ang. mom=  1
   4  indv=  2   ang. mom=  1
 
                        dion 
   0.3320   0.0000
   0.0000   0.6374
 
   Short Legend and Physical Units in the Output
   ---------------------------------------------
   NFI    [int]          - step index
   EKINC  [HARTREE A.U.] - kinetic energy of the fictitious electronic dynamics
   TEMPH  [K]            - Temperature of the fictitious cell dynamics
   TEMP   [K]            - Ionic temperature
   ETOT   [HARTREE A.U.] - Scf total energy (Kohn-Sham hamiltonian)
   ENTHAL [HARTREE A.U.] - Enthalpy ( ETOT + P * V )
   ECONS  [HARTREE A.U.] - Enthalpy + kinetic energy of ions and cell
   ECONT  [HARTREE A.U.] - Constant of motion for the CP lagrangian
 
   NK sic with reference occupation =  0.5000

   NK background density factor =  1.0000
   NK scaling factor =  0.8000
   NK cross-derivatives =    F
   NK reference derivatives =    F
   NK on top of PZ =    F
   rhothr =  0.1E-11
   NK memusage =     84.114 MB


   f_cutoff =  0.1000
   do_spinsym   =    F
   EE with periodic-image correction method = tcc                 

   reading restart file: ./SCRATCH/clorine_93.save
   restart file read in    0.126 sec.

 nprint_nfi=           -2
 nprint_nfi=          284

   formf: eself=  39.09634
   formf:     vps(g=0)=  -0.0013111     rhops(g=0)=  -0.0004410
   formf: sum_g vps(g)=  -1.5988328 sum_g rhops(g)=  -0.6287789
   Delta V(G=0):   0.002815Ry,    0.076596eV

   Empty states minimization starting 
   nfi         dekinc         ekinc
    1    0.554904D-04  0.554904D-04
    2   -0.228797D-04  0.326106D-04
    3    0.335096D-04  0.661203D-04
    4    0.396496D-04  0.105770D-03
    5    0.427357D-04  0.148506D-03
    6    0.434253D-04  0.191931D-03
    7    0.422963D-04  0.234227D-03
    8    0.398490D-04  0.274076D-03
    9    0.365077D-04  0.310584D-03
   10    0.326244D-04  0.343208D-03
   11    0.284827D-04  0.371691D-03
   12    0.243037D-04  0.395995D-03
   13    0.202522D-04  0.416247D-03
   14    0.164442D-04  0.432691D-03
   15    0.129540D-04  0.445645D-03
   16    0.982250D-05  0.455468D-03
   17    0.706380D-05  0.462532D-03
   18    0.467234D-05  0.467204D-03
   19    0.262878D-05  0.469833D-03
   20    0.905089D-06  0.470738D-03
   21   -0.531302D-06  0.470206D-03
   22   -0.171430D-05  0.468492D-03
   23   -0.267687D-05  0.465815D-03
   24   -0.344948D-05  0.462366D-03
   25   -0.405930D-05  0.458306D-03
   26   -0.452989D-05  0.453777D-03
   27   -0.488126D-05  0.448895D-03
   28   -0.513022D-05  0.443765D-03
   29   -0.529087D-05  0.438474D-03
   30   -0.537515D-05  0.433099D-03
   31   -0.539331D-05  0.427706D-03
   32   -0.535441D-05  0.422351D-03
   33   -0.526665D-05  0.417085D-03
   34   -0.513761D-05  0.411947D-03
   35   -0.497447D-05  0.406973D-03
   36   -0.478398D-05  0.402189D-03
   37   -0.457246D-05  0.397616D-03
   38   -0.434586D-05  0.393270D-03
   39   -0.410955D-05  0.389161D-03
   40   -0.386835D-05  0.385292D-03
   41   -0.362642D-05  0.381666D-03
   42   -0.338719D-05  0.378279D-03
   43   -0.315346D-05  0.375125D-03
   44   -0.292729D-05  0.372198D-03
   45   -0.271012D-05  0.369488D-03
   46   -0.250282D-05  0.366985D-03
   47   -0.230582D-05  0.364679D-03
   48   -0.211910D-05  0.362560D-03
   49   -0.194239D-05  0.360618D-03
   50   -0.177522D-05  0.358843D-03
   51   -0.161698D-05  0.357226D-03
   52   -0.146701D-05  0.355759D-03
   53   -0.132467D-05  0.354434D-03
   54   -0.118935D-05  0.353245D-03
   55   -0.106049D-05  0.352184D-03
   56   -0.937639D-06  0.351246D-03
   57   -0.820418D-06  0.350426D-03
   58   -0.708497D-06  0.349718D-03
   59   -0.601644D-06  0.349116D-03
   60   -0.499639D-06  0.348616D-03
   61   -0.402319D-06  0.348214D-03
   62   -0.309542D-06  0.347904D-03
   63   -0.221156D-06  0.347683D-03
   64   -0.137026D-06  0.347546D-03
   65   -0.570098D-07  0.347489D-03
   66    0.190640D-07  0.347508D-03
   67    0.913467D-07  0.347600D-03
   68    0.160023D-06  0.347760D-03
   69    0.225265D-06  0.347985D-03
   70    0.287263D-06  0.348272D-03
   71    0.346191D-06  0.348618D-03
   72    0.402221D-06  0.349021D-03
   73    0.455518D-06  0.349476D-03
   74    0.506238D-06  0.349982D-03
   75    0.554531D-06  0.350537D-03
   76    0.600524D-06  0.351137D-03
   77    0.644330D-06  0.351782D-03
   78    0.686060D-06  0.352468D-03
   79    0.725814D-06  0.353194D-03
   80    0.763676D-06  0.353957D-03
   81    0.799725D-06  0.354757D-03
   82    0.834036D-06  0.355591D-03
   83    0.866683D-06  0.356458D-03
   84    0.897724D-06  0.357355D-03
   85    0.927218D-06  0.358283D-03
   86    0.955226D-06  0.359238D-03
   87    0.981800D-06  0.360220D-03
   88    0.100699D-05  0.361227D-03
   89    0.103086D-05  0.362258D-03
   90    0.105344D-05  0.363311D-03
   91    0.107479D-05  0.364386D-03
   92    0.109495D-05  0.365481D-03
   93    0.111395D-05  0.366595D-03
   94    0.113185D-05  0.367727D-03
   95    0.114868D-05  0.368875D-03
   96    0.116445D-05  0.370040D-03
   97    0.117924D-05  0.371219D-03
   98    0.119305D-05  0.372412D-03
   99    0.120592D-05  0.373618D-03
  100    0.121788D-05  0.374836D-03
  101    0.122895D-05  0.376065D-03
  102    0.123916D-05  0.377304D-03
  103    0.124854D-05  0.378552D-03
  104    0.125712D-05  0.379810D-03
  105    0.126491D-05  0.381074D-03
  106    0.127194D-05  0.382346D-03
  107    0.127823D-05  0.383625D-03
  108    0.128381D-05  0.384908D-03
  109    0.128868D-05  0.386197D-03
  110    0.129289D-05  0.387490D-03
  111    0.129644D-05  0.388786D-03
  112    0.129935D-05  0.390086D-03
  113    0.130164D-05  0.391387D-03
  114    0.130331D-05  0.392691D-03
  115    0.130440D-05  0.393995D-03
  116    0.130491D-05  0.395300D-03
  117    0.130487D-05  0.396605D-03
  118    0.130428D-05  0.397909D-03
  119    0.130317D-05  0.399212D-03
  120    0.130152D-05  0.400514D-03
  121    0.129937D-05  0.401813D-03
  122    0.129671D-05  0.403110D-03
  123    0.129356D-05  0.404404D-03
  124    0.128994D-05  0.405693D-03
  125    0.128584D-05  0.406979D-03
  126    0.128129D-05  0.408261D-03
  127    0.127628D-05  0.409537D-03
  128    0.127084D-05  0.410808D-03
  129    0.126495D-05  0.412073D-03
  130    0.125864D-05  0.413331D-03
  131    0.125191D-05  0.414583D-03
  132    0.124477D-05  0.415828D-03
  133    0.123723D-05  0.417065D-03
  134    0.122930D-05  0.418295D-03
  135    0.122098D-05  0.419516D-03
  136    0.121227D-05  0.420728D-03
  137    0.120319D-05  0.421931D-03
  138    0.119374D-05  0.423125D-03
  139    0.118392D-05  0.424309D-03
  140    0.117376D-05  0.425482D-03
  141    0.116323D-05  0.426646D-03
  142    0.115237D-05  0.427798D-03
  143    0.114117D-05  0.428939D-03
  144    0.112963D-05  0.430069D-03
  145    0.111777D-05  0.431187D-03
  146    0.110559D-05  0.432292D-03
  147    0.109309D-05  0.433385D-03
  148    0.108028D-05  0.434466D-03
  149    0.106717D-05  0.435533D-03
  150    0.105376D-05  0.436586D-03
  151    0.104005D-05  0.437626D-03
  152    0.102607D-05  0.438653D-03
  153    0.101180D-05  0.439664D-03
  154    0.997253D-06  0.440662D-03
  155    0.982436D-06  0.441644D-03
  156    0.967353D-06  0.442611D-03
  157    0.952009D-06  0.443563D-03
  158    0.936421D-06  0.444500D-03
  159    0.920578D-06  0.445420D-03
  160    0.904496D-06  0.446325D-03
  161    0.888163D-06  0.447213D-03
  162    0.871605D-06  0.448085D-03
  163    0.854821D-06  0.448939D-03
  164    0.837818D-06  0.449777D-03
  165    0.820606D-06  0.450598D-03
  166    0.803175D-06  0.451401D-03
  167    0.785543D-06  0.452187D-03
  168    0.767714D-06  0.452954D-03
  169    0.749678D-06  0.453704D-03
  170    0.731460D-06  0.454435D-03
  171    0.713067D-06  0.455149D-03
  172    0.694497D-06  0.455843D-03
  173    0.675735D-06  0.456519D-03
  174    0.656821D-06  0.457176D-03
  175    0.637751D-06  0.457813D-03
  176    0.618521D-06  0.458432D-03
  177    0.599148D-06  0.459031D-03
  178    0.579629D-06  0.459611D-03
  179    0.559968D-06  0.460171D-03
  180    0.540171D-06  0.460711D-03
  181    0.520250D-06  0.461231D-03
  182    0.500211D-06  0.461731D-03
  183    0.480051D-06  0.462211D-03
  184    0.459783D-06  0.462671D-03
  185    0.439413D-06  0.463110D-03
  186    0.418947D-06  0.463529D-03
  187    0.398390D-06  0.463928D-03
  188    0.377748D-06  0.464306D-03
  189    0.357025D-06  0.464663D-03
  190    0.336231D-06  0.464999D-03
  191    0.315356D-06  0.465314D-03
  192    0.294428D-06  0.465609D-03
  193    0.273436D-06  0.465882D-03
  194    0.252398D-06  0.466134D-03
  195    0.231313D-06  0.466366D-03
  196    0.210183D-06  0.466576D-03
  197    0.189027D-06  0.466765D-03
  198    0.167844D-06  0.466933D-03
  199    0.146635D-06  0.467079D-03
  200    0.125411D-06  0.467205D-03

 
  nfi    ekinc  temph  tempp        etot      enthal       econs       econt    vnhh   xnhh0    vnhp   xnhp0
  285 0.14E-03    0.0    0.0   -29.96405   -29.96405   -29.96405   -29.96391  0.0000  0.0000  0.0000  0.0000    -0.00001

 * Physical Quantities at step:   286

   Empty states minimization starting 
   nfi         dekinc         ekinc
    1    0.117283D-04  0.117283D-04
    2    0.209462D-04  0.326745D-04
    3    0.336901D-04  0.663646D-04
    4    0.400550D-04  0.106420D-03
    5    0.434688D-04  0.149888D-03
    6    0.445786D-04  0.194467D-03
    7    0.439440D-04  0.238411D-03
    8    0.420425D-04  0.280453D-03
    9    0.392748D-04  0.319728D-03
   10    0.359693D-04  0.355698D-03
   11    0.323887D-04  0.388086D-03
   12    0.287361D-04  0.416822D-03
   13    0.251617D-04  0.441984D-03
   14    0.217707D-04  0.463755D-03
   15    0.186306D-04  0.482385D-03
   16    0.157782D-04  0.498164D-03
   17    0.132268D-04  0.511391D-03
   18    0.109726D-04  0.522363D-03
   19    0.899965D-05  0.531363D-03
   20    0.728520D-05  0.538648D-03
   21    0.580287D-05  0.544451D-03
   22    0.452554D-05  0.548976D-03
   23    0.342742D-05  0.552404D-03
   24    0.248514D-05  0.554889D-03
   25    0.167843D-05  0.556567D-03
   26    0.990171D-06  0.557557D-03
   27    0.406324D-06  0.557964D-03
   28   -0.846445D-07  0.557879D-03
   29   -0.492152D-06  0.557387D-03
   30   -0.824173D-06  0.556563D-03
   31   -0.108766D-05  0.555475D-03
   32   -0.128895D-05  0.554186D-03
   33   -0.143414D-05  0.552752D-03
   34   -0.152924D-05  0.551223D-03
   35   -0.158026D-05  0.549643D-03
   36   -0.159319D-05  0.548049D-03
   37   -0.157403D-05  0.546475D-03
   38   -0.152856D-05  0.544947D-03
   39   -0.146229D-05  0.543485D-03
   40   -0.138033D-05  0.542104D-03
   41   -0.128724D-05  0.540817D-03
   42   -0.118705D-05  0.539630D-03
   43   -0.108312D-05  0.538547D-03
   44   -0.978185D-06  0.537569D-03
   45   -0.874316D-06  0.536694D-03
   46   -0.773050D-06  0.535921D-03
   47   -0.675421D-06  0.535246D-03
   48   -0.582052D-06  0.534664D-03
   49   -0.493195D-06  0.534171D-03
   50   -0.408892D-06  0.533762D-03
   51   -0.329015D-06  0.533433D-03
   52   -0.253311D-06  0.533179D-03
   53   -0.181513D-06  0.532998D-03
   54   -0.113336D-06  0.532885D-03
   55   -0.485128D-07  0.532836D-03
   56    0.131617D-07  0.532849D-03
   57    0.718692D-07  0.532921D-03
   58    0.127724D-06  0.533049D-03
   59    0.180813D-06  0.533230D-03
   60    0.231189D-06  0.533461D-03
   61    0.278895D-06  0.533740D-03
   62    0.323955D-06  0.534064D-03
   63    0.366405D-06  0.534430D-03
   64    0.406277D-06  0.534836D-03
   65    0.443627D-06  0.535280D-03
   66    0.478515D-06  0.535758D-03
   67    0.511021D-06  0.536269D-03
   68    0.541222D-06  0.536811D-03
   69    0.569238D-06  0.537380D-03
   70    0.595152D-06  0.537975D-03
   71    0.619075D-06  0.538594D-03
   72    0.641117D-06  0.539235D-03
   73    0.661358D-06  0.539897D-03
   74    0.679892D-06  0.540577D-03
   75    0.696811D-06  0.541273D-03
   76    0.712186D-06  0.541986D-03
   77    0.726092D-06  0.542712D-03
   78    0.738569D-06  0.543450D-03
   79    0.749671D-06  0.544200D-03
   80    0.759453D-06  0.544959D-03
   81    0.767950D-06  0.545727D-03
   82    0.775213D-06  0.546502D-03
   83    0.781283D-06  0.547284D-03
   84    0.786181D-06  0.548070D-03
   85    0.789941D-06  0.548860D-03
   86    0.792591D-06  0.549652D-03
   87    0.794178D-06  0.550447D-03
   88    0.794718D-06  0.551241D-03
   89    0.794246D-06  0.552036D-03
   90    0.792793D-06  0.552828D-03
   91    0.790396D-06  0.553619D-03
   92    0.787076D-06  0.554406D-03
   93    0.782858D-06  0.555189D-03
   94    0.777765D-06  0.555966D-03
   95    0.771824D-06  0.556738D-03
   96    0.765066D-06  0.557503D-03
   97    0.757499D-06  0.558261D-03
   98    0.749167D-06  0.559010D-03
   99    0.740071D-06  0.559750D-03
  100    0.730242D-06  0.560480D-03
  101    0.719708D-06  0.561200D-03
  102    0.708480D-06  0.561909D-03
  103    0.696577D-06  0.562605D-03
  104    0.684025D-06  0.563289D-03
  105    0.670837D-06  0.563960D-03
  106    0.657033D-06  0.564617D-03
  107    0.642638D-06  0.565260D-03
  108    0.627662D-06  0.565887D-03
  109    0.612137D-06  0.566499D-03
  110    0.596074D-06  0.567096D-03
  111    0.579490D-06  0.567675D-03
  112    0.562401D-06  0.568237D-03
  113    0.544826D-06  0.568782D-03
  114    0.526780D-06  0.569309D-03
  115    0.508268D-06  0.569817D-03
  116    0.489311D-06  0.570307D-03
  117    0.469939D-06  0.570777D-03
  118    0.450159D-06  0.571227D-03
  119    0.429980D-06  0.571657D-03
  120    0.409415D-06  0.572066D-03
  121    0.388492D-06  0.572455D-03
  122    0.367210D-06  0.572822D-03
  123    0.345574D-06  0.573167D-03
  124    0.323622D-06  0.573491D-03
  125    0.301350D-06  0.573792D-03
  126    0.278769D-06  0.574071D-03
  127    0.255898D-06  0.574327D-03
  128    0.232746D-06  0.574560D-03
  129    0.209328D-06  0.574769D-03
  130    0.185647D-06  0.574955D-03
  131    0.161710D-06  0.575116D-03
  132    0.137558D-06  0.575254D-03
  133    0.113185D-06  0.575367D-03
  134    0.886004D-07  0.575456D-03
  135    0.638087D-07  0.575520D-03
  136    0.388124D-07  0.575558D-03
  137    0.136576D-07  0.575572D-03
  138   -0.116620D-07  0.575560D-03
  139   -0.371427D-07  0.575523D-03
  140   -0.627688D-07  0.575460D-03
  141   -0.885404D-07  0.575372D-03
  142   -0.114422D-06  0.575258D-03
  143   -0.140419D-06  0.575117D-03
  144   -0.166521D-06  0.574951D-03
  145   -0.192732D-06  0.574758D-03
  146   -0.219023D-06  0.574539D-03
  147   -0.245393D-06  0.574293D-03
  148   -0.271816D-06  0.574022D-03
  149   -0.298300D-06  0.573723D-03
  150   -0.324834D-06  0.573398D-03
  151   -0.351411D-06  0.573047D-03
  152   -0.378000D-06  0.572669D-03
  153   -0.404615D-06  0.572264D-03
  154   -0.431238D-06  0.571833D-03
  155   -0.457864D-06  0.571375D-03
  156   -0.484482D-06  0.570891D-03
  157   -0.511081D-06  0.570380D-03
  158   -0.537664D-06  0.569842D-03
  159   -0.564197D-06  0.569278D-03
  160   -0.590687D-06  0.568687D-03
  161   -0.617127D-06  0.568070D-03
  162   -0.643518D-06  0.567427D-03
  163   -0.669832D-06  0.566757D-03
  164   -0.696074D-06  0.566061D-03
  165   -0.722237D-06  0.565338D-03
  166   -0.748306D-06  0.564590D-03
  167   -0.774284D-06  0.563816D-03
  168   -0.800146D-06  0.563016D-03
  169   -0.825904D-06  0.562190D-03
  170   -0.851544D-06  0.561338D-03
  171   -0.877061D-06  0.560461D-03
  172   -0.902431D-06  0.559559D-03
  173   -0.927665D-06  0.558631D-03
  174   -0.952759D-06  0.557678D-03
  175   -0.977698D-06  0.556701D-03
  176   -0.100248D-05  0.555698D-03
  177   -0.102707D-05  0.554671D-03
  178   -0.105150D-05  0.553620D-03
  179   -0.107576D-05  0.552544D-03
  180   -0.109981D-05  0.551444D-03
  181   -0.112369D-05  0.550320D-03
  182   -0.114737D-05  0.549173D-03
  183   -0.117084D-05  0.548002D-03
  184   -0.119411D-05  0.546808D-03
  185   -0.121717D-05  0.545591D-03
  186   -0.124001D-05  0.544351D-03
  187   -0.126262D-05  0.543088D-03
  188   -0.128502D-05  0.541803D-03
  189   -0.130717D-05  0.540496D-03
  190   -0.132909D-05  0.539167D-03
  191   -0.135077D-05  0.537816D-03
  192   -0.137221D-05  0.536444D-03
  193   -0.139340D-05  0.535051D-03
  194   -0.141432D-05  0.533636D-03
  195   -0.143499D-05  0.532201D-03
  196   -0.145539D-05  0.530746D-03
  197   -0.147553D-05  0.529270D-03
  198   -0.149540D-05  0.527775D-03
  199   -0.151501D-05  0.526260D-03
  200   -0.153433D-05  0.524726D-03



                total energy =      -29.96405 Hartree a.u.
              kinetic energy =       11.51016 Hartree a.u.
        electrostatic energy =      -34.68094 Hartree a.u.
                         esr =        0.00180 Hartree a.u.
                       eself =       39.09634 Hartree a.u.
      pseudopotential energy =       -8.20751 Hartree a.u.
  n-l pseudopotential energy =        7.17543 Hartree a.u.
 exchange-correlation energy =       -5.76119 Hartree a.u.
           average potential =        0.00000 Hartree a.u.



   Eigenvalues (eV), kp =   1 , spin =  1

  -29.09  -24.91  -16.26  -14.59  -14.59  -12.01  -12.01

   Empty States Eigenvalues (eV), kp =   1 , spin =  1

   -1.19    0.21    0.74

   Electronic Gap (eV) =    10.82

 
   Allocated memory (kb) =    189432
 
   CELL_PARAMETERS
   25.00000000    0.00000000    0.00000000
    0.00000000   25.00000000    0.00000000
    0.00000000    0.00000000   25.00000000

   System Density [g/cm^3] :     0.0508


   Center of mass square displacement (a.u.):   0.000000

   ATOMIC_POSITIONS
   Cl   0.000000E+00  0.000000E+00  0.190398E+01
   Cl   0.000000E+00  0.000000E+00 -0.190398E+01
 
   ATOMIC_VELOCITIES
   Cl   0.000000E+00  0.000000E+00  0.000000E+00
   Cl   0.000000E+00  0.000000E+00  0.000000E+00
 


   Partial temperatures (for each ionic specie) 
   Species  Temp (K)   Mean Square Displacement (a.u.)
        1       0.00     0.0000
  286 0.12E-03    0.0    0.0   -29.96405   -29.96405   -29.96405   -29.96394  0.0000  0.0000  0.0000  0.0000    -0.00001

   writing restart file: ./SCRATCH/clorine_193.save
   restart file written in    0.761 sec.



   Averaged Physical Quantities
                      accomulated      this run
   ekinc         :        0.72844       0.00013 (AU)
   ekin          :       13.02550      11.51016 (AU)
   epot          :      -47.68674     -48.64965 (AU)
   total energy  :      -27.74954     -29.96405 (AU)
   temperature   :        0.00000       0.00000 (K )
   enthalpy      :      -27.74954     -29.96405 (AU)
   econs         :      -27.74954     -29.96405 (AU)
   pressure      :        0.00000       0.00000 (Gpa)
   volume        :    15625.00000   15625.00000 (AU)


     initialize   :     2.50s CPU
     total_time   :   953.28s CPU (       2 calls, 476.642 s avg)
     formf        :     0.09s CPU
     rhoofr       :     0.66s CPU (       2 calls,   0.330 s avg)
     vofrho       :     1.32s CPU (       2 calls,   0.660 s avg)
     dforce       :    63.62s CPU (     808 calls,   0.079 s avg)
     calphi       :     0.30s CPU (     402 calls,   0.001 s avg)
     ortho        :     0.51s CPU (     402 calls,   0.001 s avg)
     ortho_iter   :     0.00s CPU (     402 calls,   0.000 s avg)
     rsg          :     0.01s CPU (     402 calls,   0.000 s avg)
     rhoset       :     0.22s CPU (     402 calls,   0.001 s avg)
     updatc       :     0.40s CPU (     402 calls,   0.001 s avg)
     newd         :     0.00s CPU (       2 calls,   0.000 s avg)
     calbec       :     0.01s CPU (       3 calls,   0.004 s avg)
     prefor       :     0.00s CPU (       5 calls,   0.001 s avg)
     strucf       :     0.01s CPU
     nlsm1        :     1.00s CPU (    1211 calls,   0.001 s avg)
     fft          :   350.83s CPU (    4870 calls,   0.072 s avg)
     ffts         :     0.30s CPU (       4 calls,   0.074 s avg)
     fftw         :    55.04s CPU (    1624 calls,   0.034 s avg)
     cft3s        :   406.16s CPU (    6498 calls,   0.063 s avg)
     fft_scatter  :    94.89s CPU (    6498 calls,   0.015 s avg)
     nksic_drv    :   750.59s CPU (     402 calls,   1.867 s avg)
     nksic_orbrho :    69.86s CPU (     808 calls,   0.086 s avg)
     nksic_rhoref :    24.91s CPU (    1214 calls,   0.021 s avg)
     nksic_eforce :   128.28s CPU (     808 calls,   0.159 s avg)
     nksic_corr   :   617.20s CPU (    1214 calls,   0.508 s avg)
     nksic_corr_h :   226.54s CPU (    1214 calls,   0.187 s avg)
     nksic_corr_v :   371.07s CPU (    1214 calls,   0.306 s avg)
     nksic_corr_f :     6.64s CPU (    1214 calls,   0.005 s avg)
 
 
     CP           : 15m56.32s CPU time,    15m59.95s wall time

 
   This run was terminated on:  12: 2:34  10Dec2010            

=------------------------------------------------------------------------------=
   JOB DONE.
=------------------------------------------------------------------------------=
