=------------------------------------------------------------------------------=

     CP: variable-cell Car-Parrinello molecular dynamics
     using norm-conserving and ultrasoft Vanderbilt pseudopotentials

     Version: 4.1 - Thu Dec 9 13:23:14 EST 2010                           
     Authors: Alfredo Pasquarello, Kari Laasonen, Andrea Trave, Roberto Car,
       Paolo Giannozzi, Nicola Marzari, Carlo Cavazzoni, Guido Chiarotti,
       Sandro Scandolo, Paolo Focher, Gerardo Ballabio, and others

=------------------------------------------------------------------------------=

   This run was started on:  12:20:21  10Dec2010               

   MPI Parallel Build
   Tasks =    6  This task id =    0

   Job Title: MD Simulation


   Atomic Pseudopotentials Parameters
   ----------------------------------

   Reading pseudopotential for specie #  1 from file :
   ../../pseudo/Cl.pz-bhs.UPF
   file type is 20: UPF


   Main Simulation Parameters (from input)
   ---------------------------------------
   Restart Mode       =       1   restart        
   Number of MD Steps =       2
   Print out every            1 MD Steps
   Reads from unit    =      94
   Writes to unit     =     194
   MD Simulation time step            =       3.00
   Electronic fictitious mass (emass) =    1000.00
   emass cut-off                      =       3.00

   Simulation Cell Parameters (from input)
   external pressure       =            0.00 [GPa]
   wmass (calculated)      =         9821.27 [AU]
   ibrav =    1
   alat  =    25.00000000
   a1    =    25.00000000    0.00000000    0.00000000
   a2    =     0.00000000   25.00000000    0.00000000
   a3    =     0.00000000    0.00000000   25.00000000
 
   b1    =     0.04000000    0.00000000    0.00000000
   b2    =     0.00000000    0.04000000    0.00000000
   b3    =     0.00000000    0.00000000    0.04000000
   omega = 15625.00000000

   Energy Cut-offs
   ---------------
   Ecutwfc =   80.0 Ry,      Ecutrho =  320.0 Ry,      Ecuts =  320.0 Ry
   Gcutwfc =   35.6     ,    Gcutrho =   71.2          Gcuts =   71.2
   NOTA BENE: refg, mmx =   0.050000 12800
   Eigenvalues calculated without the kinetic term contribution
   Orthog. with lagrange multipliers : eps =   0.10E-07,  max = 500
   verlet algorithm for electron dynamics
   with friction frice =  0.0500 , grease =  1.0000
   Electron dynamics : the temperature is not controlled

   Electronic states
   -----------------
   Number of Electron =    14, of States =     7
   Occupation numbers :
   2.00 2.00 2.00 2.00 2.00 2.00 2.00


   Empty states minimization
   --------------------------
      states =        3
     maxiter =      200
        ethr = 0.1000D-04


   Exchange and correlations functionals
   -------------------------------------
   Using Local Density Approximation with
     Exchange functional: SLATER                                                      
     Correlation functional: PERDEW AND ZUNGER                                           
     Exchange-correlation      =  SLA  PZ   NOGX NOGC (1100)


   Ions Simulation Parameters
   --------------------------
   Ions are not allowed to move
   Ionic position (from input)
   sorted by specie, and converted to real a.u. coordinates
   Species   1 atoms =    2 mass =     64621.40 (a.u.),        35.45 (amu) rcmax =   1.00 (a.u.)
        0.000000     0.000000     1.903977
        0.000000     0.000000    -1.903977
   Ionic position will be re-read from restart file


   Cell Dynamics Parameters (from STDIN)
   -------------------------------------
   Starting cell generated from CELLDM
   Cell parameters will be re-read from restart file
   Constant VOLUME Molecular dynamics
   cell parameters are not allowed to move

   Verbosity: iprsta =  1



   Simulation dimensions initialization
   ------------------------------------

   unit vectors of full simulation cell
   in real space:                         in reciprocal space (units 2pi/alat):
   1    25.0000    0.0000    0.0000              1.0000    0.0000    0.0000
   2     0.0000   25.0000    0.0000              0.0000    1.0000    0.0000
   3     0.0000    0.0000   25.0000              0.0000    0.0000    1.0000
 
   Stick Mesh
   ----------
   nst =  7967,  nstw =  1993, nsts =  7967
        PEs    n.st   n.stw   n.sts    n.g    n.gw   n.gs
          1    2654     664    2654  251806   31508  251806
          2    2654     664    2654  251806   31508  251806
          3    2654     664    2654  251806   31508  251806
          4    2658     666    2658  251806   31514  251806
          5    2655     663    2655  251805   31505  251805
          6    2658     664    2658  251806   31504  251806
          0   15933    3985   15933 1510835  189047 1510835
 
 
   Real Mesh
   ---------
   Global Dimensions   Local  Dimensions   Processor Grid
   .X.   .Y.   .Z.     .X.   .Y.   .Z.     .X.   .Y.   .Z.
   144   144   144     144   144    24       1     1     6
   Array leading dimensions ( nr1x, nr2x, nr3x )   =    144   144   144
   Local number of cell to store the grid ( nnrx ) =     497664
   Number of x-y planes for each processors: 
   nr3l =    24   24   24   24   24   24
 
   Smooth Real Mesh
   ----------------
   Global Dimensions   Local  Dimensions   Processor Grid
   .X.   .Y.   .Z.     .X.   .Y.   .Z.     .X.   .Y.   .Z.
   144   144   144     144   144    24       1     1     6
   Array leading dimensions ( nr1x, nr2x, nr3x )   =    144   144   144
   Local number of cell to store the grid ( nnrx ) =     497664
   Number of x-y planes for each processors: 
   nr3sl =    24   24   24   24   24   24
 
   Reciprocal Space Mesh
   ---------------------
                Large Mesh
   PE   Global(ngmt)     Local(ngm) MaxLocal(ngmx)
    1         755418         125903         125903
    2         755418         125903         125903
    3         755418         125903         125903
    4         755418         125903         125903
    5         755418         125903         125903
    6         755418         125903         125903
                Smooth Mesh
   PE   Global(ngst)     Local(ngs) MaxLocal(ngsx)
    1         755418         125903         125903
    2         755418         125903         125903
    3         755418         125903         125903
    4         755418         125903         125903
    5         755418         125903         125903
    6         755418         125903         125903
                Wave function Mesh
   PE   Global(ngwt)     Local(ngw) MaxLocal(ngwx)
    1          94524          15754          15757
    2          94524          15754          15757
    3          94524          15754          15757
    4          94524          15757          15757
    5          94524          15753          15757
    6          94524          15752          15757


   System geometry initialization
   ------------------------------
 
   Scaled positions from standard input
   Cl   0.000000E+00  0.000000E+00  0.761591E-01
   Cl   0.000000E+00  0.000000E+00 -0.761591E-01
   ibrav =    1       cell parameters 

      25.00000       0.00000       0.00000
       0.00000      25.00000       0.00000
       0.00000       0.00000      25.00000
 

   Matrix Multiplication Performances
   ortho mmul, time for parallel driver      =   0.00001 with    4 procs

   Constraints matrixes will be distributed block like on
   ortho sub-group =    2*   2 procs


   Diagonalization Performances
   ortho diag, time for serial   driver =   0.03975
   ortho diag, time for parallel driver =   0.00018 with    4 procs


   Pseudopotentials initialization
   -------------------------------


   Common initialization

   Specie:     1
   1  indv=  1   ang. mom=  0
   2  indv=  2   ang. mom=  1
   3  indv=  2   ang. mom=  1
   4  indv=  2   ang. mom=  1
 
                        dion 
   0.3320   0.0000
   0.0000   0.6374
 
   Short Legend and Physical Units in the Output
   ---------------------------------------------
   NFI    [int]          - step index
   EKINC  [HARTREE A.U.] - kinetic energy of the fictitious electronic dynamics
   TEMPH  [K]            - Temperature of the fictitious cell dynamics
   TEMP   [K]            - Ionic temperature
   ETOT   [HARTREE A.U.] - Scf total energy (Kohn-Sham hamiltonian)
   ENTHAL [HARTREE A.U.] - Enthalpy ( ETOT + P * V )
   ECONS  [HARTREE A.U.] - Enthalpy + kinetic energy of ions and cell
   ECONT  [HARTREE A.U.] - Constant of motion for the CP lagrangian
 
   NK sic with reference occupation =  0.5000

   NK background density factor =  1.0000
   NK scaling factor =  0.8000
   NK cross-derivatives =    T
   NK reference derivatives =    T
   NK on top of PZ =    F
   rhothr =  0.1E-11
   NK memusage =     84.114 MB


   f_cutoff =  0.1000
   do_spinsym   =    F
   EE with periodic-image correction method = tcc                 

   reading restart file: ./SCRATCH/clorine_94.save
   restart file read in    0.073 sec.

 nprint_nfi=           -2
 nprint_nfi=          358

   formf: eself=  39.09634
   formf:     vps(g=0)=  -0.0013111     rhops(g=0)=  -0.0004410
   formf: sum_g vps(g)=  -1.5988328 sum_g rhops(g)=  -0.6287789
   Delta V(G=0):   0.002815Ry,    0.076596eV

   Empty states minimization starting 
   nfi         dekinc         ekinc
    1    0.144703D-01  0.144703D-01
    2   -0.143457D-01  0.124666D-03
    3    0.128425D-03  0.253092D-03
    4    0.152538D-03  0.405630D-03
    5    0.165282D-03  0.570912D-03
    6    0.169127D-03  0.740039D-03
    7    0.166212D-03  0.906251D-03
    8    0.158368D-03  0.106462D-02
    9    0.147135D-03  0.121175D-02
   10    0.133785D-03  0.134554D-02
   11    0.119338D-03  0.146488D-02
   12    0.104592D-03  0.156947D-02
   13    0.901419D-04  0.165961D-02
   14    0.764107D-04  0.173602D-02
   15    0.636756D-04  0.179970D-02
   16    0.520953D-04  0.185179D-02
   17    0.417351D-04  0.189353D-02
   18    0.325909D-04  0.192612D-02
   19    0.246101D-04  0.195073D-02
   20    0.177088D-04  0.196844D-02
   21    0.117865D-04  0.198022D-02
   22    0.673714D-05  0.198696D-02
   23    0.245686D-05  0.198942D-02
   24   -0.115048D-05  0.198827D-02
   25   -0.414996D-05  0.198412D-02
   26   -0.667865D-05  0.197744D-02
   27   -0.873334D-05  0.196871D-02
   28   -0.103897D-04  0.195832D-02
   29   -0.116894D-04  0.194663D-02
   30   -0.126718D-04  0.193395D-02
   31   -0.133686D-04  0.192059D-02
   32   -0.138093D-04  0.190678D-02
   33   -0.140213D-04  0.189276D-02
   34   -0.140308D-04  0.187872D-02
   35   -0.136747D-04  0.186505D-02
   36   -0.135709D-04  0.185148D-02
   37   -0.131240D-04  0.183836D-02
   38   -0.125750D-04  0.182578D-02
   39   -0.119469D-04  0.181383D-02
   40   -0.112607D-04  0.180257D-02
   41   -0.105202D-04  0.179205D-02
   42   -0.978953D-05  0.178226D-02
   43   -0.903392D-05  0.177323D-02
   44   -0.828217D-05  0.176495D-02
   45   -0.754306D-05  0.175740D-02
   46   -0.682377D-05  0.175058D-02
   47   -0.612883D-05  0.174445D-02
   48   -0.546120D-05  0.173899D-02
   49   -0.482236D-05  0.173417D-02
   50   -0.421264D-05  0.172995D-02
   51   -0.363160D-05  0.172632D-02
   52   -0.307829D-05  0.172324D-02
   53   -0.255146D-05  0.172069D-02
   54   -0.204984D-05  0.171864D-02
   55   -0.157221D-05  0.171707D-02
   56   -0.111750D-05  0.171595D-02
   57   -0.684853D-06  0.171527D-02
   58   -0.274047D-06  0.171500D-02
   59    0.116542D-06  0.171511D-02
   60    0.485956D-06  0.171560D-02
   61    0.834744D-06  0.171643D-02
   62    0.116300D-05  0.171760D-02
   63    0.147065D-05  0.171907D-02
   64    0.175780D-05  0.172082D-02
   65    0.202445D-05  0.172285D-02
   66    0.227074D-05  0.172512D-02
   67    0.249686D-05  0.172762D-02
   68    0.268185D-05  0.173030D-02
   69    0.289136D-05  0.173319D-02
   70    0.305829D-05  0.173625D-02
   71    0.320631D-05  0.173945D-02
   72    0.333585D-05  0.174279D-02
   73    0.344732D-05  0.174624D-02
   74    0.354117D-05  0.174978D-02
   75    0.361781D-05  0.175340D-02
   76    0.367772D-05  0.175707D-02
   77    0.372126D-05  0.176079D-02
   78    0.374878D-05  0.176454D-02
   79    0.376557D-05  0.176831D-02
   80    0.375720D-05  0.177207D-02
   81    0.373918D-05  0.177581D-02
   82    0.370663D-05  0.177951D-02
   83    0.365993D-05  0.178317D-02
   84    0.359939D-05  0.178677D-02
   85    0.351490D-05  0.179029D-02
   86    0.343920D-05  0.179373D-02
   87    0.333915D-05  0.179706D-02
   88    0.322670D-05  0.180029D-02
   89    0.310220D-05  0.180339D-02
   90    0.296603D-05  0.180636D-02
   91    0.281857D-05  0.180918D-02
   92    0.266021D-05  0.181184D-02
   93    0.246932D-05  0.181431D-02
   94    0.231447D-05  0.181662D-02
   95    0.212559D-05  0.181875D-02
   96    0.192746D-05  0.182068D-02
   97    0.172046D-05  0.182240D-02
   98    0.150503D-05  0.182390D-02
   99    0.128153D-05  0.182518D-02
  100    0.105042D-05  0.182623D-02
  101    0.782482D-06  0.182702D-02
  102    0.569889D-06  0.182758D-02
  103    0.306755D-06  0.182789D-02
  104    0.617639D-07  0.182795D-02
  105   -0.201313D-06  0.182775D-02
  106   -0.469413D-06  0.182728D-02
  107   -0.659293D-06  0.182662D-02
  108   -0.102717D-05  0.182560D-02
  109   -0.130689D-05  0.182429D-02
  110   -0.158995D-05  0.182270D-02
  111   -0.187588D-05  0.182082D-02
  112   -0.217095D-05  0.181865D-02
  113   -0.245404D-05  0.181620D-02
  114   -0.274610D-05  0.181345D-02
  115   -0.303930D-05  0.181041D-02
  116   -0.333325D-05  0.180708D-02
  117   -0.362751D-05  0.180345D-02
  118   -0.384342D-05  0.179961D-02
  119   -0.422328D-05  0.179539D-02
  120   -0.453582D-05  0.179085D-02
  121   -0.479997D-05  0.178605D-02
  122   -0.509377D-05  0.178096D-02
  123   -0.538105D-05  0.177558D-02
  124   -0.566593D-05  0.176991D-02
  125   -0.594810D-05  0.176396D-02
  126   -0.626573D-05  0.175770D-02
  127   -0.649891D-05  0.175120D-02
  128   -0.677107D-05  0.174443D-02
  129   -0.703913D-05  0.173739D-02
  130   -0.730364D-05  0.173008D-02
  131   -0.756152D-05  0.172252D-02
  132   -0.783514D-05  0.171469D-02
  133   -0.806203D-05  0.170662D-02
  134   -0.830523D-05  0.169832D-02
  135   -0.854262D-05  0.168978D-02
  136   -0.877396D-05  0.168100D-02
  137   -0.899904D-05  0.167200D-02
  138   -0.921763D-05  0.166279D-02
  139   -0.942958D-05  0.165336D-02
  140   -0.963466D-05  0.164372D-02
  141   -0.983273D-05  0.163389D-02
  142   -0.100236D-04  0.162386D-02
  143   -0.102073D-04  0.161366D-02
  144   -0.103588D-04  0.160330D-02
  145   -0.105545D-04  0.159274D-02
  146   -0.107153D-04  0.158203D-02
  147   -0.108683D-04  0.157116D-02
  148   -0.110136D-04  0.156015D-02
  149   -0.111510D-04  0.154900D-02
  150   -0.112806D-04  0.153772D-02
  151   -0.114073D-04  0.152631D-02
  152   -0.115153D-04  0.151479D-02
  153   -0.116211D-04  0.150317D-02
  154   -0.117190D-04  0.149145D-02
  155   -0.118089D-04  0.147964D-02
  156   -0.118909D-04  0.146775D-02
  157   -0.119650D-04  0.145579D-02
  158   -0.120313D-04  0.144376D-02
  159   -0.120898D-04  0.143167D-02
  160   -0.121406D-04  0.141953D-02
  161   -0.121839D-04  0.140734D-02
  162   -0.121711D-04  0.139517D-02
  163   -0.122528D-04  0.138292D-02
  164   -0.122733D-04  0.137065D-02
  165   -0.122786D-04  0.135837D-02
  166   -0.122937D-04  0.134607D-02
  167   -0.122929D-04  0.133378D-02
  168   -0.122777D-04  0.132150D-02
  169   -0.122720D-04  0.130923D-02
  170   -0.122512D-04  0.129698D-02
  171   -0.122241D-04  0.128476D-02
  172   -0.121908D-04  0.127256D-02
  173   -0.121514D-04  0.126041D-02
  174   -0.121061D-04  0.124831D-02
  175   -0.120551D-04  0.123625D-02
  176   -0.119986D-04  0.122425D-02
  177   -0.119367D-04  0.121232D-02
  178   -0.118696D-04  0.120045D-02
  179   -0.117974D-04  0.118865D-02
  180   -0.117204D-04  0.117693D-02
  181   -0.116387D-04  0.116529D-02
  182   -0.115526D-04  0.115374D-02
  183   -0.114621D-04  0.114228D-02
  184   -0.113677D-04  0.113091D-02
  185   -0.112689D-04  0.111964D-02
  186   -0.111665D-04  0.110847D-02
  187   -0.110606D-04  0.109741D-02
  188   -0.109512D-04  0.108646D-02
  189   -0.108386D-04  0.107562D-02
  190   -0.107382D-04  0.106488D-02
  191   -0.106028D-04  0.105428D-02
  192   -0.104817D-04  0.104380D-02
  193   -0.103580D-04  0.103344D-02
  194   -0.102319D-04  0.102321D-02
  195   -0.101035D-04  0.101311D-02
  196   -0.997315D-05  0.100313D-02
  197   -0.983824D-05  0.993294D-03
  198   -0.970707D-05  0.983587D-03
  199   -0.957140D-05  0.974016D-03
  200   -0.943427D-05  0.964582D-03

 
  nfi    ekinc  temph  tempp        etot      enthal       econs       econt    vnhh   xnhh0    vnhp   xnhp0
  359 0.11E-03    0.0    0.0   -29.99399   -29.99399   -29.99399   -29.99388  0.0000  0.0000  0.0000  0.0000    -0.00001

 * Physical Quantities at step:   360

   from rhoofr: total integrated electronic density
   in g-space =   14.000000   in r-space =  14.000000

   Empty states minimization starting 
   nfi         dekinc         ekinc
    1    0.266979D-04  0.266979D-04
    2    0.654769D-04  0.921749D-04
    3    0.946214D-04  0.186796D-03
    4    0.111792D-03  0.298588D-03
    5    0.120221D-03  0.418810D-03
    6    0.121760D-03  0.540569D-03
    7    0.118040D-03  0.658610D-03
    8    0.110480D-03  0.769090D-03
    9    0.100288D-03  0.869378D-03
   10    0.884720D-04  0.957850D-03
   11    0.758514D-04  0.103370D-02
   12    0.630729D-04  0.109677D-02
   13    0.506268D-04  0.114740D-02
   14    0.388667D-04  0.118627D-02
   15    0.280294D-04  0.121430D-02
   16    0.182552D-04  0.123255D-02
   17    0.960667D-05  0.124216D-02
   18    0.208742D-05  0.124425D-02
   19   -0.434229D-05  0.123990D-02
   20   -0.975142D-05  0.123015D-02
   21   -0.142268D-04  0.121593D-02
   22   -0.178634D-04  0.119806D-02
   23   -0.207582D-04  0.117730D-02
   24   -0.230048D-04  0.115430D-02
   25   -0.246902D-04  0.112961D-02
   26   -0.258935D-04  0.110372D-02
   27   -0.266849D-04  0.107703D-02
   28   -0.271262D-04  0.104991D-02
   29   -0.272711D-04  0.102263D-02
   30   -0.271666D-04  0.995467D-03
   31   -0.268536D-04  0.968614D-03
   32   -0.263679D-04  0.942246D-03
   33   -0.257414D-04  0.916505D-03
   34   -0.250022D-04  0.891502D-03
   35   -0.241756D-04  0.867327D-03
   36   -0.232841D-04  0.844043D-03
   37   -0.223478D-04  0.821695D-03
   38   -0.213842D-04  0.800311D-03
   39   -0.204087D-04  0.779902D-03
   40   -0.194341D-04  0.760468D-03
   41   -0.184710D-04  0.741997D-03
   42   -0.175280D-04  0.724469D-03
   43   -0.166113D-04  0.707858D-03
   44   -0.157256D-04  0.692132D-03
   45   -0.148736D-04  0.677258D-03
   46   -0.140567D-04  0.663202D-03
   47   -0.132753D-04  0.649926D-03
   48   -0.125286D-04  0.637398D-03
   49   -0.118154D-04  0.625582D-03
   50   -0.111340D-04  0.614448D-03
   51   -0.104823D-04  0.603966D-03
   52   -0.985848D-05  0.594108D-03
   53   -0.926115D-05  0.584846D-03
   54   -0.868663D-05  0.576160D-03
   55   -0.813524D-05  0.568025D-03
   56   -0.760489D-05  0.560420D-03
   57   -0.709452D-05  0.553325D-03
   58   -0.660262D-05  0.546723D-03
   59   -0.612878D-05  0.540594D-03
   60   -0.567204D-05  0.534922D-03
   61   -0.523170D-05  0.529690D-03
   62   -0.480708D-05  0.524883D-03
   63   -0.439753D-05  0.520485D-03
   64   -0.400362D-05  0.516482D-03
   65   -0.362096D-05  0.512861D-03
   66   -0.325272D-05  0.509608D-03
   67   -0.289691D-05  0.506711D-03
   68   -0.255283D-05  0.504158D-03
   69   -0.221982D-05  0.501939D-03
   70   -0.189719D-05  0.500041D-03
   71   -0.158432D-05  0.498457D-03
   72   -0.128057D-05  0.497176D-03
   73   -0.985386D-06  0.496191D-03
   74   -0.692724D-06  0.495498D-03
   75   -0.419187D-06  0.495079D-03
   76   -0.146540D-06  0.494933D-03
   77    0.119451D-06  0.495052D-03
   78    0.379166D-06  0.495431D-03
   79    0.632956D-06  0.496064D-03
   80    0.881138D-06  0.496945D-03
   81    0.112401D-05  0.498069D-03
   82    0.136185D-05  0.499431D-03
   83    0.159491D-05  0.501026D-03
   84    0.182345D-05  0.502850D-03
   85    0.204726D-05  0.504897D-03
   86    0.226789D-05  0.507165D-03
   87    0.248420D-05  0.509649D-03
   88    0.269685D-05  0.512346D-03
   89    0.293331D-05  0.515279D-03
   90    0.310894D-05  0.518388D-03
   91    0.331192D-05  0.521700D-03
   92    0.351225D-05  0.525212D-03
   93    0.370960D-05  0.528922D-03
   94    0.393382D-05  0.532856D-03
   95    0.409334D-05  0.536949D-03
   96    0.428344D-05  0.541232D-03
   97    0.450973D-05  0.545742D-03
   98    0.465297D-05  0.550395D-03
   99    0.483690D-05  0.555232D-03
  100    0.501881D-05  0.560251D-03
  101    0.519880D-05  0.565450D-03
  102    0.537695D-05  0.570826D-03
  103    0.555335D-05  0.576380D-03
  104    0.572806D-05  0.582108D-03
  105    0.590116D-05  0.588009D-03
  106    0.607271D-05  0.594082D-03
  107    0.624277D-05  0.600325D-03
  108    0.641139D-05  0.606736D-03
  109    0.657863D-05  0.613315D-03
  110    0.674451D-05  0.620059D-03
  111    0.690869D-05  0.626968D-03
  112    0.707242D-05  0.634040D-03
  113    0.723446D-05  0.641275D-03
  114    0.739527D-05  0.648670D-03
  115    0.755485D-05  0.656225D-03
  116    0.771317D-05  0.663938D-03
  117    0.787033D-05  0.671808D-03
  118    0.802633D-05  0.679835D-03
  119    0.821715D-05  0.688052D-03
  120    0.833100D-05  0.696383D-03
  121    0.848335D-05  0.704866D-03
  122    0.863440D-05  0.713500D-03
  123    0.878486D-05  0.722285D-03
  124    0.893344D-05  0.731219D-03
  125    0.908063D-05  0.740299D-03
  126    0.922639D-05  0.749526D-03
  127    0.937068D-05  0.758896D-03
  128    0.951344D-05  0.768410D-03
  129    0.965464D-05  0.778065D-03
  130    0.979421D-05  0.787859D-03
  131    0.993210D-05  0.797791D-03
  132    0.100682D-04  0.807859D-03
  133    0.102026D-04  0.818062D-03
  134    0.103350D-04  0.828397D-03
  135    0.104655D-04  0.838862D-03
  136    0.105939D-04  0.849456D-03
  137    0.107202D-04  0.860176D-03
  138    0.108443D-04  0.871020D-03
  139    0.109660D-04  0.881986D-03
  140    0.110854D-04  0.893072D-03
  141    0.112023D-04  0.904274D-03
  142    0.113163D-04  0.915591D-03
  143    0.114283D-04  0.927019D-03
  144    0.115371D-04  0.938556D-03
  145    0.116430D-04  0.950199D-03
  146    0.117459D-04  0.961945D-03
  147    0.118456D-04  0.973790D-03
  148    0.119421D-04  0.985732D-03
  149    0.120352D-04  0.997768D-03
  150    0.121249D-04  0.100989D-02
  151    0.122109D-04  0.102210D-02
  152    0.122932D-04  0.103440D-02
  153    0.123716D-04  0.104677D-02
  154    0.124460D-04  0.105921D-02
  155    0.125163D-04  0.107173D-02
  156    0.125825D-04  0.108431D-02
  157    0.126442D-04  0.109696D-02
  158    0.127013D-04  0.110966D-02
  159    0.127539D-04  0.112241D-02
  160    0.128017D-04  0.113521D-02
  161    0.128446D-04  0.114806D-02
  162    0.128824D-04  0.116094D-02
  163    0.129151D-04  0.117386D-02
  164    0.129425D-04  0.118680D-02
  165    0.129644D-04  0.119976D-02
  166    0.129808D-04  0.121274D-02
  167    0.129916D-04  0.122574D-02
  168    0.129965D-04  0.123873D-02
  169    0.129955D-04  0.125173D-02
  170    0.129885D-04  0.126472D-02
  171    0.129753D-04  0.127769D-02
  172    0.129559D-04  0.129065D-02
  173    0.129300D-04  0.130358D-02
  174    0.128977D-04  0.131647D-02
  175    0.128588D-04  0.132933D-02
  176    0.128132D-04  0.134215D-02
  177    0.127567D-04  0.135490D-02
  178    0.127021D-04  0.136761D-02
  179    0.126359D-04  0.138024D-02
  180    0.125627D-04  0.139280D-02
  181    0.124823D-04  0.140529D-02
  182    0.123949D-04  0.141768D-02
  183    0.123002D-04  0.142998D-02
  184    0.121983D-04  0.144218D-02
  185    0.120891D-04  0.145427D-02
  186    0.119718D-04  0.146624D-02
  187    0.119074D-04  0.147815D-02
  188    0.117119D-04  0.148986D-02
  189    0.115541D-04  0.150141D-02
  190    0.114300D-04  0.151284D-02
  191    0.112767D-04  0.152412D-02
  192    0.111162D-04  0.153524D-02
  193    0.109482D-04  0.154619D-02
  194    0.107729D-04  0.155696D-02
  195    0.105904D-04  0.156755D-02
  196    0.104006D-04  0.157795D-02
  197    0.102036D-04  0.158815D-02
  198    0.999962D-05  0.159815D-02
  199    0.978860D-05  0.160794D-02
  200    0.957069D-05  0.161751D-02



                total energy =      -29.99399 Hartree a.u.
              kinetic energy =       11.02734 Hartree a.u.
        electrostatic energy =      -34.40323 Hartree a.u.
                         esr =        0.00180 Hartree a.u.
                       eself =       39.09634 Hartree a.u.
      pseudopotential energy =       -7.89531 Hartree a.u.
  n-l pseudopotential energy =        6.91188 Hartree a.u.
 exchange-correlation energy =       -5.63468 Hartree a.u.
           average potential =        0.00000 Hartree a.u.



   Eigenvalues (eV), kp =   1 , spin =  1

  -29.37  -25.36  -17.73  -15.85  -15.85  -13.24  -13.24

   Empty States Eigenvalues (eV), kp =   1 , spin =  1

   -1.34   -0.01    0.53

   Electronic Gap (eV) =    11.90

 
   Allocated memory (kb) =    189432
 
   CELL_PARAMETERS
   25.00000000    0.00000000    0.00000000
    0.00000000   25.00000000    0.00000000
    0.00000000    0.00000000   25.00000000

   System Density [g/cm^3] :     0.0508


   Center of mass square displacement (a.u.):   0.000000

   ATOMIC_POSITIONS
   Cl   0.000000E+00  0.000000E+00  0.190398E+01
   Cl   0.000000E+00  0.000000E+00 -0.190398E+01
 
   ATOMIC_VELOCITIES
   Cl   0.000000E+00  0.000000E+00  0.000000E+00
   Cl   0.000000E+00  0.000000E+00  0.000000E+00
 


   Partial temperatures (for each ionic specie) 
   Species  Temp (K)   Mean Square Displacement (a.u.)
        1       0.00     0.0000
 
  nfi    ekinc  temph  tempp        etot      enthal       econs       econt    vnhh   xnhh0    vnhp   xnhp0
  360 0.85E-04    0.0    0.0   -29.99399   -29.99399   -29.99399   -29.99391  0.0000  0.0000  0.0000  0.0000    -0.00001

   writing restart file: ./SCRATCH/clorine_194.save
   restart file written in    0.532 sec.



   Averaged Physical Quantities
                      accomulated      this run
   ekinc         :        0.57888       0.00010 (AU)
   ekin          :       12.61275      11.02699 (AU)
   epot          :      -47.73386     -47.93258 (AU)
   total energy  :      -28.21924     -29.99399 (AU)
   temperature   :        0.00000       0.00000 (K )
   enthalpy      :      -28.21924     -29.99399 (AU)
   econs         :      -28.21924     -29.99399 (AU)
   pressure      :        0.00000       0.00000 (Gpa)
   volume        :    15625.00000   15625.00000 (AU)


     initialize   :     2.39s CPU
     total_time   :  1672.61s CPU (       2 calls, 836.304 s avg)
     formf        :     0.10s CPU
     rhoofr       :     0.63s CPU (       2 calls,   0.314 s avg)
     vofrho       :     1.38s CPU (       2 calls,   0.688 s avg)
     dforce       :    66.37s CPU (     808 calls,   0.082 s avg)
     calphi       :     0.24s CPU (     402 calls,   0.001 s avg)
     ortho        :     0.54s CPU (     402 calls,   0.001 s avg)
     ortho_iter   :     0.00s CPU (     402 calls,   0.000 s avg)
     rsg          :     0.00s CPU (     402 calls,   0.000 s avg)
     rhoset       :     0.27s CPU (     402 calls,   0.001 s avg)
     updatc       :     0.38s CPU (     402 calls,   0.001 s avg)
     newd         :     0.00s CPU (       2 calls,   0.000 s avg)
     calbec       :     0.01s CPU (       3 calls,   0.004 s avg)
     prefor       :     0.00s CPU (       5 calls,   0.001 s avg)
     strucf       :     0.00s CPU
     nlsm1        :     1.00s CPU (    1211 calls,   0.001 s avg)
     fft          :   360.58s CPU (    4870 calls,   0.074 s avg)
     ffts         :     0.28s CPU (       4 calls,   0.070 s avg)
     fftw         :    58.73s CPU (    1624 calls,   0.036 s avg)
     cft3s        :   419.58s CPU (    6498 calls,   0.065 s avg)
     fft_scatter  :   131.04s CPU (    6498 calls,   0.020 s avg)
     nksic_drv    :  1466.40s CPU (     402 calls,   3.648 s avg)
     nksic_orbrho :    67.68s CPU (     808 calls,   0.084 s avg)
     nksic_rhoref :    22.34s CPU (    1214 calls,   0.018 s avg)
     nksic_eforce :   127.84s CPU (     808 calls,   0.158 s avg)
     nksic_corr   :  1341.34s CPU (    1214 calls,   1.105 s avg)
     nksic_corr_h :   232.37s CPU (    1214 calls,   0.191 s avg)
     nksic_corr_v :   443.73s CPU (    1214 calls,   0.366 s avg)
     nksic_corr_f :   653.32s CPU (    1214 calls,   0.538 s avg)
 
 
     CP           : 27m55.51s CPU time,    27m58.26s wall time

 
   This run was terminated on:  12:48:19  10Dec2010            

=------------------------------------------------------------------------------=
   JOB DONE.
=------------------------------------------------------------------------------=
