=------------------------------------------------------------------------------=

     CP: variable-cell Car-Parrinello molecular dynamics
     using norm-conserving and ultrasoft Vanderbilt pseudopotentials

     Version: 4.1 - Mon Dec 13 15:39:43 EST 2010                          
     Authors: Alfredo Pasquarello, Kari Laasonen, Andrea Trave, Roberto Car,
       Paolo Giannozzi, Nicola Marzari, Carlo Cavazzoni, Guido Chiarotti,
       Sandro Scandolo, Paolo Focher, Gerardo Ballabio, and others

=------------------------------------------------------------------------------=

   This run was started on:  16:26:53  14Dec2010               

   MPI Parallel Build
   Tasks =    6  This task id =    0

   Job Title: MD Simulation


   Atomic Pseudopotentials Parameters
   ----------------------------------

   Reading pseudopotential for specie #  1 from file :
   ../../pseudo/Cl.pz-bhs.UPF
   file type is 20: UPF


   Main Simulation Parameters (from input)
   ---------------------------------------
   Restart Mode       =       1   restart        
   Number of MD Steps =       1
   Print out every            1 MD Steps
   Reads from unit    =      97
   Writes to unit     =     197
   MD Simulation time step            =       3.00
   Electronic fictitious mass (emass) =    1000.00
   emass cut-off                      =       3.00

   Simulation Cell Parameters (from input)
   external pressure       =            0.00 [GPa]
   wmass (calculated)      =         9821.27 [AU]
   ibrav =    1
   alat  =    20.00000000
   a1    =    20.00000000    0.00000000    0.00000000
   a2    =     0.00000000   20.00000000    0.00000000
   a3    =     0.00000000    0.00000000   20.00000000
 
   b1    =     0.05000000    0.00000000    0.00000000
   b2    =     0.00000000    0.05000000    0.00000000
   b3    =     0.00000000    0.00000000    0.05000000
   omega =  8000.00000000

   Energy Cut-offs
   ---------------
   Ecutwfc =   50.0 Ry,      Ecutrho =  200.0 Ry,      Ecuts =  200.0 Ry
   Gcutwfc =   22.5     ,    Gcutrho =   45.0          Gcuts =   45.0
   NOTA BENE: refg, mmx =   0.050000  8000
   Eigenvalues calculated without the kinetic term contribution
   Orthog. with lagrange multipliers : eps =   0.10E-07,  max = 500
   verlet algorithm for electron dynamics
   with friction frice =  0.0500 , grease =  1.0000
   Electron dynamics : the temperature is not controlled

   Electronic states
   -----------------
   Number of Electron =    14, of States =     7
   Occupation numbers :
   2.00 2.00 2.00 2.00 2.00 2.00 2.00


   Empty states minimization
   --------------------------
      states =        3
     maxiter =      140
        ethr = 0.1000D-04


   Exchange and correlations functionals
   -------------------------------------
   Using Local Density Approximation with
     Exchange functional: SLATER                                                      
     Correlation functional: PERDEW AND ZUNGER                                           
     Exchange-correlation      =  SLA  PZ   NOGX NOGC (1100)


   Ions Simulation Parameters
   --------------------------
   Ions are not allowed to move
   Ionic position (from input)
   sorted by specie, and converted to real a.u. coordinates
   Species   1 atoms =    2 mass =     64621.40 (a.u.),        35.45 (amu) rcmax =   1.00 (a.u.)
        0.000000     0.000000     1.903977
        0.000000     0.000000    -1.903977
   Ionic position will be re-read from restart file


   Cell Dynamics Parameters (from STDIN)
   -------------------------------------
   Starting cell generated from CELLDM
   Cell parameters will be re-read from restart file
   Constant VOLUME Molecular dynamics
   cell parameters are not allowed to move

   Verbosity: iprsta =  1



   Simulation dimensions initialization
   ------------------------------------

   unit vectors of full simulation cell
   in real space:                         in reciprocal space (units 2pi/alat):
   1    20.0000    0.0000    0.0000              1.0000    0.0000    0.0000
   2     0.0000   20.0000    0.0000              0.0000    1.0000    0.0000
   3     0.0000    0.0000   20.0000              0.0000    0.0000    1.0000
 
   Stick Mesh
   ----------
   nst =  3185,  nstw =   799, nsts =  3185
        PEs    n.st   n.stw   n.sts    n.g    n.gw   n.gs
          1    1063     265    1063   63721    7973   63721
          2    1060     266    1060   63720    7974   63720
          3    1060     268    1060   63720    7976   63720
          4    1060     266    1060   63720    7970   63720
          5    1062     266    1062   63722    7970   63722
          6    1064     266    1064   63720    7970   63720
          0    6369    1597    6369  382323   47833  382323
 
 
   Real Mesh
   ---------
   Global Dimensions   Local  Dimensions   Processor Grid
   .X.   .Y.   .Z.     .X.   .Y.   .Z.     .X.   .Y.   .Z.
    96    96    96      96    96    16       1     1     6
   Array leading dimensions ( nr1x, nr2x, nr3x )   =     96    96    96
   Local number of cell to store the grid ( nnrx ) =     147456
   Number of x-y planes for each processors: 
   nr3l =    16   16   16   16   16   16
 
   Smooth Real Mesh
   ----------------
   Global Dimensions   Local  Dimensions   Processor Grid
   .X.   .Y.   .Z.     .X.   .Y.   .Z.     .X.   .Y.   .Z.
    96    96    96      96    96    16       1     1     6
   Array leading dimensions ( nr1x, nr2x, nr3x )   =     96    96    96
   Local number of cell to store the grid ( nnrx ) =     147456
   Number of x-y planes for each processors: 
   nr3sl =    16   16   16   16   16   16
 
   Reciprocal Space Mesh
   ---------------------
                Large Mesh
   PE   Global(ngmt)     Local(ngm) MaxLocal(ngmx)
    1         191162          31861          31861
    2         191162          31860          31861
    3         191162          31860          31861
    4         191162          31860          31861
    5         191162          31861          31861
    6         191162          31860          31861
                Smooth Mesh
   PE   Global(ngst)     Local(ngs) MaxLocal(ngsx)
    1         191162          31861          31861
    2         191162          31860          31861
    3         191162          31860          31861
    4         191162          31860          31861
    5         191162          31861          31861
    6         191162          31860          31861
                Wave function Mesh
   PE   Global(ngwt)     Local(ngw) MaxLocal(ngwx)
    1          23917           3987           3988
    2          23917           3987           3988
    3          23917           3988           3988
    4          23917           3985           3988
    5          23917           3985           3988
    6          23917           3985           3988


   System geometry initialization
   ------------------------------
 
   Scaled positions from standard input
   Cl   0.000000E+00  0.000000E+00  0.951988E-01
   Cl   0.000000E+00  0.000000E+00 -0.951988E-01
   ibrav =    1       cell parameters 

      20.00000       0.00000       0.00000
       0.00000      20.00000       0.00000
       0.00000       0.00000      20.00000
 

   Matrix Multiplication Performances
   ortho mmul, time for parallel driver      =   0.00001 with    4 procs

   Constraints matrixes will be distributed block like on
   ortho sub-group =    2*   2 procs


   Diagonalization Performances
   ortho diag, time for serial   driver =   0.06903
   ortho diag, time for parallel driver =   0.00020 with    4 procs


   Pseudopotentials initialization
   -------------------------------


   Common initialization

   Specie:     1
   1  indv=  1   ang. mom=  0
   2  indv=  2   ang. mom=  1
   3  indv=  2   ang. mom=  1
   4  indv=  2   ang. mom=  1
 
                        dion 
   0.3320   0.0000
   0.0000   0.6374
 
   Short Legend and Physical Units in the Output
   ---------------------------------------------
   NFI    [int]          - step index
   EKINC  [HARTREE A.U.] - kinetic energy of the fictitious electronic dynamics
   TEMPH  [K]            - Temperature of the fictitious cell dynamics
   TEMP   [K]            - Ionic temperature
   ETOT   [HARTREE A.U.] - Scf total energy (Kohn-Sham hamiltonian)
   ENTHAL [HARTREE A.U.] - Enthalpy ( ETOT + P * V )
   ECONS  [HARTREE A.U.] - Enthalpy + kinetic energy of ions and cell
   ECONT  [HARTREE A.U.] - Constant of motion for the CP lagrangian
 

   f_cutoff =  0.1000
   do_spinsym   =    F

   Warning XC functionals forced to be: pbe0                          
   HF scaling factor =  0.2500
            f_cutoff =  0.1000
       dft_is_hybrid =     T
   EE with periodic-image correction method = tcc                 

   reading restart file: ./SCRATCH/clorine_97.save
   restart file read in    0.043 sec.

 nprint_nfi=           -2
 nprint_nfi=          551

   formf: eself=  39.09634
   formf:     vps(g=0)=  -0.0025842     rhops(g=0)=  -0.0008750
   formf: sum_g vps(g)=  -1.7047711 sum_g rhops(g)=  -0.6289924
   Delta V(G=0):   0.005498Ry,    0.149602eV

 * Physical Quantities at step:   552

   Empty states minimization starting 
   nfi         dekinc         ekinc
    1    0.143153D-01  0.143153D-01
    2   -0.138855D-01  0.429809D-03
    3    0.442260D-03  0.872069D-03
    4    0.524382D-03  0.139645D-02
    5    0.566527D-03  0.196298D-02
    6    0.577157D-03  0.254014D-02
    7    0.563563D-03  0.310370D-02
    8    0.532000D-03  0.363570D-02
    9    0.487759D-03  0.412346D-02
   10    0.435237D-03  0.455869D-02
   11    0.378017D-03  0.493671D-02
   12    0.318947D-03  0.525566D-02
   13    0.260227D-03  0.551589D-02
   14    0.203490D-03  0.571938D-02
   15    0.149894D-03  0.586927D-02
   16    0.100198D-03  0.596947D-02
   17    0.548458D-04  0.602431D-02
   18    0.140294D-04  0.603834D-02
   19   -0.222431D-04  0.601610D-02
   20   -0.540965D-04  0.596200D-02
   21   -0.817434D-04  0.588026D-02
   22   -0.105450D-03  0.577481D-02
   23   -0.125508D-03  0.564930D-02
   24   -0.142217D-03  0.550709D-02
   25   -0.155871D-03  0.535122D-02
   26   -0.166751D-03  0.518446D-02
   27   -0.175121D-03  0.500934D-02
   28   -0.181229D-03  0.482811D-02
   29   -0.185303D-03  0.464281D-02
   30   -0.187558D-03  0.445525D-02
   31   -0.188198D-03  0.426706D-02
   32   -0.187412D-03  0.407964D-02
   33   -0.185383D-03  0.389426D-02
   34   -0.182282D-03  0.371198D-02
   35   -0.178274D-03  0.353370D-02
   36   -0.173512D-03  0.336019D-02
   37   -0.168141D-03  0.319205D-02
   38   -0.162297D-03  0.302975D-02
   39   -0.156102D-03  0.287365D-02
   40   -0.149666D-03  0.272399D-02
   41   -0.143088D-03  0.258090D-02
   42   -0.136453D-03  0.244445D-02
   43   -0.129834D-03  0.231461D-02
   44   -0.123292D-03  0.219132D-02
   45   -0.116874D-03  0.207445D-02
   46   -0.110620D-03  0.196383D-02
   47   -0.104559D-03  0.185927D-02
   48   -0.987119D-04  0.176055D-02
   49   -0.930927D-04  0.166746D-02
   50   -0.877104D-04  0.157975D-02
   51   -0.825690D-04  0.149718D-02
   52   -0.776697D-04  0.141951D-02
   53   -0.730106D-04  0.134650D-02
   54   -0.685883D-04  0.127791D-02
   55   -0.643979D-04  0.121352D-02
   56   -0.604339D-04  0.115308D-02
   57   -0.566900D-04  0.109639D-02
   58   -0.531595D-04  0.104323D-02
   59   -0.498355D-04  0.993397D-03
   60   -0.467108D-04  0.946686D-03
   61   -0.437781D-04  0.902908D-03
   62   -0.410298D-04  0.861879D-03
   63   -0.384582D-04  0.823420D-03
   64   -0.360554D-04  0.787365D-03
   65   -0.338133D-04  0.753552D-03
   66   -0.317237D-04  0.721828D-03
   67   -0.297786D-04  0.692049D-03
   68   -0.279695D-04  0.664080D-03
   69   -0.262884D-04  0.637791D-03
   70   -0.247272D-04  0.613064D-03
   71   -0.232781D-04  0.589786D-03
   72   -0.219334D-04  0.567853D-03
   73   -0.206857D-04  0.547167D-03
   74   -0.195281D-04  0.527639D-03
   75   -0.184539D-04  0.509185D-03
   76   -0.174568D-04  0.491728D-03
   77   -0.165309D-04  0.475197D-03
   78   -0.156707D-04  0.459527D-03
   79   -0.148711D-04  0.444656D-03
   80   -0.141273D-04  0.430528D-03
   81   -0.134350D-04  0.417093D-03
   82   -0.127900D-04  0.404303D-03
   83   -0.121886D-04  0.392115D-03
   84   -0.116274D-04  0.380487D-03
   85   -0.111033D-04  0.369384D-03
   86   -0.106134D-04  0.358771D-03
   87   -0.101549D-04  0.348616D-03
   88   -0.972548D-05  0.338890D-03
   89   -0.932292D-05  0.329567D-03
   90   -0.894516D-05  0.320622D-03
   91   -0.859034D-05  0.312032D-03
   92   -0.825675D-05  0.303775D-03
   93   -0.794281D-05  0.295832D-03
   94   -0.764710D-05  0.288185D-03
   95   -0.736830D-05  0.280817D-03
   96   -0.710519D-05  0.273712D-03
   97   -0.685666D-05  0.266855D-03
   98   -0.662167D-05  0.260233D-03
   99   -0.639928D-05  0.253834D-03
  100   -0.618861D-05  0.247645D-03
  101   -0.598883D-05  0.241657D-03
  102   -0.579920D-05  0.235857D-03
  103   -0.561900D-05  0.230238D-03
  104   -0.544760D-05  0.224791D-03
  105   -0.528438D-05  0.219506D-03
  106   -0.512879D-05  0.214378D-03
  107   -0.498030D-05  0.209397D-03
  108   -0.483843D-05  0.204559D-03
  109   -0.470274D-05  0.199856D-03
  110   -0.457281D-05  0.195283D-03
  111   -0.444826D-05  0.190835D-03
  112   -0.432874D-05  0.186506D-03
  113   -0.421393D-05  0.182292D-03
  114   -0.410353D-05  0.178189D-03
  115   -0.399727D-05  0.174192D-03
  116   -0.389490D-05  0.170297D-03
  117   -0.379618D-05  0.166500D-03
  118   -0.370091D-05  0.162800D-03
  119   -0.360888D-05  0.159191D-03
  120   -0.351991D-05  0.155671D-03
  121   -0.343385D-05  0.152237D-03
  122   -0.335054D-05  0.148886D-03
  123   -0.326983D-05  0.145617D-03
  124   -0.319161D-05  0.142425D-03
  125   -0.311573D-05  0.139309D-03
  126   -0.304210D-05  0.136267D-03
  127   -0.297062D-05  0.133296D-03
  128   -0.290118D-05  0.130395D-03
  129   -0.283369D-05  0.127562D-03
  130   -0.276808D-05  0.124794D-03
  131   -0.270426D-05  0.122089D-03
  132   -0.264217D-05  0.119447D-03
  133   -0.258173D-05  0.116865D-03
  134   -0.252289D-05  0.114342D-03
  135   -0.246559D-05  0.111877D-03
  136   -0.240976D-05  0.109467D-03
  137   -0.235536D-05  0.107112D-03
  138   -0.230234D-05  0.104809D-03
  139   -0.225066D-05  0.102559D-03
  140   -0.220026D-05  0.100359D-03



                total energy =      -34.09042 Hartree a.u.
              kinetic energy =       11.11723 Hartree a.u.
        electrostatic energy =      -34.43963 Hartree a.u.
                         esr =        0.00180 Hartree a.u.
                       eself =       39.09634 Hartree a.u.
      pseudopotential energy =       -7.91742 Hartree a.u.
  n-l pseudopotential energy =        6.91422 Hartree a.u.
 exchange-correlation energy =       -4.45342 Hartree a.u.
           average potential =        0.00000 Hartree a.u.



   Eigenvalues (eV), kp =   1 , spin =  1

  -26.18  -21.82  -13.29  -11.55  -11.55   -8.82   -8.82

   Empty States Eigenvalues (eV), kp =   1 , spin =  1

   -3.48   -0.20    1.10

   Electronic Gap (eV) =     5.34

 
   Allocated memory (kb) =     51580
 
   CELL_PARAMETERS
   20.00000000    0.00000000    0.00000000
    0.00000000   20.00000000    0.00000000
    0.00000000    0.00000000   20.00000000

   System Density [g/cm^3] :     0.0993


   Center of mass square displacement (a.u.):   0.000000

   ATOMIC_POSITIONS
   Cl   0.000000E+00  0.000000E+00  0.190398E+01
   Cl   0.000000E+00  0.000000E+00 -0.190398E+01
 
   ATOMIC_VELOCITIES
   Cl   0.000000E+00  0.000000E+00  0.000000E+00
   Cl   0.000000E+00  0.000000E+00  0.000000E+00
 


   Partial temperatures (for each ionic specie) 
   Species  Temp (K)   Mean Square Displacement (a.u.)
        1       0.00     0.0000
 
  nfi    ekinc  temph  tempp        etot      enthal       econs       econt    vnhh   xnhh0    vnhp   xnhp0
  552 0.17E-05    0.0    0.0   -34.09042   -34.09042   -34.09042   -34.09042  0.0000  0.0000  0.0000  0.0000     0.00000

   writing restart file: ./SCRATCH/clorine_197.save
   restart file written in    0.098 sec.



   Averaged Physical Quantities
                      accomulated      this run
   ekinc         :        0.26665       0.00000 (AU)
   ekin          :       11.68671      11.11723 (AU)
   epot          :      -47.04775     -46.81047 (AU)
   total energy  :      -29.98510     -34.09042 (AU)
   temperature   :        0.00000       0.00000 (K )
   enthalpy      :      -29.98510     -34.09042 (AU)
   econs         :      -29.98510     -34.09042 (AU)
   pressure      :        0.00000       0.00000 (Gpa)
   volume        :     8000.00000    8000.00000 (AU)


     initialize   :     1.14s CPU
     total_time   :   209.08s CPU
     formf        :     0.05s CPU
     rhoofr       :     0.08s CPU
     vofrho       :     0.29s CPU
     dforce       :     5.48s CPU (     284 calls,   0.019 s avg)
     calphi       :     0.02s CPU (     141 calls,   0.000 s avg)
     ortho        :     0.04s CPU (     141 calls,   0.000 s avg)
     ortho_iter   :     0.00s CPU (     141 calls,   0.000 s avg)
     rsg          :     0.00s CPU (     141 calls,   0.000 s avg)
     rhoset       :     0.02s CPU (     141 calls,   0.000 s avg)
     updatc       :     0.03s CPU (     141 calls,   0.000 s avg)
     newd         :     0.00s CPU
     calbec       :     0.00s CPU (       2 calls,   0.000 s avg)
     prefor       :     0.00s CPU (       3 calls,   0.000 s avg)
     strucf       :     0.00s CPU
     nlsm1        :     0.06s CPU (     426 calls,   0.000 s avg)
     fft          :   120.34s CPU (    6848 calls,   0.018 s avg)
     ffts         :     0.03s CPU (       2 calls,   0.016 s avg)
     fftw         :    38.71s CPU (    4415 calls,   0.009 s avg)
     cft3s        :   159.06s CPU (   11265 calls,   0.014 s avg)
     fft_scatter  :    66.96s CPU (   11265 calls,   0.006 s avg)
 
 
     CP           :  3m30.31s CPU time,     3m31.82s wall time

 
   This run was terminated on:  16:30:25  14Dec2010            

=------------------------------------------------------------------------------=
   JOB DONE.
=------------------------------------------------------------------------------=
