=------------------------------------------------------------------------------=

     CP: variable-cell Car-Parrinello molecular dynamics
     using norm-conserving and ultrasoft Vanderbilt pseudopotentials

     Version: 4.1 - Wed Dec 8 14:15:08 EST 2010                           
     Authors: Alfredo Pasquarello, Kari Laasonen, Andrea Trave, Roberto Car,
       Paolo Giannozzi, Nicola Marzari, Carlo Cavazzoni, Guido Chiarotti,
       Sandro Scandolo, Paolo Focher, Gerardo Ballabio, and others

=------------------------------------------------------------------------------=

   This run was started on:  18:18:37   8Dec2010               

   MPI Parallel Build
   Tasks =    6  This task id =    0

   Job Title: MD Simulation


   Atomic Pseudopotentials Parameters
   ----------------------------------

   Reading pseudopotential for specie #  1 from file :
   ../../pseudo/Cl.pz-bhs.UPF
   file type is 20: UPF


   Main Simulation Parameters (from input)
   ---------------------------------------
   Restart Mode       =       1   restart        
   Number of MD Steps =     100
   Print out every            1 MD Steps
   Reads from unit    =      94
   Writes to unit     =      95
   MD Simulation time step            =      15.00
   Electronic fictitious mass (emass) =    1000.00
   emass cut-off                      =       3.00

   Simulation Cell Parameters (from input)
   external pressure       =            0.00 [GPa]
   wmass (calculated)      =         9821.27 [AU]
   ibrav =    1
   alat  =    25.00000000
   a1    =    25.00000000    0.00000000    0.00000000
   a2    =     0.00000000   25.00000000    0.00000000
   a3    =     0.00000000    0.00000000   25.00000000
 
   b1    =     0.04000000    0.00000000    0.00000000
   b2    =     0.00000000    0.04000000    0.00000000
   b3    =     0.00000000    0.00000000    0.04000000
   omega = 15625.00000000

   Energy Cut-offs
   ---------------
   Ecutwfc =   80.0 Ry,      Ecutrho =  320.0 Ry,      Ecuts =  320.0 Ry
   Gcutwfc =   35.6     ,    Gcutrho =   71.2          Gcuts =   71.2
   NOTA BENE: refg, mmx =   0.050000 12800
   Eigenvalues calculated without the kinetic term contribution
   Orthog. with lagrange multipliers : eps =   0.10E-07,  max = 500
   verlet algorithm for electron dynamics
   with friction frice =  0.0500 , grease =  1.0000
   Electron dynamics : the temperature is not controlled

   Electronic states
   -----------------
   Number of Electron =    14, of States =     7
   Occupation numbers :
   2.00 2.00 2.00 2.00 2.00 2.00 2.00


   Exchange and correlations functionals
   -------------------------------------
   Using Local Density Approximation with
     Exchange functional: SLATER                                                      
     Correlation functional: PERDEW AND ZUNGER                                           
     Exchange-correlation      =  SLA  PZ   NOGX NOGC (1100)


   Ions Simulation Parameters
   --------------------------
   Ions are not allowed to move
   Ionic position (from input)
   sorted by specie, and converted to real a.u. coordinates
   Species   1 atoms =    2 mass =     64621.40 (a.u.),        35.45 (amu) rcmax =   1.00 (a.u.)
        0.000000     0.000000     1.903977
        0.000000     0.000000    -1.903977
   Ionic position will be re-read from restart file


   Cell Dynamics Parameters (from STDIN)
   -------------------------------------
   Starting cell generated from CELLDM
   Cell parameters will be re-read from restart file
   Constant VOLUME Molecular dynamics
   cell parameters are not allowed to move

   Verbosity: iprsta =  1



   Simulation dimensions initialization
   ------------------------------------

   unit vectors of full simulation cell
   in real space:                         in reciprocal space (units 2pi/alat):
   1    25.0000    0.0000    0.0000              1.0000    0.0000    0.0000
   2     0.0000   25.0000    0.0000              0.0000    1.0000    0.0000
   3     0.0000    0.0000   25.0000              0.0000    0.0000    1.0000
 
   Stick Mesh
   ----------
   nst =  7967,  nstw =  1993, nsts =  7967
        PEs    n.st   n.stw   n.sts    n.g    n.gw   n.gs
          1    2654     664    2654  251806   31508  251806
          2    2654     664    2654  251806   31508  251806
          3    2654     664    2654  251806   31508  251806
          4    2658     666    2658  251806   31514  251806
          5    2655     663    2655  251805   31505  251805
          6    2658     664    2658  251806   31504  251806
          0   15933    3985   15933 1510835  189047 1510835
 
 
   Real Mesh
   ---------
   Global Dimensions   Local  Dimensions   Processor Grid
   .X.   .Y.   .Z.     .X.   .Y.   .Z.     .X.   .Y.   .Z.
   144   144   144     144   144    24       1     1     6
   Array leading dimensions ( nr1x, nr2x, nr3x )   =    144   144   144
   Local number of cell to store the grid ( nnrx ) =     497664
   Number of x-y planes for each processors: 
   nr3l =    24   24   24   24   24   24
 
   Smooth Real Mesh
   ----------------
   Global Dimensions   Local  Dimensions   Processor Grid
   .X.   .Y.   .Z.     .X.   .Y.   .Z.     .X.   .Y.   .Z.
   144   144   144     144   144    24       1     1     6
   Array leading dimensions ( nr1x, nr2x, nr3x )   =    144   144   144
   Local number of cell to store the grid ( nnrx ) =     497664
   Number of x-y planes for each processors: 
   nr3sl =    24   24   24   24   24   24
 
   Reciprocal Space Mesh
   ---------------------
                Large Mesh
   PE   Global(ngmt)     Local(ngm) MaxLocal(ngmx)
    1         755418         125903         125903
    2         755418         125903         125903
    3         755418         125903         125903
    4         755418         125903         125903
    5         755418         125903         125903
    6         755418         125903         125903
                Smooth Mesh
   PE   Global(ngst)     Local(ngs) MaxLocal(ngsx)
    1         755418         125903         125903
    2         755418         125903         125903
    3         755418         125903         125903
    4         755418         125903         125903
    5         755418         125903         125903
    6         755418         125903         125903
                Wave function Mesh
   PE   Global(ngwt)     Local(ngw) MaxLocal(ngwx)
    1          94524          15754          15757
    2          94524          15754          15757
    3          94524          15754          15757
    4          94524          15757          15757
    5          94524          15753          15757
    6          94524          15752          15757


   System geometry initialization
   ------------------------------
 
   Scaled positions from standard input
   Cl   0.000000E+00  0.000000E+00  0.761591E-01
   Cl   0.000000E+00  0.000000E+00 -0.761591E-01
   ibrav =    1       cell parameters 

      25.00000       0.00000       0.00000
       0.00000      25.00000       0.00000
       0.00000       0.00000      25.00000
 

   Matrix Multiplication Performances
   ortho mmul, time for parallel driver      =   0.00001 with    4 procs

   Constraints matrixes will be distributed block like on
   ortho sub-group =    2*   2 procs


   Diagonalization Performances
   ortho diag, time for serial   driver =   0.04243
   ortho diag, time for parallel driver =   0.00019 with    4 procs


   Pseudopotentials initialization
   -------------------------------


   Common initialization

   Specie:     1
   1  indv=  1   ang. mom=  0
   2  indv=  2   ang. mom=  1
   3  indv=  2   ang. mom=  1
   4  indv=  2   ang. mom=  1
 
                        dion 
   0.3320   0.0000
   0.0000   0.6374
 
   Short Legend and Physical Units in the Output
   ---------------------------------------------
   NFI    [int]          - step index
   EKINC  [HARTREE A.U.] - kinetic energy of the fictitious electronic dynamics
   TEMPH  [K]            - Temperature of the fictitious cell dynamics
   TEMP   [K]            - Ionic temperature
   ETOT   [HARTREE A.U.] - Scf total energy (Kohn-Sham hamiltonian)
   ENTHAL [HARTREE A.U.] - Enthalpy ( ETOT + P * V )
   ECONS  [HARTREE A.U.] - Enthalpy + kinetic energy of ions and cell
   ECONT  [HARTREE A.U.] - Constant of motion for the CP lagrangian
 
   PZ sic =    T

   rhothr =  0.1E-11
   NK memusage =     64.207 MB


   f_cutoff =  0.1000
   do_spinsym   =    F
   EE with periodic-image correction method = tcc                 

   reading restart file: ./SCRATCH/clorine_94.save
   restart file read in    0.071 sec.

 nprint_nfi=           -2
 nprint_nfi=          355

   formf: eself=  39.09634
   formf:     vps(g=0)=  -0.0013111     rhops(g=0)=  -0.0004410
   formf: sum_g vps(g)=  -1.5988328 sum_g rhops(g)=  -0.6287789
   Delta V(G=0):   0.002815Ry,    0.076596eV
 
  nfi    ekinc  temph  tempp        etot      enthal       econs       econt    vnhh   xnhh0    vnhp   xnhp0
  356 0.49E-03    0.0    0.0   -29.99434   -29.99434   -29.99434   -29.99385  0.0000  0.0000  0.0000  0.0000    -0.00001
  357 0.19E-02    0.0    0.0   -30.18298   -30.18298   -30.18298   -30.18108  0.0000  0.0000  0.0000  0.0000    -0.00001
  358 0.34E-02    0.0    0.0   -30.18441   -30.18441   -30.18441   -30.18100  0.0000  0.0000  0.0000  0.0000    -0.00001
  359 0.39E-02    0.0    0.0   -30.18575   -30.18575   -30.18575   -30.18183  0.0000  0.0000  0.0000  0.0000    -0.00001

 * Physical Quantities at step:   360

   from rhoofr: total integrated electronic density
   in g-space =   14.000000   in r-space =  14.000000


                total energy =      -30.18641 Hartree a.u.
              kinetic energy =       11.14103 Hartree a.u.
        electrostatic energy =      -34.48495 Hartree a.u.
                         esr =        0.00180 Hartree a.u.
                       eself =       39.09634 Hartree a.u.
      pseudopotential energy =       -8.02961 Hartree a.u.
  n-l pseudopotential energy =        7.07093 Hartree a.u.
 exchange-correlation energy =       -5.67405 Hartree a.u.
           average potential =        0.00000 Hartree a.u.



   Eigenvalues (eV), kp =   1 , spin =  1

  -30.44  -26.35  -17.42  -15.95  -15.94  -13.28  -13.28
 
   Allocated memory (kb) =    214720
 
   CELL_PARAMETERS
   25.00000000    0.00000000    0.00000000
    0.00000000   25.00000000    0.00000000
    0.00000000    0.00000000   25.00000000

   System Density [g/cm^3] :     0.0508


   Center of mass square displacement (a.u.):   0.000000

   ATOMIC_POSITIONS
   Cl   0.000000E+00  0.000000E+00  0.190398E+01
   Cl   0.000000E+00  0.000000E+00 -0.190398E+01
 
   ATOMIC_VELOCITIES
   Cl   0.000000E+00  0.000000E+00  0.000000E+00
   Cl   0.000000E+00  0.000000E+00  0.000000E+00
 


   Partial temperatures (for each ionic specie) 
   Species  Temp (K)   Mean Square Displacement (a.u.)
        1       0.00     0.0000
 
  nfi    ekinc  temph  tempp        etot      enthal       econs       econt    vnhh   xnhh0    vnhp   xnhp0
  360 0.34E-02    0.0    0.0   -30.18641   -30.18641   -30.18641   -30.18305  0.0000  0.0000  0.0000  0.0000    -0.00001
  361 0.24E-02    0.0    0.0   -30.18719   -30.18719   -30.18719   -30.18480  0.0000  0.0000  0.0000  0.0000    -0.00001
  362 0.16E-02    0.0    0.0   -30.18889   -30.18889   -30.18889   -30.18726  0.0000  0.0000  0.0000  0.0000    -0.00001
  363 0.13E-02    0.0    0.0   -30.19140   -30.19140   -30.19140   -30.19013  0.0000  0.0000  0.0000  0.0000    -0.00001
  364 0.12E-02    0.0    0.0   -30.19394   -30.19394   -30.19394   -30.19279  0.0000  0.0000  0.0000  0.0000    -0.00001
  365 0.11E-02    0.0    0.0   -30.19577   -30.19577   -30.19577   -30.19469  0.0000  0.0000  0.0000  0.0000    -0.00001
  366 0.10E-02    0.0    0.0   -30.19670   -30.19670   -30.19670   -30.19569  0.0000  0.0000  0.0000  0.0000    -0.00001
  367 0.95E-03    0.0    0.0   -30.19690   -30.19690   -30.19690   -30.19595  0.0000  0.0000  0.0000  0.0000    -0.00001
  368 0.94E-03    0.0    0.0   -30.19668   -30.19668   -30.19668   -30.19574  0.0000  0.0000  0.0000  0.0000    -0.00001
  369 0.93E-03    0.0    0.0   -30.19625   -30.19625   -30.19625   -30.19532  0.0000  0.0000  0.0000  0.0000    -0.00001

 * Physical Quantities at step:   370

   from rhoofr: total integrated electronic density
   in g-space =   14.000000   in r-space =  14.000000


                total energy =      -30.19578 Hartree a.u.
              kinetic energy =       11.11768 Hartree a.u.
        electrostatic energy =      -34.45741 Hartree a.u.
                         esr =        0.00180 Hartree a.u.
                       eself =       39.09634 Hartree a.u.
      pseudopotential energy =       -7.97839 Hartree a.u.
  n-l pseudopotential energy =        7.00324 Hartree a.u.
 exchange-correlation energy =       -5.66506 Hartree a.u.
           average potential =        0.00000 Hartree a.u.



   Eigenvalues (eV), kp =   1 , spin =  1

  -30.58  -26.46  -17.60  -15.99  -15.99  -13.35  -13.35
 
   Allocated memory (kb) =    214720
 
   CELL_PARAMETERS
   25.00000000    0.00000000    0.00000000
    0.00000000   25.00000000    0.00000000
    0.00000000    0.00000000   25.00000000

   System Density [g/cm^3] :     0.0508


   Center of mass square displacement (a.u.):   0.000000

   ATOMIC_POSITIONS
   Cl   0.000000E+00  0.000000E+00  0.190398E+01
   Cl   0.000000E+00  0.000000E+00 -0.190398E+01
 
   ATOMIC_VELOCITIES
   Cl   0.000000E+00  0.000000E+00  0.000000E+00
   Cl   0.000000E+00  0.000000E+00  0.000000E+00
 


   Partial temperatures (for each ionic specie) 
   Species  Temp (K)   Mean Square Displacement (a.u.)
        1       0.00     0.0000
 
  nfi    ekinc  temph  tempp        etot      enthal       econs       econt    vnhh   xnhh0    vnhp   xnhp0
  370 0.89E-03    0.0    0.0   -30.19578   -30.19578   -30.19578   -30.19489  0.0000  0.0000  0.0000  0.0000    -0.00001
  371 0.83E-03    0.0    0.0   -30.19544   -30.19544   -30.19544   -30.19461  0.0000  0.0000  0.0000  0.0000    -0.00001
  372 0.77E-03    0.0    0.0   -30.19531   -30.19531   -30.19531   -30.19454  0.0000  0.0000  0.0000  0.0000    -0.00001
  373 0.70E-03    0.0    0.0   -30.19535   -30.19535   -30.19535   -30.19465  0.0000  0.0000  0.0000  0.0000    -0.00001
  374 0.59E-03    0.0    0.0   -30.19541   -30.19541   -30.19541   -30.19482  0.0000  0.0000  0.0000  0.0000    -0.00001
  375 0.46E-03    0.0    0.0   -30.19540   -30.19540   -30.19540   -30.19494  0.0000  0.0000  0.0000  0.0000    -0.00001
  376 0.33E-03    0.0    0.0   -30.19531   -30.19531   -30.19531   -30.19498  0.0000  0.0000  0.0000  0.0000    -0.00001
  377 0.25E-03    0.0    0.0   -30.19522   -30.19522   -30.19522   -30.19497  0.0000  0.0000  0.0000  0.0000    -0.00001
  378 0.24E-03    0.0    0.0   -30.19521   -30.19521   -30.19521   -30.19497  0.0000  0.0000  0.0000  0.0000    -0.00001
  379 0.28E-03    0.0    0.0   -30.19529   -30.19529   -30.19529   -30.19501  0.0000  0.0000  0.0000  0.0000    -0.00001

 * Physical Quantities at step:   380

   from rhoofr: total integrated electronic density
   in g-space =   14.000000   in r-space =  14.000000


                total energy =      -30.19541 Hartree a.u.
              kinetic energy =       11.14021 Hartree a.u.
        electrostatic energy =      -34.48016 Hartree a.u.
                         esr =        0.00180 Hartree a.u.
                       eself =       39.09634 Hartree a.u.
      pseudopotential energy =       -8.00942 Hartree a.u.
  n-l pseudopotential energy =        7.04220 Hartree a.u.
 exchange-correlation energy =       -5.67308 Hartree a.u.
           average potential =        0.00000 Hartree a.u.



   Eigenvalues (eV), kp =   1 , spin =  1

  -30.48  -26.35  -17.50  -15.93  -15.93  -13.27  -13.27
 
   Allocated memory (kb) =    214720
 
   CELL_PARAMETERS
   25.00000000    0.00000000    0.00000000
    0.00000000   25.00000000    0.00000000
    0.00000000    0.00000000   25.00000000

   System Density [g/cm^3] :     0.0508


   Center of mass square displacement (a.u.):   0.000000

   ATOMIC_POSITIONS
   Cl   0.000000E+00  0.000000E+00  0.190398E+01
   Cl   0.000000E+00  0.000000E+00 -0.190398E+01
 
   ATOMIC_VELOCITIES
   Cl   0.000000E+00  0.000000E+00  0.000000E+00
   Cl   0.000000E+00  0.000000E+00  0.000000E+00
 


   Partial temperatures (for each ionic specie) 
   Species  Temp (K)   Mean Square Displacement (a.u.)
        1       0.00     0.0000
 
  nfi    ekinc  temph  tempp        etot      enthal       econs       econt    vnhh   xnhh0    vnhp   xnhp0
  380 0.32E-03    0.0    0.0   -30.19541   -30.19541   -30.19541   -30.19509  0.0000  0.0000  0.0000  0.0000    -0.00001
  381 0.33E-03    0.0    0.0   -30.19551   -30.19551   -30.19551   -30.19517  0.0000  0.0000  0.0000  0.0000    -0.00001
  382 0.31E-03    0.0    0.0   -30.19556   -30.19556   -30.19556   -30.19525  0.0000  0.0000  0.0000  0.0000    -0.00001
  383 0.26E-03    0.0    0.0   -30.19559   -30.19559   -30.19559   -30.19533  0.0000  0.0000  0.0000  0.0000    -0.00001
  384 0.20E-03    0.0    0.0   -30.19562   -30.19562   -30.19562   -30.19541  0.0000  0.0000  0.0000  0.0000    -0.00001
  385 0.16E-03    0.0    0.0   -30.19566   -30.19566   -30.19566   -30.19550  0.0000  0.0000  0.0000  0.0000    -0.00001
  386 0.13E-03    0.0    0.0   -30.19571   -30.19571   -30.19571   -30.19558  0.0000  0.0000  0.0000  0.0000    -0.00001
  387 0.11E-03    0.0    0.0   -30.19577   -30.19577   -30.19577   -30.19565  0.0000  0.0000  0.0000  0.0000    -0.00001
  388 0.10E-03    0.0    0.0   -30.19584   -30.19584   -30.19584   -30.19573  0.0000  0.0000  0.0000  0.0000    -0.00001
  389 0.99E-04    0.0    0.0   -30.19594   -30.19594   -30.19594   -30.19584  0.0000  0.0000  0.0000  0.0000    -0.00001

 * Physical Quantities at step:   390

   from rhoofr: total integrated electronic density
   in g-space =   14.000000   in r-space =  14.000000


                total energy =      -30.19607 Hartree a.u.
              kinetic energy =       11.14395 Hartree a.u.
        electrostatic energy =      -34.47595 Hartree a.u.
                         esr =        0.00180 Hartree a.u.
                       eself =       39.09634 Hartree a.u.
      pseudopotential energy =       -8.00661 Hartree a.u.
  n-l pseudopotential energy =        7.03232 Hartree a.u.
 exchange-correlation energy =       -5.67170 Hartree a.u.
           average potential =        0.00000 Hartree a.u.



   Eigenvalues (eV), kp =   1 , spin =  1

  -30.53  -26.40  -17.55  -15.97  -15.97  -13.32  -13.32
 
   Allocated memory (kb) =    214720
 
   CELL_PARAMETERS
   25.00000000    0.00000000    0.00000000
    0.00000000   25.00000000    0.00000000
    0.00000000    0.00000000   25.00000000

   System Density [g/cm^3] :     0.0508


   Center of mass square displacement (a.u.):   0.000000

   ATOMIC_POSITIONS
   Cl   0.000000E+00  0.000000E+00  0.190398E+01
   Cl   0.000000E+00  0.000000E+00 -0.190398E+01
 
   ATOMIC_VELOCITIES
   Cl   0.000000E+00  0.000000E+00  0.000000E+00
   Cl   0.000000E+00  0.000000E+00  0.000000E+00
 


   Partial temperatures (for each ionic specie) 
   Species  Temp (K)   Mean Square Displacement (a.u.)
        1       0.00     0.0000
 
  nfi    ekinc  temph  tempp        etot      enthal       econs       econt    vnhh   xnhh0    vnhp   xnhp0
  390 0.10E-03    0.0    0.0   -30.19607   -30.19607   -30.19607   -30.19597  0.0000  0.0000  0.0000  0.0000    -0.00001
  391 0.11E-03    0.0    0.0   -30.19624   -30.19624   -30.19624   -30.19613  0.0000  0.0000  0.0000  0.0000    -0.00001
  392 0.11E-03    0.0    0.0   -30.19641   -30.19641   -30.19641   -30.19630  0.0000  0.0000  0.0000  0.0000    -0.00001
  393 0.10E-03    0.0    0.0   -30.19656   -30.19656   -30.19656   -30.19645  0.0000  0.0000  0.0000  0.0000    -0.00001
  394 0.88E-04    0.0    0.0   -30.19665   -30.19665   -30.19665   -30.19656  0.0000  0.0000  0.0000  0.0000    -0.00001
  395 0.71E-04    0.0    0.0   -30.19668   -30.19668   -30.19668   -30.19661  0.0000  0.0000  0.0000  0.0000    -0.00001
  396 0.55E-04    0.0    0.0   -30.19665   -30.19665   -30.19665   -30.19659  0.0000  0.0000  0.0000  0.0000    -0.00001
  397 0.43E-04    0.0    0.0   -30.19655   -30.19655   -30.19655   -30.19651  0.0000  0.0000  0.0000  0.0000    -0.00001
  398 0.37E-04    0.0    0.0   -30.19642   -30.19642   -30.19642   -30.19638  0.0000  0.0000  0.0000  0.0000    -0.00001
  399 0.35E-04    0.0    0.0   -30.19627   -30.19627   -30.19627   -30.19623  0.0000  0.0000  0.0000  0.0000    -0.00001

 * Physical Quantities at step:   400

   from rhoofr: total integrated electronic density
   in g-space =   14.000000   in r-space =  14.000000


                total energy =      -30.19612 Hartree a.u.
              kinetic energy =       11.13307 Hartree a.u.
        electrostatic energy =      -34.47105 Hartree a.u.
                         esr =        0.00180 Hartree a.u.
                       eself =       39.09634 Hartree a.u.
      pseudopotential energy =       -7.99609 Hartree a.u.
  n-l pseudopotential energy =        7.02380 Hartree a.u.
 exchange-correlation energy =       -5.67048 Hartree a.u.
           average potential =        0.00000 Hartree a.u.



   Eigenvalues (eV), kp =   1 , spin =  1

  -30.51  -26.39  -17.52  -15.95  -15.95  -13.30  -13.29
 
   Allocated memory (kb) =    214720
 
   CELL_PARAMETERS
   25.00000000    0.00000000    0.00000000
    0.00000000   25.00000000    0.00000000
    0.00000000    0.00000000   25.00000000

   System Density [g/cm^3] :     0.0508


   Center of mass square displacement (a.u.):   0.000000

   ATOMIC_POSITIONS
   Cl   0.000000E+00  0.000000E+00  0.190398E+01
   Cl   0.000000E+00  0.000000E+00 -0.190398E+01
 
   ATOMIC_VELOCITIES
   Cl   0.000000E+00  0.000000E+00  0.000000E+00
   Cl   0.000000E+00  0.000000E+00  0.000000E+00
 


   Partial temperatures (for each ionic specie) 
   Species  Temp (K)   Mean Square Displacement (a.u.)
        1       0.00     0.0000
 
  nfi    ekinc  temph  tempp        etot      enthal       econs       econt    vnhh   xnhh0    vnhp   xnhp0
  400 0.36E-04    0.0    0.0   -30.19612   -30.19612   -30.19612   -30.19608  0.0000  0.0000  0.0000  0.0000    -0.00001

   writing restart file: ./SCRATCH/clorine_95.save
   restart file written in    0.581 sec.

  401 0.37E-04    0.0    0.0   -30.19600   -30.19600   -30.19600   -30.19596  0.0000  0.0000  0.0000  0.0000    -0.00001
  402 0.37E-04    0.0    0.0   -30.19592   -30.19592   -30.19592   -30.19588  0.0000  0.0000  0.0000  0.0000    -0.00001
  403 0.35E-04    0.0    0.0   -30.19589   -30.19589   -30.19589   -30.19586  0.0000  0.0000  0.0000  0.0000    -0.00001
  404 0.31E-04    0.0    0.0   -30.19592   -30.19592   -30.19592   -30.19588  0.0000  0.0000  0.0000  0.0000    -0.00001
  405 0.27E-04    0.0    0.0   -30.19598   -30.19598   -30.19598   -30.19595  0.0000  0.0000  0.0000  0.0000    -0.00001
  406 0.22E-04    0.0    0.0   -30.19606   -30.19606   -30.19606   -30.19604  0.0000  0.0000  0.0000  0.0000    -0.00001
  407 0.18E-04    0.0    0.0   -30.19616   -30.19616   -30.19616   -30.19614  0.0000  0.0000  0.0000  0.0000    -0.00001
  408 0.15E-04    0.0    0.0   -30.19626   -30.19626   -30.19626   -30.19624  0.0000  0.0000  0.0000  0.0000    -0.00001
  409 0.13E-04    0.0    0.0   -30.19633   -30.19633   -30.19633   -30.19632  0.0000  0.0000  0.0000  0.0000    -0.00001

 * Physical Quantities at step:   410

   from rhoofr: total integrated electronic density
   in g-space =   14.000000   in r-space =  14.000000


                total energy =      -30.19638 Hartree a.u.
              kinetic energy =       11.13641 Hartree a.u.
        electrostatic energy =      -34.47192 Hartree a.u.
                         esr =        0.00180 Hartree a.u.
                       eself =       39.09634 Hartree a.u.
      pseudopotential energy =       -7.99829 Hartree a.u.
  n-l pseudopotential energy =        7.02602 Hartree a.u.
 exchange-correlation energy =       -5.67125 Hartree a.u.
           average potential =        0.00000 Hartree a.u.



   Eigenvalues (eV), kp =   1 , spin =  1

  -30.52  -26.40  -17.53  -15.96  -15.96  -13.31  -13.31
 
   Allocated memory (kb) =    214720
 
   CELL_PARAMETERS
   25.00000000    0.00000000    0.00000000
    0.00000000   25.00000000    0.00000000
    0.00000000    0.00000000   25.00000000

   System Density [g/cm^3] :     0.0508


   Center of mass square displacement (a.u.):   0.000000

   ATOMIC_POSITIONS
   Cl   0.000000E+00  0.000000E+00  0.190398E+01
   Cl   0.000000E+00  0.000000E+00 -0.190398E+01
 
   ATOMIC_VELOCITIES
   Cl   0.000000E+00  0.000000E+00  0.000000E+00
   Cl   0.000000E+00  0.000000E+00  0.000000E+00
 


   Partial temperatures (for each ionic specie) 
   Species  Temp (K)   Mean Square Displacement (a.u.)
        1       0.00     0.0000
 
  nfi    ekinc  temph  tempp        etot      enthal       econs       econt    vnhh   xnhh0    vnhp   xnhp0
  410 0.12E-04    0.0    0.0   -30.19638   -30.19638   -30.19638   -30.19637  0.0000  0.0000  0.0000  0.0000    -0.00001
  411 0.12E-04    0.0    0.0   -30.19642   -30.19642   -30.19642   -30.19640  0.0000  0.0000  0.0000  0.0000    -0.00001
  412 0.12E-04    0.0    0.0   -30.19643   -30.19643   -30.19643   -30.19642  0.0000  0.0000  0.0000  0.0000    -0.00001
  413 0.12E-04    0.0    0.0   -30.19642   -30.19642   -30.19642   -30.19641  0.0000  0.0000  0.0000  0.0000    -0.00001
  414 0.12E-04    0.0    0.0   -30.19641   -30.19641   -30.19641   -30.19640  0.0000  0.0000  0.0000  0.0000    -0.00001
  415 0.11E-04    0.0    0.0   -30.19640   -30.19640   -30.19640   -30.19638  0.0000  0.0000  0.0000  0.0000    -0.00001
  416 0.91E-05    0.0    0.0   -30.19638   -30.19638   -30.19638   -30.19637  0.0000  0.0000  0.0000  0.0000    -0.00001
  417 0.73E-05    0.0    0.0   -30.19636   -30.19636   -30.19636   -30.19635  0.0000  0.0000  0.0000  0.0000    -0.00001
  418 0.58E-05    0.0    0.0   -30.19634   -30.19634   -30.19634   -30.19634  0.0000  0.0000  0.0000  0.0000    -0.00001
  419 0.49E-05    0.0    0.0   -30.19633   -30.19633   -30.19633   -30.19632  0.0000  0.0000  0.0000  0.0000    -0.00001

 * Physical Quantities at step:   420

   from rhoofr: total integrated electronic density
   in g-space =   14.000000   in r-space =  14.000000


                total energy =      -30.19631 Hartree a.u.
              kinetic energy =       11.13535 Hartree a.u.
        electrostatic energy =      -34.47164 Hartree a.u.
                         esr =        0.00180 Hartree a.u.
                       eself =       39.09634 Hartree a.u.
      pseudopotential energy =       -7.99856 Hartree a.u.
  n-l pseudopotential energy =        7.02572 Hartree a.u.
 exchange-correlation energy =       -5.67076 Hartree a.u.
           average potential =        0.00000 Hartree a.u.



   Eigenvalues (eV), kp =   1 , spin =  1

  -30.52  -26.40  -17.53  -15.96  -15.96  -13.30  -13.30
 
   Allocated memory (kb) =    214720
 
   CELL_PARAMETERS
   25.00000000    0.00000000    0.00000000
    0.00000000   25.00000000    0.00000000
    0.00000000    0.00000000   25.00000000

   System Density [g/cm^3] :     0.0508


   Center of mass square displacement (a.u.):   0.000000

   ATOMIC_POSITIONS
   Cl   0.000000E+00  0.000000E+00  0.190398E+01
   Cl   0.000000E+00  0.000000E+00 -0.190398E+01
 
   ATOMIC_VELOCITIES
   Cl   0.000000E+00  0.000000E+00  0.000000E+00
   Cl   0.000000E+00  0.000000E+00  0.000000E+00
 


   Partial temperatures (for each ionic specie) 
   Species  Temp (K)   Mean Square Displacement (a.u.)
        1       0.00     0.0000
 
  nfi    ekinc  temph  tempp        etot      enthal       econs       econt    vnhh   xnhh0    vnhp   xnhp0
  420 0.46E-05    0.0    0.0   -30.19631   -30.19631   -30.19631   -30.19631  0.0000  0.0000  0.0000  0.0000    -0.00001
  421 0.45E-05    0.0    0.0   -30.19630   -30.19630   -30.19630   -30.19629  0.0000  0.0000  0.0000  0.0000    -0.00001
  422 0.45E-05    0.0    0.0   -30.19628   -30.19628   -30.19628   -30.19628  0.0000  0.0000  0.0000  0.0000    -0.00001
  423 0.44E-05    0.0    0.0   -30.19626   -30.19626   -30.19626   -30.19626  0.0000  0.0000  0.0000  0.0000    -0.00001
  424 0.42E-05    0.0    0.0   -30.19625   -30.19625   -30.19625   -30.19624  0.0000  0.0000  0.0000  0.0000    -0.00001
  425 0.40E-05    0.0    0.0   -30.19624   -30.19624   -30.19624   -30.19624  0.0000  0.0000  0.0000  0.0000    -0.00001
  426 0.35E-05    0.0    0.0   -30.19624   -30.19624   -30.19624   -30.19623  0.0000  0.0000  0.0000  0.0000    -0.00001
  427 0.30E-05    0.0    0.0   -30.19624   -30.19624   -30.19624   -30.19624  0.0000  0.0000  0.0000  0.0000    -0.00001
  428 0.24E-05    0.0    0.0   -30.19625   -30.19625   -30.19625   -30.19625  0.0000  0.0000  0.0000  0.0000    -0.00001
  429 0.20E-05    0.0    0.0   -30.19627   -30.19627   -30.19627   -30.19626  0.0000  0.0000  0.0000  0.0000    -0.00001

 * Physical Quantities at step:   430

   from rhoofr: total integrated electronic density
   in g-space =   14.000000   in r-space =  14.000000


                total energy =      -30.19629 Hartree a.u.
              kinetic energy =       11.13569 Hartree a.u.
        electrostatic energy =      -34.47142 Hartree a.u.
                         esr =        0.00180 Hartree a.u.
                       eself =       39.09634 Hartree a.u.
      pseudopotential energy =       -7.99816 Hartree a.u.
  n-l pseudopotential energy =        7.02544 Hartree a.u.
 exchange-correlation energy =       -5.67094 Hartree a.u.
           average potential =        0.00000 Hartree a.u.



   Eigenvalues (eV), kp =   1 , spin =  1

  -30.52  -26.40  -17.53  -15.96  -15.96  -13.31  -13.31
 
   Allocated memory (kb) =    214720
 
   CELL_PARAMETERS
   25.00000000    0.00000000    0.00000000
    0.00000000   25.00000000    0.00000000
    0.00000000    0.00000000   25.00000000

   System Density [g/cm^3] :     0.0508


   Center of mass square displacement (a.u.):   0.000000

   ATOMIC_POSITIONS
   Cl   0.000000E+00  0.000000E+00  0.190398E+01
   Cl   0.000000E+00  0.000000E+00 -0.190398E+01
 
   ATOMIC_VELOCITIES
   Cl   0.000000E+00  0.000000E+00  0.000000E+00
   Cl   0.000000E+00  0.000000E+00  0.000000E+00
 


   Partial temperatures (for each ionic specie) 
   Species  Temp (K)   Mean Square Displacement (a.u.)
        1       0.00     0.0000
 
  nfi    ekinc  temph  tempp        etot      enthal       econs       econt    vnhh   xnhh0    vnhp   xnhp0
  430 0.17E-05    0.0    0.0   -30.19629   -30.19629   -30.19629   -30.19629  0.0000  0.0000  0.0000  0.0000    -0.00001
  431 0.17E-05    0.0    0.0   -30.19631   -30.19631   -30.19631   -30.19631  0.0000  0.0000  0.0000  0.0000    -0.00001
  432 0.16E-05    0.0    0.0   -30.19633   -30.19633   -30.19633   -30.19633  0.0000  0.0000  0.0000  0.0000    -0.00001
  433 0.16E-05    0.0    0.0   -30.19635   -30.19635   -30.19635   -30.19634  0.0000  0.0000  0.0000  0.0000    -0.00001
  434 0.16E-05    0.0    0.0   -30.19636   -30.19636   -30.19636   -30.19636  0.0000  0.0000  0.0000  0.0000    -0.00001
  435 0.15E-05    0.0    0.0   -30.19636   -30.19636   -30.19636   -30.19636  0.0000  0.0000  0.0000  0.0000    -0.00001
  436 0.14E-05    0.0    0.0   -30.19636   -30.19636   -30.19636   -30.19636  0.0000  0.0000  0.0000  0.0000    -0.00001

   MAIN:          EKINC   (thr)          DETOT   (thr)       MAXFORCE   (thr)
   MAIN:   0.135738D-05  0.1D-04  0.159655D-06  0.1D-05  0.000000D+00  0.1D+11
   MAIN: convergence achieved for system relaxation

 * Physical Quantities at step:   437
  437 0.12E-05    0.0    0.0   -30.19636   -30.19636   -30.19636   -30.19636  0.0000  0.0000  0.0000  0.0000    -0.00001

   writing restart file: ./SCRATCH/clorine_95.save
   restart file written in    0.511 sec.



   Averaged Physical Quantities
                      accomulated      this run
   ekinc         :        0.47762       0.00040 (AU)
   ekin          :       12.38205      11.13514 (AU)
   epot          :      -47.84605     -48.13861 (AU)
   total energy  :      -28.56606     -30.19281 (AU)
   temperature   :        0.00000       0.00000 (K )
   enthalpy      :      -28.56606     -30.19281 (AU)
   econs         :      -28.56606     -30.19281 (AU)
   pressure      :        0.00000       0.00000 (Gpa)
   volume        :    15625.00000   15625.00000 (AU)


     initialize   :     2.48s CPU
     total_time   :   357.06s CPU (      82 calls,   4.354 s avg)
     formf        :     0.10s CPU
     rhoofr       :    27.51s CPU (      82 calls,   0.336 s avg)
     vofrho       :    53.81s CPU (      82 calls,   0.656 s avg)
     dforce       :    26.02s CPU (     328 calls,   0.079 s avg)
     calphi       :     0.10s CPU (      82 calls,   0.001 s avg)
     ortho        :     0.57s CPU (      82 calls,   0.007 s avg)
     ortho_iter   :     0.02s CPU (      82 calls,   0.000 s avg)
     rsg          :     0.02s CPU (      82 calls,   0.000 s avg)
     rhoset       :     0.26s CPU (      82 calls,   0.003 s avg)
     updatc       :     0.37s CPU (      82 calls,   0.005 s avg)
     newd         :     0.00s CPU (      82 calls,   0.000 s avg)
     calbec       :     0.36s CPU (      83 calls,   0.004 s avg)
     prefor       :     0.18s CPU (      83 calls,   0.002 s avg)
     strucf       :     0.00s CPU
     nlsm1        :     0.36s CPU (     247 calls,   0.001 s avg)
     fft          :   196.85s CPU (    2710 calls,   0.073 s avg)
     ffts         :    12.10s CPU (     164 calls,   0.074 s avg)
     fftw         :    33.42s CPU (     984 calls,   0.034 s avg)
     cft3s        :   242.36s CPU (    3858 calls,   0.063 s avg)
     fft_scatter  :    55.78s CPU (    3858 calls,   0.014 s avg)
     nksic_drv    :   194.26s CPU (      82 calls,   2.369 s avg)
     nksic_orbrho :    28.38s CPU (     328 calls,   0.087 s avg)
     nksic_rhoref :    13.36s CPU (     574 calls,   0.023 s avg)
     nksic_eforce :    52.45s CPU (     328 calls,   0.160 s avg)
     nksic_corr   :   356.38s CPU
     nksic_corr_h :   356.38s CPU
 
 
     CP           :  6m 0.00s CPU time,     6m 1.22s wall time

 
   This run was terminated on:  18:24:38   8Dec2010            

=------------------------------------------------------------------------------=
   JOB DONE.
=------------------------------------------------------------------------------=
